06-21 03:07:18.606  2515  2515 D NoBackGesture: AllowGesture false cuz: ||||touch region not valid
06-21 03:07:18.606  4907  4907 V DeadZone: consuming errant click: (1064.0,0.0)
06-21 03:07:18.606  2515  2515 D NoBackGesture: current sysUiFlags: |||||||||||||||||allow_gesture|ime_visible||ime_switcher_showing|||||
06-21 03:07:18.606  2515  2515 D NoBackGesture: mAllowGesture: false ,isStylusEvent = false
06-21 03:07:18.606  1924  2227 D PowerManagerService: userActivityNoUpdateLocked: groupId=0, eventTime=274917829, event=2, flags=0x0, uid=1000
06-21 03:07:18.611  1084  1144 I libPowerHal: [perfLockRel] hdl:65471, idx:1
06-21 03:07:18.612  1084  1144 I libPowerHal: [PD] MTKPOWER_HINT_APP_TOUCH update cmd:3408600 param:0
06-21 03:07:18.614  1441  1441 D AALLightSensor: oldLux=8 [SA:6 LA:6] newLux=8 (oriLux: 6)
06-21 03:07:18.633  1063  1353 I hwcomposer: [HWC] (0)fire a callback of refresh to SF[4]  
06-21 03:07:18.643  1084  1101 I mtkpower@impl: [setMode] type:6, enabled:1
06-21 03:07:18.643  1084  1101 E mtkpower@impl: [setMode] unknown type
06-21 03:07:18.662  1084  1101 I mtkpower@impl: [setMode] type:6, enabled:0
06-21 03:07:18.662  1084  1101 E mtkpower@impl: [setMode] unknown type
06-21 03:07:18.662  1924  2087 D DpcExtImpl[0]: original brightness:803 final brightness:630.0 scale:0.78550667 reason:4 darkLevel:2
06-21 03:07:18.663  1441  1552 D AALCust : aal_backlight_bits, specialConfig:12
06-21 03:07:18.663  1924  2087 D DisplayPowerController[0]: Brightness [630.0] reason changing to: 'automatic [ auto_adj ]', previous reason: 'automatic'. id=local:0
06-21 03:07:18.663  1441  1552 D AAL     : onBacklightChanged: 644/1023 -> 643/1023(phy:643/4095)
06-21 03:07:18.663  1924  2087 I DisplayPowerController[0]: BrightnessEvent: disp=0, brt=630.0(user_set), rcmdBrt=NaN, preBrt=NaN, lux=0.0, preLux=0.0, hbmMax=1.0, hbmMode=off, thrmMax=1.0, flags=user_set , reason=automatic [ auto_adj ]
06-21 03:07:18.729  1063  1353 I hwcomposer: [HWC] (0)fire a callback of refresh to SF[4]  
06-21 03:07:18.741  1084  1101 I mtkpower@impl: [setMode] type:6, enabled:1
06-21 03:07:18.742  1084  1101 E mtkpower@impl: [setMode] unknown type
06-21 03:07:18.761  1165  1183 D ccci_mdinit: (1):monitor_time_update_thread round:14773 ########
06-21 03:07:18.781  1084  1101 I mtkpower@impl: [setMode] type:6, enabled:0
06-21 03:07:18.781  1084  1101 E mtkpower@impl: [setMode] unknown type
06-21 03:07:18.837  1924  2374 I Osense-DecisionMaker: notifyScene: OSENSE_ACTION_TOUCH_BOOST, to hw policy!
06-21 03:07:18.839  4907  4907 D OplusSystemUINavigationGesture: [GESTURE_BUTTON] swipe from 1
06-21 03:07:18.839  4907  4907 V DeadZone: consuming errant click: (1035.0,0.0)
06-21 03:07:18.839  4907  4907 V DeadZone: consuming errant click: (1035.0,0.0)
06-21 03:07:18.839  1924  2391 D OGG_Detector: D:done mCurrStatus: 0
06-21 03:07:18.840  2515  2515 D NoBackGesture: Start gesture: MotionEvent { action=ACTION_DOWN, actionButton=0, id[0]=0, x[0]=1035.0, y[0]=2268.0, toolType[0]=TOOL_TYPE_FINGER, buttonState=0, classification=NONE, metaState=0, flags=0x0, edgeFlags=0x0, pointerCount=1, historySize=0, eventTime=274918062, downTime=274918062, deviceId=4, source=0x1002, displayId=0, eventId=106670300 }
06-21 03:07:18.840  2515  2515 D NoBackGesture: AllowGesture false cuz: ||||touch region not valid
06-21 03:07:18.840  2515  2515 D NoBackGesture: current sysUiFlags: |||||||||||||||||allow_gesture|ime_visible||ime_switcher_showing|||||
06-21 03:07:18.840  2515  2515 D NoBackGesture: mAllowGesture: false ,isStylusEvent = false
06-21 03:07:18.840  1924  2227 D PowerManagerService: userActivityNoUpdateLocked: groupId=0, eventTime=274918062, event=2, flags=0x0, uid=1000
06-21 03:07:18.843  1084  1144 I libPowerHal: [perfLockRel] hdl:65472, idx:1
06-21 03:07:18.843  1084  1144 I libPowerHal: [PD] MTKPOWER_HINT_APP_TOUCH update cmd:3408600 param:0
06-21 03:07:18.925  1441  1552 D AAL     : 06-21 03:07:18.909 BL= 643,ESS= 256, 
06-21 03:07:19.033  1924  2374 I Osense-DecisionMaker: notifyScene: OSENSE_ACTION_TOUCH_BOOST, to hw policy!
06-21 03:07:19.035  4907  4907 D OplusSystemUINavigationGesture: [GESTURE_BUTTON] swipe from 1
06-21 03:07:19.036  2515  2515 D NoBackGesture: Start gesture: MotionEvent { action=ACTION_DOWN, actionButton=0, id[0]=0, x[0]=1032.0, y[0]=2247.0, toolType[0]=TOOL_TYPE_FINGER, buttonState=0, classification=NONE, metaState=0, flags=0x0, edgeFlags=0x0, pointerCount=1, historySize=0, eventTime=274918259, downTime=274918259, deviceId=4, source=0x1002, displayId=0, eventId=552246633 }
06-21 03:07:19.036  1924  2391 D OGG_Detector: D:done mCurrStatus: 0
06-21 03:07:19.036  2515  2515 D NoBackGesture: AllowGesture false cuz: ||||touch region not valid
06-21 03:07:19.036  2515  2515 D NoBackGesture: current sysUiFlags: |||||||||||||||||allow_gesture|ime_visible||ime_switcher_showing|||||
06-21 03:07:19.036  2515  2515 D NoBackGesture: mAllowGesture: false ,isStylusEvent = false
06-21 03:07:19.036  1924  4969 E SystemServiceRegistry: Manager wrapper not available: linearmotor
06-21 03:07:19.037  1924  4969 D SystemVibratorExtImpl: convertToLinearVibration uid = 10437, opPkg = com.amharic.keyboard.for.android, effect = Composed{segments=[Prebaked{effect=CLICK, strength=MEDIUM, fallback=true}], repeat=-1}, attributes = VibrationAttributes: Usage=TOUCH Audio Usage= USAGE_UNKNOWN Flags=0
06-21 03:07:19.037  1924  4969 D SystemVibratorExtImpl: no vibrator_lmvibrator or CTS vibration, do not convert
06-21 03:07:19.037  1924  4969 I VibratorManagerServiceExtImpl: vibrate is uid=10437, pid=1924, opPkg=com.amharic.keyboard.for.android, effect=Mono{mEffect=Composed{segments=[Prebaked{effect=CLICK, strength=MEDIUM, fallback=true}], repeat=-1}}, attributes=VibrationAttributes: Usage=TOUCH Audio Usage= USAGE_UNKNOWN Flags=0, token=258399913
06-21 03:07:19.037  1924  4969 D VibratorManagerServiceExtImpl: adaptImeVibration 'com.amharic.keyboard.for.android': Composed{segments=[Prebaked{effect=CLICK, strength=MEDIUM, fallback=true}], repeat=-1}, reason = null
06-21 03:07:19.038  1924  4969 D VibratorManagerServiceExtImpl: startCustomizeVibratorLocked id= 0,size=1
06-21 03:07:19.038  1924  4969 D VibratorManagerServiceExtImpl: startCustomizeVibratorLocked withCallback=false
06-21 03:07:19.038  1924  2227 D PowerManagerService: userActivityNoUpdateLocked: groupId=0, eventTime=274918259, event=2, flags=0x0, uid=1000
06-21 03:07:19.039  1090  1090 D Vibrator: Vibrator perform 1, 0
06-21 03:07:19.039  1090  1090 I Vibrator: Vibrator on for timeoutMs: 30
06-21 03:07:19.039  1090  1090 D Vibrator: mHoldMinDuration:0, timeoutMs:30
06-21 03:07:19.039  1090  1090 D Vibrator: Vibrator using LED trigger
06-21 03:07:19.040  1084  1144 I libPowerHal: [perfLockRel] hdl:65473, idx:1
06-21 03:07:19.041  1084  1144 I libPowerHal: [PD] MTKPOWER_HINT_APP_TOUCH update cmd:3408600 param:0
06-21 03:07:19.041  1924  2087 D DpcExtImpl[0]: original brightness:803 final brightness:630.0 scale:0.78550667 reason:4 darkLevel:2
06-21 03:07:19.042  1924  2087 D DisplayPowerController[0]: Brightness [630.0] reason changing to: 'automatic [ auto_adj ]', previous reason: 'automatic'. id=local:0
06-21 03:07:19.042  1924  2087 I DisplayPowerController[0]: BrightnessEvent: disp=0, brt=630.0, rcmdBrt=NaN, preBrt=NaN, lux=0.0, preLux=0.0, hbmMax=1.0, hbmMode=off, thrmMax=1.0, flags=, reason=automatic [ auto_adj ]
06-21 03:07:19.042  1441  1552 D AALCust : aal_backlight_bits, specialConfig:12
06-21 03:07:19.042  1441  1552 D AAL     : onBacklightChanged: 643/1023 -> 642/1023(phy:642/4095)
06-21 03:07:19.049  1924  2218 D OplusUIFirst_FB: com.amharic.keyboard.for.android moveToBack 4907
06-21 03:07:19.051  3430  3430 D HidDeviceService: handleMessage(): msg.what=8
06-21 03:07:19.052  1924  2008 W libprocessgroup: Failed to open /dev/blkio/background/cgroup.procs: No such file or directory
06-21 03:07:19.054  1924  2008 W libprocessgroup: Failed to open /dev/blkio/background/cgroup.procs: No such file or directory
06-21 03:07:19.057  1924  1951 V WindowStateExtImpl: notifyWindowStateChange input show
06-21 03:07:19.058  1146  1146 D OplusTouch: path = /proc/touchpanel/kernel_grip_handle,len = 8192
06-21 03:07:19.058  1924  1960 D ColorTouchNodeManagerService: isTouchNodeSupport, nodeFlag: 8, dId:0, result:-1
06-21 03:07:19.058  1924  5020 D OplusWindowManagerServiceEnhance: setInsetAnimationTid: pid 1634 tid 1634 enable true
06-21 03:07:19.058  1146  1146 D OplusTouch: path = /proc/touchpanel1/kernel_grip_handle,len = 8192
06-21 03:07:19.059  1924  1960 D ColorTouchNodeManagerService: isTouchNodeSupport, nodeFlag: 8, dId:1, result:-1
06-21 03:07:19.059  1924  4969 D OplusFullScreenDisplayManager: adjustWindowParamsLw com.amharic.keyboard.for.android, no change cutoutMode: 2
06-21 03:07:19.059  1924  4969 V WindowManager: Relayout Window{3564be0 u0 InputMethod}: viewVisibility=0, oldvis=0, req=1080x2290
06-21 03:07:19.066  4907  4907 D VRI[InputMethod]: registerCallbacksForSync syncBuffer=false
06-21 03:07:19.069  1924  1955 D AES     : AEEIOCTL_GET/SET_SF_STATE IOCTL,cmd= 1074294797, lParam=0. 
06-21 03:07:19.069  1924  1955 D AES     : AEEIOCTL_RT_MON_Kick IOCTL,cmd= 2147774474, lParam=300. 
06-21 03:07:19.070  1090  1090 D Vibrator: Vibrator off
06-21 03:07:19.070  1090  1090 D Vibrator: Vibrator using LED trigger
06-21 03:07:19.073  4907  6345 D VRI[InputMethod]: Received frameCommittedCallback lastAttemptedDrawFrameNum=33 didProduceBuffer=true syncBuffer=false
06-21 03:07:19.074  4907  4907 D VRI[InputMethod]: draw finished.
06-21 03:07:19.075  4907  6345 I GED     : ged_boost_gpu_freq, level 100, eOrigin 2, final_idx 42, oppidx_max 42, oppidx_min 0
06-21 03:07:19.159  1924  2374 I Osense-DecisionMaker: notifyScene: OSENSE_ACTION_TOUCH_BOOST, to hw policy!
06-21 03:07:19.160  4907  4907 D OplusSystemUINavigationGesture: [GESTURE_BUTTON] swipe from 1
06-21 03:07:19.161  1924  2227 D PowerManagerService: userActivityNoUpdateLocked: groupId=0, eventTime=274918385, event=2, flags=0x0, uid=1000
06-21 03:07:19.161  1924  1948 D TheiaRestorer: reportPointerEvent: MotionEvent { action=ACTION_DOWN, actionButton=0, id[0]=0, x[0]=1030.0, y[0]=2222.0, toolType[0]=TOOL_TYPE_FINGER, buttonState=0, classification=NONE, metaState=0, flags=0x0, edgeFlags=0x0, pointerCount=1, historySize=0, eventTime=274918385, downTime=274918385, deviceId=4, source=0x1002, displayId=0, eventId=497448524 }
06-21 03:07:19.161  1924  2391 D OGG_Detector: D:done mCurrStatus: 0
06-21 03:07:19.163  2515  2515 D NoBackGesture: Start gesture: MotionEvent { action=ACTION_DOWN, actionButton=0, id[0]=0, x[0]=1030.0, y[0]=2222.0, toolType[0]=TOOL_TYPE_FINGER, buttonState=0, classification=NONE, metaState=0, flags=0x0, edgeFlags=0x0, pointerCount=1, historySize=0, eventTime=274918385, downTime=274918385, deviceId=4, source=0x1002, displayId=0, eventId=497448524 }
06-21 03:07:19.163  1924  4969 E SystemServiceRegistry: Manager wrapper not available: linearmotor
06-21 03:07:19.163  1924  4969 D SystemVibratorExtImpl: convertToLinearVibration uid = 10437, opPkg = com.amharic.keyboard.for.android, effect = Composed{segments=[Prebaked{effect=CLICK, strength=MEDIUM, fallback=true}], repeat=-1}, attributes = VibrationAttributes: Usage=TOUCH Audio Usage= USAGE_UNKNOWN Flags=0
06-21 03:07:19.163  1924  4969 D SystemVibratorExtImpl: no vibrator_lmvibrator or CTS vibration, do not convert
06-21 03:07:19.163  1924  4969 I VibratorManagerServiceExtImpl: vibrate is uid=10437, pid=1924, opPkg=com.amharic.keyboard.for.android, effect=Mono{mEffect=Composed{segments=[Prebaked{effect=CLICK, strength=MEDIUM, fallback=true}], repeat=-1}}, attributes=VibrationAttributes: Usage=TOUCH Audio Usage= USAGE_UNKNOWN Flags=0, token=258399913
06-21 03:07:19.163  1924  4969 D VibratorManagerServiceExtImpl: adaptImeVibration 'com.amharic.keyboard.for.android': Composed{segments=[Prebaked{effect=CLICK, strength=MEDIUM, fallback=true}], repeat=-1}, reason = null
06-21 03:07:19.163  1924  4969 E VibratorManagerService: Ignoring incoming vibration as process with uid= 10437 is background, attrs= VibrationAttributes: Usage=TOUCH Audio Usage= USAGE_UNKNOWN Flags=0
06-21 03:07:19.164  2515  2515 D NoBackGesture: mAllowGesture: true ,isStylusEvent = false
06-21 03:07:19.206  1924  2087 D DpcExtImpl[0]: original brightness:803 final brightness:630.0 scale:0.78550667 reason:4 darkLevel:2
06-21 03:07:19.206  1924  2087 D DisplayPowerController[0]: Brightness [630.0] reason changing to: 'automatic [ auto_adj ]', previous reason: 'automatic'. id=local:0
06-21 03:07:19.206  1924  2087 I DisplayPowerController[0]: BrightnessEvent: disp=0, brt=630.0(user_set), rcmdBrt=NaN, preBrt=NaN, lux=0.0, preLux=0.0, hbmMax=1.0, hbmMode=off, thrmMax=1.0, flags=user_set , reason=automatic [ auto_adj ]
06-21 03:07:19.207  1924  5020 I mtkpower_client: perf_lock_acq, hdl:63489, dur:3000, num:2, tid:5020
06-21 03:07:19.207  1924  5020 I mtkpower_client: ret_hdl:65475
06-21 03:07:19.208  1084  1144 I libPowerHal: [touch_boost_enabled] value:0
06-21 03:07:19.208  1924  2218 I mtkpower_client: perf_lock_rel, hdl:65475, tid:2218
06-21 03:07:19.208  1924  5020 I mtkpower_client: perf_lock_acq, hdl:65475, dur:3000, num:4, tid:5020
06-21 03:07:19.208  1084  1100 I mtkpower@impl: [check_work_req] i:0, msg:1 hdl:65475, wait
06-21 03:07:19.209  1084  1144 I libPowerHal: [perfLockRel] hdl:65475, idx:2
06-21 03:07:19.209  1084  1144 I libPowerHal: [touch_boost_enabled] value:-1
06-21 03:07:19.209  1084  1144 I libPowerHal: [PD] system_server update cmd:3408500 param:-1
06-21 03:07:19.211  1924  5020 I mtkpower_client: ret_hdl:65476
06-21 03:07:19.211  1084  1144 I libPowerHal: [fpsgo_ctrl_render_thread] 6345, 0xb400007a7dc0f980
06-21 03:07:19.211  1924  5020 I mtkpower_client: perf_lock_rel, hdl:65476, tid:5020
06-21 03:07:19.211  1084  1144 E libPowerHal: Could not open '/sys/kernel/fpsgo/fstb/set_ui_ctrl'
06-21 03:07:19.211  1084  1144 E libPowerHal: error : 2, No such file or directory
06-21 03:07:19.212  1084  1144 I libPowerHal: MTKPOWER_HINT_UX_MOVE_SCROLLING: cpu_ctrl set cpu freq: -1 -1 600000 -1
06-21 03:07:19.212  1084  1144 I libPowerHal: [perfLockRel] hdl:65476, idx:2
06-21 03:07:19.213  1084  1144 I libPowerHal: [fpsgo_ctrl_render_thread] 6345, 0xb400007a7dc0f980
06-21 03:07:19.213  1084  1144 E libPowerHal: Could not open '/sys/kernel/fpsgo/fstb/set_ui_ctrl'
06-21 03:07:19.213  1084  1144 E libPowerHal: error : 2, No such file or directory
06-21 03:07:19.213  1084  1144 I libPowerHal: [PD] system_server update ONESHOT cmd:2000300 param:6345
06-21 03:07:19.218  1441  1552 D AALCust : aal_backlight_bits, specialConfig:12
06-21 03:07:19.218  1441  1552 D AAL     : onBacklightChanged: 642/1023 -> 641/1023(phy:641/4095)
06-21 03:07:19.230  1084  1144 I libPowerHal: [perfLockRel] hdl:65474, idx:1
06-21 03:07:19.230  1084  1144 I libPowerHal: [PD] MTKPOWER_HINT_APP_TOUCH update cmd:3408600 param:0
06-21 03:07:19.231  2515  2515 D NoBackGesture: Gesture ACTION_UP: inYTouchRegion = true, state = 1
06-21 03:07:19.231  1084  1144 I libPowerHal: [perfLockRel] hdl:65477, idx:3
06-21 03:07:19.232  1084  1144 I libPowerHal: MTKPOWER_HINT_UX_MOVE_SCROLLING: cpu_ctrl set cpu freq: -1 -1 -1 -1
06-21 03:07:19.232  1084  1144 I libPowerHal: [PD] MTKPOWER_HINT_UX_MOVE_SCROLLING update cmd:1408300 param:0
06-21 03:07:19.262  1924  5020 I mtkpower_client: perf_lock_acq, hdl:65476, dur:3000, num:4, tid:5020
06-21 03:07:19.263  1924  5020 I mtkpower_client: ret_hdl:65478
06-21 03:07:19.263  1084  1144 I libPowerHal: [fpsgo_ctrl_render_thread] -6345, 0xb400007a7dc0ea20
06-21 03:07:19.263  1084  1144 E libPowerHal: Could not open '/sys/kernel/fpsgo/fstb/set_ui_ctrl'
06-21 03:07:19.263  1084  1144 E libPowerHal: error : 2, No such file or directory
06-21 03:07:19.264  1924  2218 I mtkpower_client: perf_lock_rel, hdl:65478, tid:2218
06-21 03:07:19.264  1084  1144 I libPowerHal: [perfLockRel] hdl:65478, idx:1
06-21 03:07:19.265  1084  1144 I libPowerHal: [fpsgo_ctrl_render_thread] -6345, 0xb400007a7dc0ea20
06-21 03:07:19.265  1084  1144 E libPowerHal: Could not open '/sys/kernel/fpsgo/fstb/set_ui_ctrl'
06-21 03:07:19.265  1084  1144 E libPowerHal: error : 2, No such file or directory
06-21 03:07:19.265  1084  1144 I libPowerHal: [PD] system_server update ONESHOT cmd:2000300 param:-6345
06-21 03:07:19.308  1924  2087 D DpcExtImpl[0]: original brightness:803 final brightness:630.0 scale:0.78550667 reason:4 darkLevel:2
06-21 03:07:19.308  1924  2087 D DisplayPowerController[0]: Brightness [630.0] reason changing to: 'automatic [ auto_adj ]', previous reason: 'automatic'. id=local:0
06-21 03:07:19.309  1924  2087 I DisplayPowerController[0]: BrightnessEvent: disp=0, brt=630.0(user_set), rcmdBrt=NaN, preBrt=NaN, lux=0.0, preLux=0.0, hbmMax=1.0, hbmMode=off, thrmMax=1.0, flags=user_set , reason=automatic [ auto_adj ]
06-21 03:07:19.315  1441  1552 D AALCust : aal_backlight_bits, specialConfig:12
06-21 03:07:19.316  1441  1552 D AAL     : onBacklightChanged: 641/1023 -> 640/1023(phy:640/4095)
06-21 03:07:19.335  1924  5020 I mtkpower_client: perf_lock_acq, hdl:63490, dur:0, num:2, tid:5020
06-21 03:07:19.336  1924  5020 I mtkpower_client: ret_hdl:65479
06-21 03:07:19.337  1924  5020 I mtkpower_client: perf_lock_rel, hdl:65479, tid:5020
06-21 03:07:19.339  1084  1144 I libPowerHal: [perfLockRel] hdl:65479, idx:1
06-21 03:07:19.340  1084  1144 I libPowerHal: [PD] system_server update cmd:2004200 param:0
06-21 03:07:19.363  1924  2374 I Osense-DecisionMaker: notifyScene: OSENSE_ACTION_TOUCH_BOOST, to hw policy!
06-21 03:07:19.364  1634  1634 D OplusSystemUINavigationGesture: [GESTURE_BUTTON] swipe from 1
06-21 03:07:19.365  1634  1634 D OplusSystemUINavigationGesture: [GESTURE_BUTTON] Hit Gesture Region !
06-21 03:07:19.365  2515  2515 D NoBackGesture: Start gesture: MotionEvent { action=ACTION_DOWN, actionButton=0, id[0]=0, x[0]=1018.0, y[0]=2212.0, toolType[0]=TOOL_TYPE_FINGER, buttonState=0, classification=NONE, metaState=0, flags=0x0, edgeFlags=0x0, pointerCount=1, historySize=0, eventTime=274918589, downTime=274918589, deviceId=4, source=0x1002, displayId=0, eventId=1060119827 }
06-21 03:07:19.365  1924  2391 D OGG_Detector: D:done mCurrStatus: 0
06-21 03:07:19.366  1924  2227 D PowerManagerService: userActivityNoUpdateLocked: groupId=0, eventTime=274918589, event=2, flags=0x0, uid=1000
06-21 03:07:19.366  1924  1948 D TheiaRestorer: reportPointerEvent: MotionEvent { action=ACTION_DOWN, actionButton=0, id[0]=0, x[0]=1018.0, y[0]=2212.0, toolType[0]=TOOL_TYPE_FINGER, buttonState=0, classification=NONE, metaState=0, flags=0x0, edgeFlags=0x0, pointerCount=1, historySize=0, eventTime=274918589, downTime=274918589, deviceId=4, source=0x1002, displayId=0, eventId=1060119827 }
06-21 03:07:19.368  1924  2218 D OplusWindowManagerServiceEnhance: setInsetAnimationTid: pid 1634 tid 1634 enable false
06-21 03:07:19.371  1924  2218 D InputMethodManagerService: isSecurity: attribute.packageName=com.ethiomed.ethiomed mCurMethodId=com.amharic.keyboard.for.android/com.example.android.softkeyboard.SoftKeyboard
06-21 03:07:19.372  1924  2218 D InputMethodManagerService: isSecurity= false (  enable=false needShow=false inBlackList=false isExist=true )
06-21 03:07:19.381  2515  2515 D NoBackGesture: mAllowGesture: true ,isStylusEvent = false
06-21 03:07:19.406  1084  1144 I libPowerHal: [perfLockRel] hdl:65480, idx:1
06-21 03:07:19.406  2515  2515 D NoBackGesture: Gesture ACTION_UP: inYTouchRegion = true, state = 1
06-21 03:07:19.408  1084  1144 I libPowerHal: [PD] MTKPOWER_HINT_APP_TOUCH update cmd:3408600 param:0
06-21 03:07:19.495  1441  1552 D AAL     : 06-21 03:07:19.234 BL= 642,ESS= 256, 06-21 03:07:19.365 BL= 641,ESS= 256, 06-21 03:07:19.479 BL= 640,ESS= 256, 
06-21 03:07:19.665  6579 21576 I AudioEffect: command() 0xb400007646053400, cmdCode = 5
06-21 03:07:19.666  1056  1119 I EffectsFactory: Effect_Command(): self = 0xe3eb5280, cmdCode = 5
06-21 03:07:19.699  7202  7232 D OpenGLRenderer: SkiaOpenGLPipeline::setSurface: this=0xb4000075bc94e700, surface=NULL
06-21 03:07:19.715  1924  2087 D DpcExtImpl[0]: original brightness:803 final brightness:630.0 scale:0.78550667 reason:4 darkLevel:2
06-21 03:07:19.716  1924  2087 D DisplayPowerController[0]: Brightness [630.0] reason changing to: 'automatic [ auto_adj ]', previous reason: 'automatic'. id=local:0
06-21 03:07:19.716  1924  2087 I DisplayPowerController[0]: BrightnessEvent: disp=0, brt=630.0(user_set), rcmdBrt=NaN, preBrt=NaN, lux=0.0, preLux=0.0, hbmMax=1.0, hbmMode=off, thrmMax=1.0, flags=user_set , reason=automatic [ auto_adj ]
06-21 03:07:19.723  1441  1552 D AALCust : aal_backlight_bits, specialConfig:12
06-21 03:07:19.723  1441  1552 D AAL     : onBacklightChanged: 640/1023 -> 639/1023(phy:639/4095)
06-21 03:07:19.765  1924  2087 D DpcExtImpl[0]: original brightness:803 final brightness:630.0 scale:0.78550667 reason:4 darkLevel:2
06-21 03:07:19.766  1924  2087 D DisplayPowerController[0]: Brightness [630.0] reason changing to: 'automatic [ auto_adj ]', previous reason: 'automatic'. id=local:0
06-21 03:07:19.766  1924  2087 I DisplayPowerController[0]: BrightnessEvent: disp=0, brt=630.0(user_set), rcmdBrt=NaN, preBrt=NaN, lux=0.0, preLux=0.0, hbmMax=1.0, hbmMode=off, thrmMax=1.0, flags=user_set , reason=automatic [ auto_adj ]
06-21 03:07:19.772  1441  1552 D AALCust : aal_backlight_bits, specialConfig:12
06-21 03:07:19.772  1441  1552 D AAL     : onBacklightChanged: 639/1023 -> 637/1023(phy:637/4095)
06-21 03:07:19.837  1441  1552 D AAL     : 06-21 03:07:19.772 BL= 639,ESS= 256, 06-21 03:07:19.805 BL= 638,ESS= 256, 06-21 03:07:19.821 BL= 637,ESS= 256, 
06-21 03:07:19.885  1924  2087 D DpcExtImpl[0]: original brightness:803 final brightness:630.0 scale:0.78550667 reason:4 darkLevel:2
06-21 03:07:19.885  1924  2087 D DisplayPowerController[0]: Brightness [630.0] reason changing to: 'automatic [ auto_adj ]', previous reason: 'automatic'. id=local:0
06-21 03:07:19.886  1924  2087 I DisplayPowerController[0]: BrightnessEvent: disp=0, brt=630.0(user_set), rcmdBrt=NaN, preBrt=NaN, lux=0.0, preLux=0.0, hbmMax=1.0, hbmMode=off, thrmMax=1.0, flags=user_set , reason=automatic [ auto_adj ]
06-21 03:07:19.886  1441  1552 D AALCust : aal_backlight_bits, specialConfig:12
06-21 03:07:19.886  1441  1552 D AAL     : onBacklightChanged: 637/1023 -> 636/1023(phy:636/4095)
06-21 03:07:19.897  4907  4907 D OpenGLRenderer: RenderProxy::destroy: this=0xb4000075b17dd400, mContext=0xb4000075c9aefcc0
06-21 03:07:19.897  4907  6345 D OpenGLRenderer: SkiaOpenGLPipeline::setSurface: this=0xb4000075cb05bf00, surface=NULL
06-21 03:07:19.903  1924 17326 D OplusFullScreenDisplayManager: adjustWindowParamsLw com.amharic.keyboard.for.android, no change cutoutMode: 2
06-21 03:07:19.903  1924 17326 V WindowManager: Relayout Window{3564be0 u0 InputMethod}: viewVisibility=8, oldvis=0, req=1080x2290
06-21 03:07:19.904  1924 17326 I WindowManager: Window{3564be0 u0 InputMethod} state from HAS_DRAWN to NO_SURFACE; reason: destroySurface
06-21 03:07:19.909  1158  1158 D Layer   : reparent to null sequence=29620, seq[4], name=InputMethod#29620
06-21 03:07:19.923  4907  4907 D BLASTBufferQueue: [VRI[InputMethod][InputMethod]#270](f:0,a:1) destructor()
06-21 03:07:19.923  4907  4907 D BufferQueueConsumer: [VRI[InputMethod][InputMethod]#270(BLAST Consumer)270](id:132b0000010e,api:0,p:-1,c:4907) disconnect
06-21 03:07:19.941  1158  1158 I BufferQueueDebug: [InputMethod#29620](this:0xb400007d19bac9e8,id:-1,api:0,p:-1,c:1158) onDestructor()
06-21 03:07:19.944  1924  2087 D DpcExtImpl[0]: original brightness:803 final brightness:630.0 scale:0.78550667 reason:4 darkLevel:2
06-21 03:07:19.944  1924  2087 D DisplayPowerController[0]: Brightness [630.0] reason changing to: 'automatic [ auto_adj ]', previous reason: 'automatic'. id=local:0
06-21 03:07:19.944  1924  2087 I DisplayPowerController[0]: BrightnessEvent: disp=0, brt=630.0(user_set), rcmdBrt=NaN, preBrt=NaN, lux=0.0, preLux=0.0, hbmMax=1.0, hbmMode=off, thrmMax=1.0, flags=user_set , reason=automatic [ auto_adj ]
06-21 03:07:19.951  1441  1552 D AALCust : aal_backlight_bits, specialConfig:12
06-21 03:07:19.951  1441  1552 D AAL     : onBacklightChanged: 636/1023 -> 635/1023(phy:635/4095)
06-21 03:07:20.015  1924  2087 I OplusSmartBrightnessController: deltaLux = 0.03652668, scale = 1.0020678
06-21 03:07:20.016  1924  2089 D OplusSmartBrightnessController: handleMessage MSG_LUX_CHANGED, mLux:6.7167177 luxQueue=[6.7123914, 6.713918, 6.7208176, 6.7182655, 6.716728, 6.7161546, 6.7163734, 6.717037, 6.7175574, 6.717014, 6.716805]
06-21 03:07:20.016  1441  1552 D AALCust : aal_backlight_bits, specialConfig:12
06-21 03:07:20.016  1924  2087 D DpcExtImpl[0]: original brightness:803 final brightness:630.0 scale:0.78550667 reason:4 darkLevel:2
06-21 03:07:20.016  1441  1552 D AAL     : onBacklightChanged: 635/1023 -> 634/1023(phy:634/4095)
06-21 03:07:20.017  1924  2087 D DisplayPowerController[0]: Brightness [630.0] reason changing to: 'automatic [ auto_adj ]', previous reason: 'automatic'. id=local:0
06-21 03:07:20.017  1924  2087 I DisplayPowerController[0]: BrightnessEvent: disp=0, brt=630.0, rcmdBrt=NaN, preBrt=NaN, lux=0.0, preLux=0.0, hbmMax=1.0, hbmMode=off, thrmMax=1.0, flags=, reason=automatic [ auto_adj ]
06-21 03:07:20.025  1924  4969 I mtkpower_client: perf_lock_acq, hdl:65479, dur:0, num:2, tid:4969
06-21 03:07:20.026  1924  4969 I mtkpower_client: ret_hdl:65481
06-21 03:07:20.026  1924  4969 I mtkpower_client: perf_lock_rel, hdl:65481, tid:4969
06-21 03:07:20.028  1084  1144 I libPowerHal: [perfLockRel] hdl:65481, idx:1
06-21 03:07:20.028  1084  1144 I libPowerHal: [PD] system_server update cmd:2004200 param:0
06-21 03:07:20.062  1084  1136 I libPowerHal: [updateFPS] pid(1634) : -1 => 60
06-21 03:07:20.063  1084  1144 E UxUtility: notifyAppState error = NULL
06-21 03:07:20.063  1084  1144 I TouchUtility: notifyAppState error = NULL
06-21 03:07:20.098  1441  1552 D AAL     : 06-21 03:07:19.951 BL= 636,ESS= 256, 06-21 03:07:20.017 BL= 635,ESS= 256, 06-21 03:07:20.082 BL= 634,ESS= 256, 
06-21 03:07:20.145  1063  1353 I hwcomposer: [HWC] (0)fire a callback of refresh to SF[4]  
06-21 03:07:20.157  1084  1101 I mtkpower@impl: [setMode] type:6, enabled:1
06-21 03:07:20.157  1084  1101 E mtkpower@impl: [setMode] unknown type
06-21 03:07:20.188  1924  2087 D DpcExtImpl[0]: original brightness:803 final brightness:630.0 scale:0.78550667 reason:4 darkLevel:2
06-21 03:07:20.188  1924  2087 D DisplayPowerController[0]: Brightness [630.0] reason changing to: 'automatic [ auto_adj ]', previous reason: 'automatic'. id=local:0
06-21 03:07:20.188  1924  2087 I DisplayPowerController[0]: BrightnessEvent: disp=0, brt=630.0(user_set), rcmdBrt=NaN, preBrt=NaN, lux=0.0, preLux=0.0, hbmMax=1.0, hbmMode=off, thrmMax=1.0, flags=user_set , reason=automatic [ auto_adj ]
06-21 03:07:20.190  1084  1101 I mtkpower@impl: [setMode] type:6, enabled:0
06-21 03:07:20.190  1084  1101 E mtkpower@impl: [setMode] unknown type
06-21 03:07:20.199  1441  1552 D AALCust : aal_backlight_bits, specialConfig:12
06-21 03:07:20.200  1441  1552 D AAL     : onBacklightChanged: 634/1023 -> 633/1023(phy:633/4095)
06-21 03:07:20.257  1063  1353 I hwcomposer: [HWC] (0)fire a callback of refresh to SF[4]  
06-21 03:07:20.270  1084  1101 I mtkpower@impl: [setMode] type:6, enabled:1
06-21 03:07:20.270  1084  1101 E mtkpower@impl: [setMode] unknown type
06-21 03:07:20.309  1084  1101 I mtkpower@impl: [setMode] type:6, enabled:0
06-21 03:07:20.309  1084  1101 E mtkpower@impl: [setMode] unknown type
06-21 03:07:20.335  1924  2087 D DpcExtImpl[0]: original brightness:803 final brightness:630.0 scale:0.78550667 reason:4 darkLevel:2
06-21 03:07:20.335  1924  2087 D DisplayPowerController[0]: Brightness [630.0] reason changing to: 'automatic [ auto_adj ]', previous reason: 'automatic'. id=local:0
06-21 03:07:20.335  1924  2087 I DisplayPowerController[0]: BrightnessEvent: disp=0, brt=630.0(user_set), rcmdBrt=NaN, preBrt=NaN, lux=0.0, preLux=0.0, hbmMax=1.0, hbmMode=off, thrmMax=1.0, flags=user_set , reason=automatic [ auto_adj ]
06-21 03:07:20.342  1441  1552 D AALCust : aal_backlight_bits, specialConfig:12
06-21 03:07:20.342  1441  1552 D AAL     : onBacklightChanged: 633/1023 -> 632/1023(phy:632/4095)
06-21 03:07:20.352  1924  2087 D DpcExtImpl[0]: original brightness:803 final brightness:630.0 scale:0.78550667 reason:4 darkLevel:2
06-21 03:07:20.352  1924  2087 D DisplayPowerController[0]: Brightness [630.0] reason changing to: 'automatic [ auto_adj ]', previous reason: 'automatic'. id=local:0
06-21 03:07:20.352  1924  2087 I DisplayPowerController[0]: BrightnessEvent: disp=0, brt=630.0, rcmdBrt=NaN, preBrt=NaN, lux=0.0, preLux=0.0, hbmMax=1.0, hbmMode=off, thrmMax=1.0, flags=, reason=automatic [ auto_adj ]
06-21 03:07:20.358  1441  1552 D AALCust : aal_backlight_bits, specialConfig:12
06-21 03:07:20.358  1441  1552 D AAL     : onBacklightChanged: 632/1023 -> 631/1023(phy:631/4095)
06-21 03:07:20.385  1924  2087 D DpcExtImpl[0]: original brightness:803 final brightness:630.0 scale:0.78550667 reason:4 darkLevel:2
06-21 03:07:20.385  1924  2087 D DisplayPowerController[0]: Brightness [630.0] reason changing to: 'automatic [ auto_adj ]', previous reason: 'automatic'. id=local:0
06-21 03:07:20.385  1924  2087 I DisplayPowerController[0]: BrightnessEvent: disp=0, brt=630.0(user_set), rcmdBrt=NaN, preBrt=NaN, lux=0.0, preLux=0.0, hbmMax=1.0, hbmMode=off, thrmMax=1.0, flags=user_set , reason=automatic [ auto_adj ]
06-21 03:07:20.391  1441  1552 D AALCust : aal_backlight_bits, specialConfig:12
06-21 03:07:20.391  1441  1552 D AAL     : onBacklightChanged: 631/1023 -> 630/1023(phy:630/4095)
06-21 03:07:20.423  1441  1552 D AAL     : 06-21 03:07:20.326 BL= 633,ESS= 256, 06-21 03:07:20.359 BL= 632,ESS= 256, 06-21 03:07:20.375 BL= 631,ESS= 256, 06-21 03:07:20.407 BL= 630,ESS= 256, 
06-21 03:07:20.453  1063  1353 I hwcomposer: [HWC] (0)fire a callback of refresh to SF[4]  
06-21 03:07:20.467  1084  1101 I mtkpower@impl: [setMode] type:6, enabled:1
06-21 03:07:20.467  1084  1101 E mtkpower@impl: [setMode] unknown type
06-21 03:07:20.472  1924  1937 W System  : A resource failed to call release. 
06-21 03:07:20.472  1924  1937 W System  : A resource failed to call release. 
06-21 03:07:20.473  1924  1937 W System  : A resource failed to call release. 
06-21 03:07:20.473  1924  1937 W System  : A resource failed to call release. 
06-21 03:07:20.473  1924  1937 W System  : A resource failed to call release. 
06-21 03:07:20.473  1924  1937 W System  : A resource failed to call release. 
06-21 03:07:20.473  1924  1937 W System  : A resource failed to call release. 
06-21 03:07:20.473  1924  1937 W System  : A resource failed to call release. 
06-21 03:07:20.505  1084  1101 I mtkpower@impl: [setMode] type:6, enabled:0
06-21 03:07:20.505  1084  1101 E mtkpower@impl: [setMode] unknown type
06-21 03:07:20.687  1924  2087 D OplusFeatureHDREnhanceBrightness: setAnimating : displayId[0]=false
06-21 03:07:20.687  1924  2087 D OplusFeatureReduceBrightness: setAnimating : animating = false
06-21 03:07:20.687  1924  2087 D OplusDisplayBrightnessModel: new animation! from 28.32142 to 28.315947, is Down animation, Seq = 7, AccelerateScale = 1.0
06-21 03:07:20.688  1924  2087 D DpcExtImpl[0]: original brightness:803 final brightness:630.0 scale:0.78550667 reason:4 darkLevel:2
06-21 03:07:20.688  1924  2087 D DisplayPowerController[0]: Brightness [630.0] reason changing to: 'automatic [ auto_adj ]', previous reason: 'automatic'. id=local:0
06-21 03:07:20.688  1924  2087 I DisplayPowerController[0]: BrightnessEvent: disp=0, brt=630.0, rcmdBrt=NaN, preBrt=NaN, lux=0.0, preLux=0.0, hbmMax=1.0, hbmMode=off, thrmMax=1.0, flags=, reason=automatic [ auto_adj ]
06-21 03:07:20.695  1924  2374 I Osense-DecisionMaker: notifyScene: OSENSE_ACTION_TOUCH_BOOST, to hw policy!
06-21 03:07:20.696  2515  2515 D NoBackGesture: Start gesture: MotionEvent { action=ACTION_DOWN, actionButton=0, id[0]=0, x[0]=336.0, y[0]=2213.0, toolType[0]=TOOL_TYPE_FINGER, buttonState=0, classification=NONE, metaState=0, flags=0x0, edgeFlags=0x0, pointerCount=1, historySize=0, eventTime=274919920, downTime=274919920, deviceId=4, source=0x1002, displayId=0, eventId=107559145 }
06-21 03:07:20.696  2515  2515 D NoBackGesture: Not in side gesture area
06-21 03:07:20.696  1924  2227 D PowerManagerService: userActivityNoUpdateLocked: groupId=0, eventTime=274919920, event=2, flags=0x0, uid=1000
06-21 03:07:20.696  1924  1948 D TheiaRestorer: reportPointerEvent: MotionEvent { action=ACTION_DOWN, actionButton=0, id[0]=0, x[0]=336.0, y[0]=2213.0, toolType[0]=TOOL_TYPE_FINGER, buttonState=0, classification=NONE, metaState=0, flags=0x0, edgeFlags=0x0, pointerCount=1, historySize=0, eventTime=274919920, downTime=274919920, deviceId=4, source=0x1002, displayId=0, eventId=107559145 }
06-21 03:07:20.697  1924  2391 D OGG_Detector: D:done mCurrStatus: 0
06-21 03:07:20.780  1084  1144 I libPowerHal: [perfLockRel] hdl:65482, idx:1
06-21 03:07:20.780  1084  1144 I libPowerHal: [PD] MTKPOWER_HINT_APP_TOUCH update cmd:3408600 param:0
06-21 03:07:21.417  1063  1353 I hwcomposer: [HWC] (0)fire a callback of refresh to SF[4]  
06-21 03:07:21.428  1084  1101 I mtkpower@impl: [setMode] type:6, enabled:1
06-21 03:07:21.428  1084  1101 E mtkpower@impl: [setMode] unknown type
06-21 03:07:21.468  1084  1101 I mtkpower@impl: [setMode] type:6, enabled:0
06-21 03:07:21.469  1084  1101 E mtkpower@impl: [setMode] unknown type
06-21 03:07:21.575  1924  2374 I Osense-DecisionMaker: notifyScene: OSENSE_ACTION_TOUCH_BOOST, to hw policy!
06-21 03:07:21.576  2515  2515 D NoBackGesture: Start gesture: MotionEvent { action=ACTION_DOWN, actionButton=0, id[0]=0, x[0]=332.0, y[0]=175.0, toolType[0]=TOOL_TYPE_FINGER, buttonState=0, classification=NONE, metaState=0, flags=0x0, edgeFlags=0x0, pointerCount=1, historySize=0, eventTime=274920800, downTime=274920800, deviceId=4, source=0x1002, displayId=0, eventId=886575099 }
06-21 03:07:21.576  2515  2515 D NoBackGesture: Not in side gesture area
06-21 03:07:21.576  1924  2391 D OGG_Detector: D:done mCurrStatus: 0
06-21 03:07:21.577  1924  1948 D TheiaRestorer: reportPointerEvent: MotionEvent { action=ACTION_DOWN, actionButton=0, id[0]=0, x[0]=332.0, y[0]=175.0, toolType[0]=TOOL_TYPE_FINGER, buttonState=0, classification=NONE, metaState=0, flags=0x0, edgeFlags=0x0, pointerCount=1, historySize=0, eventTime=274920800, downTime=274920800, deviceId=4, source=0x1002, displayId=0, eventId=886575099 }
06-21 03:07:21.577  1924  2227 D PowerManagerService: userActivityNoUpdateLocked: groupId=0, eventTime=274920800, event=2, flags=0x0, uid=1000
06-21 03:07:21.594 25679 25679 D BoundBrokerSvc: onUnbind: Intent { act=com.google.android.gms.measurement.START pkg=com.google.android.gms }
06-21 03:07:21.630  1084  1144 I libPowerHal: [perfLockRel] hdl:65483, idx:1
06-21 03:07:21.630  1084  1144 I libPowerHal: [PD] MTKPOWER_HINT_APP_TOUCH update cmd:3408600 param:0
06-21 03:07:21.638  1924  5020 D InputMethodManagerService: isSecurity: attribute.packageName=com.ethiomed.ethiomed mCurMethodId=com.amharic.keyboard.for.android/com.example.android.softkeyboard.SoftKeyboard
06-21 03:07:21.638  1924  5020 D InputMethodManagerService: isSecurity= false (  enable=false needShow=false inBlackList=false isExist=true )
06-21 03:07:21.640  1634  1634 D InputMethodManager: showSoftInput() view=io.flutter.embedding.android.FlutterView{5e96ea8 VFE...... .F...... 0,0-1080,2352 #1 aid=1073741824 viewInfo = AutoLayoutViewInfo{mIsImageType=false, mIsFlatView=false, mWidthType=1, mHeightType=1, mScaleType=null, mFillBackgroundPattern=1, mNeedStretchItems=false, mMeasureChanged=false, mNewMeasuredHeight=0, mOldMeasuredHeight=0, mExtraInfo=}} flags=0 reason=SHOW_SOFT_INPUT
06-21 03:07:21.643  1924  5020 D OplusUIFirst_FB: com.amharic.keyboard.for.android toForeOps: []
06-21 03:07:21.643  1924  5020 D OplusUIFirst_FB: List of ThreadOp: size=0 []
06-21 03:07:21.645  1924  2374 I Osense-DecisionMaker: notifyScene: OSENSE_ACTION_INPUT_METHOD_BOOST, to hw policy!
06-21 03:07:21.646  1924  2543 I mtkpower_client: perf_lock_rel, hdl:65462, tid:2543
06-21 03:07:21.646  1924  2008 W libprocessgroup: Failed to open /dev/blkio//cgroup.procs: No such file or directory
06-21 03:07:21.646  1924  2543 I mtkpower_client: perf_lock_acq, hdl:65462, dur:0, num:10, tid:2543
06-21 03:07:21.646  1084  1144 I libPowerHal: [perfLockRel] hdl:65462, idx:0
06-21 03:07:21.647  3430  3430 D HidDeviceService: handleMessage(): msg.what=8
06-21 03:07:21.647  1924  2543 I mtkpower_client: ret_hdl:65484
06-21 03:07:21.647  1084  1144 I libPowerHal: cmdSetting - unknown cmd:2004100, scmd:(null) ,param_1:2
06-21 03:07:21.647  1084  1144 I libPowerHal: system_server: cpu_ctrl set cpu freq: 1618000 -1 1419000 -1
06-21 03:07:21.657  1634  1634 W OnBackInvokedCallback: OnBackInvokedCallback is not enabled for the application.
06-21 03:07:21.657  1634  1634 W OnBackInvokedCallback: Set 'android:enableOnBackInvokedCallback="true"' in the application manifest.
06-21 03:07:21.666 25679 25689 W OplusExSystemServiceHelper: checkOplusExSystemService intent getComponent is null
06-21 03:07:21.670 25679 25679 D BoundBrokerSvc: onBind: Intent { act=com.google.android.gms.measurement.START pkg=com.google.android.gms }
06-21 03:07:21.670 25679 25679 D BoundBrokerSvc: Loading bound service for intent: Intent { act=com.google.android.gms.measurement.START pkg=com.google.android.gms }
06-21 03:07:21.670  1924 17326 D OplusFullScreenDisplayManager: adjustWindowParamsLw com.amharic.keyboard.for.android, no change cutoutMode: 2
06-21 03:07:21.670  1924 17326 V WindowManager: Relayout Window{3564be0 u0 InputMethod}: viewVisibility=0, oldvis=8, req=1080x2290
06-21 03:07:21.670  1924 17326 I WindowManager: Window{3564be0 u0 InputMethod} state from NO_SURFACE to DRAW_PENDING; reason: resetDrawState
06-21 03:07:21.670  1158  1216 I BufferQueueDebug: [InputMethod#29622](this:0xb400007d1146a9e8,id:-1,api:0,p:-1,c:-1) BufferQueue core=(1158:/system/bin/surfaceflinger)
06-21 03:07:21.679  1158  1216 D [OSIE]  : scltmLayer_name VRI[InputMethod][InputMethod]
06-21 03:07:21.679  1158  1216 D [OSIE]  : IsSCLTMLayer=0 
06-21 03:07:21.679  4907  4907 D BufferQueueConsumer: [](id:132b0000010f,api:0,p:-1,c:4907) connect: controlledByApp=false
06-21 03:07:21.679  4907  4907 E IPCThreadState: attemptIncStrongHandle(657): Not supported
06-21 03:07:21.681  4907  4907 D VRI[InputMethod]: registerCallbacksForSync syncBuffer=false
06-21 03:07:21.686  3523  3547 E oiface  : sched_setaffinity failed
06-21 03:07:21.696  4907  6345 D BLASTBufferQueue: [VRI[InputMethod][InputMethod]#271](f:0,a:1) acquireNextBufferLocked size=1080x2290 mFrameNumber=1 applyTransaction=true mTimestamp=274920922651155(auto) mPendingTransactions.size=0 graphicBufferId=21075404521810 transform=0
06-21 03:07:21.696  4907  6345 D VRI[InputMethod]: Received frameCommittedCallback lastAttemptedDrawFrameNum=1 didProduceBuffer=true syncBuffer=false
06-21 03:07:21.696  4907  4907 D VRI[InputMethod]: draw finished.
06-21 03:07:21.697  1924  5020 I WindowManager: Window{3564be0 u0 InputMethod} state from DRAW_PENDING to COMMIT_DRAW_PENDING; reason: finishDrawingLocked
06-21 03:07:21.699  1924  1952 I WindowManager: Window{3564be0 u0 InputMethod} state from COMMIT_DRAW_PENDING to READY_TO_SHOW; reason: commitFinishDrawingLocked
06-21 03:07:21.700  1158  1158 D BufferStateLayer: InputMethod#29622 setBuffer frameId=1, bufferId=21075404521810 fenceId=437, w= 1080, h=2290
06-21 03:07:21.701  1158  1158 D OplusLayer: (29622,InputMethod#29622,com.amharic.keyboard.for.android) setBuffer
06-21 03:07:21.701  1634  1634 D InsetsController: show(ime(), fromIme=true)
06-21 03:07:21.706  1924  1952 V WindowStateExtImpl: notifyWindowStateChange input show
06-21 03:07:21.706  1146  1146 D OplusTouch: path = /proc/touchpanel/kernel_grip_handle,len = 8192
06-21 03:07:21.706  1924  1960 D ColorTouchNodeManagerService: isTouchNodeSupport, nodeFlag: 8, dId:0, result:-1
06-21 03:07:21.706  1146  1146 D OplusTouch: path = /proc/touchpanel1/kernel_grip_handle,len = 8192
06-21 03:07:21.706  1924  1952 I WindowManager: Window{3564be0 u0 InputMethod} state from READY_TO_SHOW to HAS_DRAWN; reason: performShowLocked
06-21 03:07:21.707  1924  1960 D ColorTouchNodeManagerService: isTouchNodeSupport, nodeFlag: 8, dId:1, result:-1
06-21 03:07:21.714  1924  5020 D OplusWindowManagerServiceEnhance: setInsetAnimationTid: pid 1634 tid 1634 enable true
06-21 03:07:21.717  1158  1158 D Layer   : reparent to null sequence=29621, seq[2], name=Surface(name=14acf45 NavigationBar0)/@0x938a52d - animation-leash of insets_animation#29621
06-21 03:07:21.721 25679  5850 D AdvertisingIdClient: AdvertisingIdClient already created.
06-21 03:07:21.724 25679  5850 I AdvertisingIdClient: shouldSendLog 433298111
06-21 03:07:21.724 25679  5850 I AdvertisingIdClient: GetInfoInternal elapse 1ms
06-21 03:07:22.022  1924  4969 D OplusWindowManagerServiceEnhance: setInsetAnimationTid: pid 1634 tid 1634 enable false
06-21 03:07:22.047  1924  2543 I mtkpower_client: perf_lock_rel, hdl:65484, tid:2543
06-21 03:07:22.048  1084  1144 I libPowerHal: [perfLockRel] hdl:65484, idx:0
06-21 03:07:22.048  1924  2543 I mtkpower_client: perf_lock_acq, hdl:65484, dur:0, num:4, tid:2543
06-21 03:07:22.048  1084  1144 I libPowerHal: system_server: cpu_ctrl set cpu freq: -1 -1 -1 -1
06-21 03:07:22.048  1084  1144 I libPowerHal: [PD] system_server update cmd:1410000 param:0
06-21 03:07:22.048  1924  2543 I mtkpower_client: ret_hdl:65485
06-21 03:07:22.048  1084  1144 I libPowerHal: cmdSetting - unknown cmd:2004100, scmd:(null) ,param_1:2
06-21 03:07:22.133  1063  1353 I hwcomposer: [HWC] (0)fire a callback of refresh to SF[4]  
06-21 03:07:22.143  1084  1101 I mtkpower@impl: [setMode] type:6, enabled:1
06-21 03:07:22.143  1084  1101 E mtkpower@impl: [setMode] unknown type
06-21 03:07:22.160  1084  1101 I mtkpower@impl: [setMode] type:6, enabled:0
06-21 03:07:22.160  1084  1101 E mtkpower@impl: [setMode] unknown type
06-21 03:07:22.229  1063  1353 I hwcomposer: [HWC] (0)fire a callback of refresh to SF[4]  
06-21 03:07:22.242  1084  1101 I mtkpower@impl: [setMode] type:6, enabled:1
06-21 03:07:22.242  1084  1101 E mtkpower@impl: [setMode] unknown type
06-21 03:07:22.280  1084  1101 I mtkpower@impl: [setMode] type:6, enabled:0
06-21 03:07:22.281  1084  1101 E mtkpower@impl: [setMode] unknown type
06-21 03:07:22.516  1924  2374 I Osense-DecisionMaker: notifyScene: OSENSE_ACTION_TOUCH_BOOST, to hw policy!
06-21 03:07:22.518  4907  4907 D OplusSystemUINavigationGesture: [GESTURE_BUTTON] swipe from 1
06-21 03:07:22.518  2515  2515 D NoBackGesture: Start gesture: MotionEvent { action=ACTION_DOWN, actionButton=0, id[0]=0, x[0]=1009.0, y[0]=2169.0, toolType[0]=TOOL_TYPE_FINGER, buttonState=0, classification=NONE, metaState=0, flags=0x0, edgeFlags=0x0, pointerCount=1, historySize=0, eventTime=274921742, downTime=274921742, deviceId=4, source=0x1002, displayId=0, eventId=478855668 }
06-21 03:07:22.519  2515  2515 D NoBackGesture: AllowGesture false cuz: ||||touch region not valid
06-21 03:07:22.519  2515  2515 D NoBackGesture: current sysUiFlags: |||||||||||||||||allow_gesture|ime_visible||ime_switcher_showing|||||
06-21 03:07:22.519  2515  2515 D NoBackGesture: mAllowGesture: false ,isStylusEvent = false
06-21 03:07:22.519  1924  2391 D OGG_Detector: D:done mCurrStatus: 0
06-21 03:07:22.519  1924  4969 E SystemServiceRegistry: Manager wrapper not available: linearmotor
06-21 03:07:22.519  1924  4969 D SystemVibratorExtImpl: convertToLinearVibration uid = 10437, opPkg = com.amharic.keyboard.for.android, effect = Composed{segments=[Prebaked{effect=CLICK, strength=MEDIUM, fallback=true}], repeat=-1}, attributes = VibrationAttributes: Usage=TOUCH Audio Usage= USAGE_UNKNOWN Flags=0
06-21 03:07:22.519  1924  4969 D SystemVibratorExtImpl: no vibrator_lmvibrator or CTS vibration, do not convert
06-21 03:07:22.519  1924  4969 I VibratorManagerServiceExtImpl: vibrate is uid=10437, pid=1924, opPkg=com.amharic.keyboard.for.android, effect=Mono{mEffect=Composed{segments=[Prebaked{effect=CLICK, strength=MEDIUM, fallback=true}], repeat=-1}}, attributes=VibrationAttributes: Usage=TOUCH Audio Usage= USAGE_UNKNOWN Flags=0, token=258399913
06-21 03:07:22.520  1924  4969 D VibratorManagerServiceExtImpl: adaptImeVibration 'com.amharic.keyboard.for.android': Composed{segments=[Prebaked{effect=CLICK, strength=MEDIUM, fallback=true}], repeat=-1}, reason = null
06-21 03:07:22.520  1924  2227 D PowerManagerService: userActivityNoUpdateLocked: groupId=0, eventTime=274921742, event=2, flags=0x0, uid=1000
06-21 03:07:22.520  1924  4969 D VibratorManagerServiceExtImpl: startCustomizeVibratorLocked id= 0,size=1
06-21 03:07:22.520  1924  4969 D VibratorManagerServiceExtImpl: startCustomizeVibratorLocked withCallback=false
06-21 03:07:22.521  1090  1090 D Vibrator: Vibrator perform 1, 0
06-21 03:07:22.521  1090  1090 I Vibrator: Vibrator on for timeoutMs: 30
06-21 03:07:22.521  1090  1090 D Vibrator: mHoldMinDuration:0, timeoutMs:30
06-21 03:07:22.521  1090  1090 D Vibrator: Vibrator using LED trigger
06-21 03:07:22.552  1090  1090 D Vibrator: Vibrator off
06-21 03:07:22.552  1090  1090 D Vibrator: Vibrator using LED trigger
06-21 03:07:22.602  1084  1144 I libPowerHal: [perfLockRel] hdl:65486, idx:1
06-21 03:07:22.602  1084  1144 I libPowerHal: [PD] MTKPOWER_HINT_APP_TOUCH update cmd:3408600 param:0
06-21 03:07:22.606  1924  4969 D OplusUIFirst_FB: com.amharic.keyboard.for.android moveToBack 4907
06-21 03:07:22.609  3430  3430 D HidDeviceService: handleMessage(): msg.what=8
06-21 03:07:22.610  1924  2008 W libprocessgroup: Failed to open /dev/blkio/background/cgroup.procs: No such file or directory
06-21 03:07:22.610  1924 17326 D OplusWindowManagerServiceEnhance: setInsetAnimationTid: pid 1634 tid 1634 enable true
06-21 03:07:22.612  1924  2008 W libprocessgroup: Failed to open /dev/blkio/background/cgroup.procs: No such file or directory
06-21 03:07:22.617  1924  1951 V WindowStateExtImpl: notifyWindowStateChange input show
06-21 03:07:22.617  1146  1146 D OplusTouch: path = /proc/touchpanel/kernel_grip_handle,len = 8192
06-21 03:07:22.617  1924  1960 D ColorTouchNodeManagerService: isTouchNodeSupport, nodeFlag: 8, dId:0, result:-1
06-21 03:07:22.617  1146  1146 D OplusTouch: path = /proc/touchpanel1/kernel_grip_handle,len = 8192
06-21 03:07:22.617  1924  1960 D ColorTouchNodeManagerService: isTouchNodeSupport, nodeFlag: 8, dId:1, result:-1
06-21 03:07:22.618  1924  2218 D OplusFullScreenDisplayManager: adjustWindowParamsLw com.amharic.keyboard.for.android, no change cutoutMode: 2
06-21 03:07:22.619  1924  2218 V WindowManager: Relayout Window{3564be0 u0 InputMethod}: viewVisibility=0, oldvis=0, req=1080x2290
06-21 03:07:22.626  4907  4907 D VRI[InputMethod]: registerCallbacksForSync syncBuffer=false
06-21 03:07:22.639  4907  6345 D VRI[InputMethod]: Received frameCommittedCallback lastAttemptedDrawFrameNum=9 didProduceBuffer=true syncBuffer=false
06-21 03:07:22.639  4907  4907 D VRI[InputMethod]: draw finished.
06-21 03:07:22.640  4907  6345 I GED     : ged_boost_gpu_freq, level 100, eOrigin 2, final_idx 42, oppidx_max 42, oppidx_min 0
06-21 03:07:22.667  6579 21576 I AudioEffect: command() 0xb400007646053400, cmdCode = 5
06-21 03:07:22.667  1056  1119 I EffectsFactory: Effect_Command(): self = 0xe3eb5280, cmdCode = 5
06-21 03:07:22.813  1441  1441 D AALLightSensor: oldLux=8 [SA:6 LA:6] newLux=8 (oriLux: 6)
06-21 03:07:22.918  1924 17326 D OplusWindowManagerServiceEnhance: setInsetAnimationTid: pid 1634 tid 1634 enable false
06-21 03:07:22.922  1924 17326 D InputMethodManagerService: isSecurity: attribute.packageName=com.ethiomed.ethiomed mCurMethodId=com.amharic.keyboard.for.android/com.example.android.softkeyboard.SoftKeyboard
06-21 03:07:22.922  1924 17326 D InputMethodManagerService: isSecurity= false (  enable=false needShow=false inBlackList=false isExist=true )
06-21 03:07:23.031  1063  1353 I hwcomposer: [HWC] (0)fire a callback of refresh to SF[4]  
06-21 03:07:23.041  1084  1101 I mtkpower@impl: [setMode] type:6, enabled:1
06-21 03:07:23.041  1084  1101 E mtkpower@impl: [setMode] unknown type
06-21 03:07:23.083  1084  1101 I mtkpower@impl: [setMode] type:6, enabled:0
06-21 03:07:23.083  1084  1101 E mtkpower@impl: [setMode] unknown type
06-21 03:07:23.085 14190  5276 I NearbyMediums: No BLE Fast/GATT advertisements found in the latest cycle.
06-21 03:07:23.087 14190  5276 I NearbyMediums: Current Tracked Scanning Clients are : {NearbyConnections.EnvironmentMonitor, NearbySharing}
06-21 03:07:23.214  1924  2087 I OplusSmartBrightnessController: deltaLux = 0.12771654, scale = 1.0238101
06-21 03:07:23.215  1924  2089 D OplusSmartBrightnessController: handleMessage MSG_LUX_CHANGED, mLux:6.5919714 luxQueue=[6.6368732, 6.623516, 6.607968, 6.5898266, 6.568643, 6.5439134, 6.595117, 6.5881577, 6.5822644, 6.5779805, 6.5760064, 6.5772343]
06-21 03:07:23.362  1924  2374 I Osense-DecisionMaker: notifyScene: OSENSE_ACTION_TOUCH_BOOST, to hw policy!
06-21 03:07:23.365  2515  2515 D NoBackGesture: Start gesture: MotionEvent { action=ACTION_DOWN, actionButton=0, id[0]=0, x[0]=249.0, y[0]=442.0, toolType[0]=TOOL_TYPE_FINGER, buttonState=0, classification=NONE, metaState=0, flags=0x0, edgeFlags=0x0, pointerCount=1, historySize=0, eventTime=274922587, downTime=274922587, deviceId=4, source=0x1002, displayId=0, eventId=706148035 }
06-21 03:07:23.365  2515  2515 D NoBackGesture: Not in side gesture area
06-21 03:07:23.365  1924  2391 D OGG_Detector: D:done mCurrStatus: 0
06-21 03:07:23.366  1924  1948 D TheiaRestorer: reportPointerEvent: MotionEvent { action=ACTION_DOWN, actionButton=0, id[0]=0, x[0]=249.0, y[0]=442.0, toolType[0]=TOOL_TYPE_FINGER, buttonState=0, classification=NONE, metaState=0, flags=0x0, edgeFlags=0x0, pointerCount=1, historySize=0, eventTime=274922587, downTime=274922587, deviceId=4, source=0x1002, displayId=0, eventId=706148035 }
