06-21 03:07:14.212  1924  2087 D DpcExtImpl[0]: original brightness:803 final brightness:630.0 scale:0.78550667 reason:4 darkLevel:2
06-21 03:07:14.212  1924  2087 D DisplayPowerController[0]: Brightness [630.0] reason changing to: 'automatic [ auto_adj ]', previous reason: 'automatic'. id=local:0
06-21 03:07:14.212  1924  2087 I DisplayPowerController[0]: BrightnessEvent: disp=0, brt=630.0(user_set), rcmdBrt=NaN, preBrt=NaN, lux=0.0, preLux=0.0, hbmMax=1.0, hbmMode=off, thrmMax=1.0, flags=user_set , reason=automatic [ auto_adj ]
06-21 03:07:14.217  1441  1552 D AALCust : aal_backlight_bits, specialConfig:12
06-21 03:07:14.217  1441  1552 D AAL     : onBacklightChanged: 677/1023 -> 676/1023(phy:676/4095)
06-21 03:07:14.234  1441  1552 D AAL     : 06-21 03:07:14.170 BL= 684,ESS= 256, 06-21 03:07:14.185 BL= 682,ESS= 256, 06-21 03:07:14.202 BL= 677,ESS= 256, 06-21 03:07:14.218 BL= 676,ESS= 256, 
06-21 03:07:14.261  1924  2087 D DpcExtImpl[0]: original brightness:803 final brightness:630.0 scale:0.78550667 reason:4 darkLevel:2
06-21 03:07:14.261  1924  2087 D DisplayPowerController[0]: Brightness [630.0] reason changing to: 'automatic [ auto_adj ]', previous reason: 'automatic'. id=local:0
06-21 03:07:14.261  1924  2087 I DisplayPowerController[0]: BrightnessEvent: disp=0, brt=630.0(user_set), rcmdBrt=NaN, preBrt=NaN, lux=0.0, preLux=0.0, hbmMax=1.0, hbmMode=off, thrmMax=1.0, flags=user_set , reason=automatic [ auto_adj ]
06-21 03:07:14.271  1441  1552 D AALCust : aal_backlight_bits, specialConfig:12
06-21 03:07:14.271  1441  1552 D AAL     : onBacklightChanged: 676/1023 -> 674/1023(phy:674/4095)
06-21 03:07:14.293  1924  2087 D DpcExtImpl[0]: original brightness:803 final brightness:630.0 scale:0.78550667 reason:4 darkLevel:2
06-21 03:07:14.294  1924  2087 D DisplayPowerController[0]: Brightness [630.0] reason changing to: 'automatic [ auto_adj ]', previous reason: 'automatic'. id=local:0
06-21 03:07:14.294  1924  2087 I DisplayPowerController[0]: BrightnessEvent: disp=0, brt=630.0(user_set), rcmdBrt=NaN, preBrt=NaN, lux=0.0, preLux=0.0, hbmMax=1.0, hbmMode=off, thrmMax=1.0, flags=user_set , reason=automatic [ auto_adj ]
06-21 03:07:14.299  1441  1552 D AALCust : aal_backlight_bits, specialConfig:12
06-21 03:07:14.299  1441  1552 D AAL     : onBacklightChanged: 674/1023 -> 673/1023(phy:673/4095)
06-21 03:07:14.348  1441  1552 D AAL     : 06-21 03:07:14.272 BL= 675,ESS= 256, 06-21 03:07:14.299 BL= 674,ESS= 256, 06-21 03:07:14.332 BL= 673,ESS= 256, 
06-21 03:07:14.361  1063  1353 I hwcomposer: [HWC] (0)fire a callback of refresh to SF[4]  
06-21 03:07:14.375  1084  1101 I mtkpower@impl: [setMode] type:6, enabled:1
06-21 03:07:14.375  1084  1101 E mtkpower@impl: [setMode] unknown type
06-21 03:07:14.410  1084  1101 I mtkpower@impl: [setMode] type:6, enabled:0
06-21 03:07:14.410  1084  1101 E mtkpower@impl: [setMode] unknown type
06-21 03:07:14.415  1924  2087 D DpcExtImpl[0]: original brightness:803 final brightness:630.0 scale:0.78550667 reason:4 darkLevel:2
06-21 03:07:14.415  1924  2087 D DisplayPowerController[0]: Brightness [630.0] reason changing to: 'automatic [ auto_adj ]', previous reason: 'automatic'. id=local:0
06-21 03:07:14.415  1924  2087 I DisplayPowerController[0]: BrightnessEvent: disp=0, brt=630.0(user_set), rcmdBrt=NaN, preBrt=NaN, lux=0.0, preLux=0.0, hbmMax=1.0, hbmMode=off, thrmMax=1.0, flags=user_set , reason=automatic [ auto_adj ]
06-21 03:07:14.418  1441  1552 D AALCust : aal_backlight_bits, specialConfig:12
06-21 03:07:14.419  1441  1552 D AAL     : onBacklightChanged: 673/1023 -> 672/1023(phy:672/4095)
06-21 03:07:14.427  1924  2087 D DpcExtImpl[0]: original brightness:803 final brightness:630.0 scale:0.78550667 reason:4 darkLevel:2
06-21 03:07:14.428  1924  2087 D DisplayPowerController[0]: Brightness [630.0] reason changing to: 'automatic [ auto_adj ]', previous reason: 'automatic'. id=local:0
06-21 03:07:14.428  1924  2087 I DisplayPowerController[0]: BrightnessEvent: disp=0, brt=630.0, rcmdBrt=NaN, preBrt=NaN, lux=0.0, preLux=0.0, hbmMax=1.0, hbmMode=off, thrmMax=1.0, flags=, reason=automatic [ auto_adj ]
06-21 03:07:14.429  1441  1552 D AALCust : aal_backlight_bits, specialConfig:12
06-21 03:07:14.429  1441  1552 D AAL     : onBacklightChanged: 672/1023 -> 671/1023(phy:671/4095)
06-21 03:07:14.445  1441  1552 D AAL     : 06-21 03:07:14.429 BL= 671,ESS= 256, 
06-21 03:07:14.509  1063  1353 I hwcomposer: [HWC] (0)fire a callback of refresh to SF[4]  
06-21 03:07:14.522  1084  1101 I mtkpower@impl: [setMode] type:6, enabled:1
06-21 03:07:14.523  1084  1101 E mtkpower@impl: [setMode] unknown type
06-21 03:07:14.554  1924  2087 D DpcExtImpl[0]: original brightness:803 final brightness:630.0 scale:0.78550667 reason:4 darkLevel:2
06-21 03:07:14.554  1924  2087 D DisplayPowerController[0]: Brightness [630.0] reason changing to: 'automatic [ auto_adj ]', previous reason: 'automatic'. id=local:0
06-21 03:07:14.554  1924  2087 I DisplayPowerController[0]: BrightnessEvent: disp=0, brt=630.0(user_set), rcmdBrt=NaN, preBrt=NaN, lux=0.0, preLux=0.0, hbmMax=1.0, hbmMode=off, thrmMax=1.0, flags=user_set , reason=automatic [ auto_adj ]
06-21 03:07:14.557  1084  1101 I mtkpower@impl: [setMode] type:6, enabled:0
06-21 03:07:14.557  1084  1101 E mtkpower@impl: [setMode] unknown type
06-21 03:07:14.565  1441  1552 D AALCust : aal_backlight_bits, specialConfig:12
06-21 03:07:14.565  1441  1552 D AAL     : onBacklightChanged: 671/1023 -> 670/1023(phy:670/4095)
06-21 03:07:14.614  1441  1441 D AALLightSensor: oldLux=8 [SA:6 LA:6] newLux=8 (oriLux: 6)
06-21 03:07:14.630  1063  1353 I hwcomposer: [HWC] (0)fire a callback of refresh to SF[4]  
06-21 03:07:14.638  1924  2374 I Osense-DecisionMaker: notifyScene: OSENSE_ACTION_TOUCH_BOOST, to hw policy!
06-21 03:07:14.640  2515  2515 D NoBackGesture: Start gesture: MotionEvent { action=ACTION_DOWN, actionButton=0, id[0]=0, x[0]=494.0, y[0]=1719.0, toolType[0]=TOOL_TYPE_FINGER, buttonState=0, classification=NONE, metaState=0, flags=0x0, edgeFlags=0x0, pointerCount=1, historySize=0, eventTime=274913864, downTime=274913864, deviceId=4, source=0x1002, displayId=0, eventId=351992391 }
06-21 03:07:14.640  2515  2515 D NoBackGesture: Not in side gesture area
06-21 03:07:14.641  1924  2227 D PowerManagerService: userActivityNoUpdateLocked: groupId=0, eventTime=274913864, event=2, flags=0x0, uid=1000
06-21 03:07:14.641  1924  2391 D OGG_Detector: D:done mCurrStatus: 0
06-21 03:07:14.641  1924  5020 E SystemServiceRegistry: Manager wrapper not available: linearmotor
06-21 03:07:14.642  1924  5020 D SystemVibratorExtImpl: convertToLinearVibration uid = 10437, opPkg = com.amharic.keyboard.for.android, effect = Composed{segments=[Prebaked{effect=CLICK, strength=MEDIUM, fallback=true}], repeat=-1}, attributes = VibrationAttributes: Usage=TOUCH Audio Usage= USAGE_UNKNOWN Flags=0
06-21 03:07:14.642  1924  5020 D SystemVibratorExtImpl: no vibrator_lmvibrator or CTS vibration, do not convert
06-21 03:07:14.642  1924  5020 I VibratorManagerServiceExtImpl: vibrate is uid=10437, pid=1924, opPkg=com.amharic.keyboard.for.android, effect=Mono{mEffect=Composed{segments=[Prebaked{effect=CLICK, strength=MEDIUM, fallback=true}], repeat=-1}}, attributes=VibrationAttributes: Usage=TOUCH Audio Usage= USAGE_UNKNOWN Flags=0, token=258399913
06-21 03:07:14.642  1924  5020 D VibratorManagerServiceExtImpl: adaptImeVibration 'com.amharic.keyboard.for.android': Composed{segments=[Prebaked{effect=CLICK, strength=MEDIUM, fallback=true}], repeat=-1}, reason = null
06-21 03:07:14.642  1924  5020 D VibratorManagerServiceExtImpl: startCustomizeVibratorLocked id= 0,size=1
06-21 03:07:14.642  1924  5020 D VibratorManagerServiceExtImpl: startCustomizeVibratorLocked withCallback=false
06-21 03:07:14.643  1090  1090 D Vibrator: Vibrator perform 1, 0
06-21 03:07:14.643  1090  1090 I Vibrator: Vibrator on for timeoutMs: 30
06-21 03:07:14.643  1090  1090 D Vibrator: mHoldMinDuration:0, timeoutMs:30
06-21 03:07:14.643  1090  1090 D Vibrator: Vibrator using LED trigger
06-21 03:07:14.649  1084  1101 I mtkpower@impl: [setMode] type:6, enabled:1
06-21 03:07:14.649  1084  1101 E mtkpower@impl: [setMode] unknown type
06-21 03:07:14.657  1441  1552 D AAL     : 06-21 03:07:14.641 BL= 670,ESS= 256, 
06-21 03:07:14.665  1084  1101 I mtkpower@impl: [setMode] type:6, enabled:0
06-21 03:07:14.665  1084  1101 E mtkpower@impl: [setMode] unknown type
06-21 03:07:14.674  1090  1090 D Vibrator: Vibrator off
06-21 03:07:14.674  1090  1090 D Vibrator: Vibrator using LED trigger
06-21 03:07:14.709  1084  1144 I libPowerHal: [perfLockRel] hdl:65465, idx:1
06-21 03:07:14.709  1084  1144 I libPowerHal: [PD] MTKPOWER_HINT_APP_TOUCH update cmd:3408600 param:0
06-21 03:07:14.733  1063  1353 I hwcomposer: [HWC] (0)fire a callback of refresh to SF[4]  
06-21 03:07:14.750  1084  1101 I mtkpower@impl: [setMode] type:6, enabled:1
06-21 03:07:14.750  1084  1101 E mtkpower@impl: [setMode] unknown type
06-21 03:07:14.783  1084  1101 I mtkpower@impl: [setMode] type:6, enabled:0
06-21 03:07:14.784  1084  1101 E mtkpower@impl: [setMode] unknown type
06-21 03:07:15.018  1924  2089 D OplusSmartBrightnessController: handleMessage MSG_LUX_CHANGED, mLux:6.8874083 luxQueue=[6.8867755, 6.887524, 6.8881116, 6.8874984, 6.887263, 6.887278]
06-21 03:07:15.160  1924  2374 I Osense-DecisionMaker: notifyScene: OSENSE_ACTION_TOUCH_BOOST, to hw policy!
06-21 03:07:15.163  1924  2391 D OGG_Detector: D:done mCurrStatus: 0
06-21 03:07:15.163  1924  2227 D PowerManagerService: userActivityNoUpdateLocked: groupId=0, eventTime=274914386, event=2, flags=0x0, uid=1000
06-21 03:07:15.163  1924  5020 E SystemServiceRegistry: Manager wrapper not available: linearmotor
06-21 03:07:15.164  1924  5020 D SystemVibratorExtImpl: convertToLinearVibration uid = 10437, opPkg = com.amharic.keyboard.for.android, effect = Composed{segments=[Prebaked{effect=CLICK, strength=MEDIUM, fallback=true}], repeat=-1}, attributes = VibrationAttributes: Usage=TOUCH Audio Usage= USAGE_UNKNOWN Flags=0
06-21 03:07:15.164  1924  5020 D SystemVibratorExtImpl: no vibrator_lmvibrator or CTS vibration, do not convert
06-21 03:07:15.164  1924  5020 I VibratorManagerServiceExtImpl: vibrate is uid=10437, pid=1924, opPkg=com.amharic.keyboard.for.android, effect=Mono{mEffect=Composed{segments=[Prebaked{effect=CLICK, strength=MEDIUM, fallback=true}], repeat=-1}}, attributes=VibrationAttributes: Usage=TOUCH Audio Usage= USAGE_UNKNOWN Flags=0, token=258399913
06-21 03:07:15.164  1924  5020 D VibratorManagerServiceExtImpl: adaptImeVibration 'com.amharic.keyboard.for.android': Composed{segments=[Prebaked{effect=CLICK, strength=MEDIUM, fallback=true}], repeat=-1}, reason = null
06-21 03:07:15.164  2515  2515 D NoBackGesture: Start gesture: MotionEvent { action=ACTION_DOWN, actionButton=0, id[0]=0, x[0]=658.0, y[0]=1861.0, toolType[0]=TOOL_TYPE_FINGER, buttonState=0, classification=NONE, metaState=0, flags=0x0, edgeFlags=0x0, pointerCount=1, historySize=0, eventTime=274914386, downTime=274914386, deviceId=4, source=0x1002, displayId=0, eventId=843834320 }
06-21 03:07:15.164  2515  2515 D NoBackGesture: Not in side gesture area
06-21 03:07:15.164  1924  5020 D VibratorManagerServiceExtImpl: startCustomizeVibratorLocked id= 0,size=1
06-21 03:07:15.164  1924  5020 D VibratorManagerServiceExtImpl: startCustomizeVibratorLocked withCallback=false
06-21 03:07:15.165  1090  1090 D Vibrator: Vibrator perform 1, 0
06-21 03:07:15.165  1090  1090 I Vibrator: Vibrator on for timeoutMs: 30
06-21 03:07:15.165  1090  1090 D Vibrator: mHoldMinDuration:0, timeoutMs:30
06-21 03:07:15.165  1090  1090 D Vibrator: Vibrator using LED trigger
06-21 03:07:15.196  1090  1090 D Vibrator: Vibrator off
06-21 03:07:15.196  1090  1090 D Vibrator: Vibrator using LED trigger
06-21 03:07:15.223  1084  1144 I libPowerHal: [perfLockRel] hdl:65466, idx:1
06-21 03:07:15.223  1084  1144 I libPowerHal: [PD] MTKPOWER_HINT_APP_TOUCH update cmd:3408600 param:0
06-21 03:07:15.345  1063  1353 I hwcomposer: [HWC] (0)fire a callback of refresh to SF[4]  
06-21 03:07:15.352  1084  1101 I mtkpower@impl: [setMode] type:6, enabled:1
06-21 03:07:15.352  1084  1101 E mtkpower@impl: [setMode] unknown type
06-21 03:07:15.369  2882  2882 D OplusTelephonyController: onSignalStrengthChanged: SignalStrength=SignalStrength:{mCdma=CellSignalStrengthCdma: cdmaDbm=2147483647 cdmaEcio=2147483647 evdoDbm=2147483647 evdoEcio=2147483647 evdoSnr=2147483647 level=0,mGsm=CellSignalStrengthGsm: rssi=2147483647 ber=2147483647 mTa=2147483647 mLevel=0,mWcdma=CellSignalStrengthWcdma: ss=2147483647 ber=2147483647 rscp=2147483647 ecno=2147483647 level=0,mTdscdma=CellSignalStrengthTdscdma: rssi=2147483647 ber=2147483647 rscp=2147483647 level=0,mLte=CellSignalStrengthLte: rssi=2147483647 rsrp=-97 rsrq=-11 rssnr=9 cqiTableIndex=2147483647 cqi=0 ta=0 level=4 parametersUseForLevel=0,mNr=CellSignalStrengthNr:{ csiRsrp = 2147483647 csiRsrq = 2147483647 csiCqiTableIndex = 2147483647 csiCqiReport = [] ssRsrp = 2147483647 ssRsrq = 2147483647 ssSinr = 2147483647 level = 0 parametersUseForLevel = 0 },primary=CellSignalStrengthLte}, phoneId=0, mMtkLevel=0, mMtkRsrpOnly=false, mMtkLteRsrpThreshold=null, mMtkLteRssnrThreshold=null
06-21 03:07:15.396  1084  1101 I mtkpower@impl: [setMode] type:6, enabled:0
06-21 03:07:15.396  1084  1101 E mtkpower@impl: [setMode] unknown type
06-21 03:07:15.569  1924  2087 D DpcExtImpl[0]: original brightness:803 final brightness:630.0 scale:0.78550667 reason:4 darkLevel:2
06-21 03:07:15.569  1924  2087 D DisplayPowerController[0]: Brightness [630.0] reason changing to: 'automatic [ auto_adj ]', previous reason: 'automatic'. id=local:0
06-21 03:07:15.569  1924  2087 I DisplayPowerController[0]: BrightnessEvent: disp=0, brt=630.0(user_set), rcmdBrt=NaN, preBrt=NaN, lux=0.0, preLux=0.0, hbmMax=1.0, hbmMode=off, thrmMax=1.0, flags=user_set , reason=automatic [ auto_adj ]
06-21 03:07:15.574  1441  1552 D AALCust : aal_backlight_bits, specialConfig:12
06-21 03:07:15.574  1441  1552 D AAL     : onBacklightChanged: 670/1023 -> 669/1023(phy:669/4095)
06-21 03:07:15.653  1063  1353 I hwcomposer: [HWC] (0)fire a callback of refresh to SF[4]  
06-21 03:07:15.662  1084  1101 I mtkpower@impl: [setMode] type:6, enabled:1
06-21 03:07:15.662  1084  1101 E mtkpower@impl: [setMode] unknown type
06-21 03:07:15.705  1084  1101 I mtkpower@impl: [setMode] type:6, enabled:0
06-21 03:07:15.705  1084  1101 E mtkpower@impl: [setMode] unknown type
06-21 03:07:15.726  2515  2731 I QuickAccessWalletTile: QAW service is unavailable, recreating the wallet client.
06-21 03:07:15.833  1063  1353 I hwcomposer: [HWC] (0)fire a callback of refresh to SF[4]  
06-21 03:07:15.840  1084  1101 I mtkpower@impl: [setMode] type:6, enabled:1
06-21 03:07:15.840  1084  1101 E mtkpower@impl: [setMode] unknown type
06-21 03:07:15.846  1441  1552 D AAL     : 06-21 03:07:15.830 BL= 669,ESS= 256, 
06-21 03:07:15.857  1084  1101 I mtkpower@impl: [setMode] type:6, enabled:0
06-21 03:07:15.857  1084  1101 E mtkpower@impl: [setMode] unknown type
06-21 03:07:15.862  1441  1552 D AALCust : aal_backlight_bits, specialConfig:12
06-21 03:07:15.862  1441  1552 D AAL     : onBacklightChanged: 669/1023 -> 668/1023(phy:668/4095)
06-21 03:07:15.868  1924  2087 D DpcExtImpl[0]: original brightness:803 final brightness:630.0 scale:0.78550667 reason:4 darkLevel:2
06-21 03:07:15.868  1924  2087 D DisplayPowerController[0]: Brightness [630.0] reason changing to: 'automatic [ auto_adj ]', previous reason: 'automatic'. id=local:0
06-21 03:07:15.869  1924  2087 I DisplayPowerController[0]: BrightnessEvent: disp=0, brt=630.0(user_set), rcmdBrt=NaN, preBrt=NaN, lux=0.0, preLux=0.0, hbmMax=1.0, hbmMode=off, thrmMax=1.0, flags=user_set , reason=automatic [ auto_adj ]
06-21 03:07:15.927  1063  1353 I hwcomposer: [HWC] (0)fire a callback of refresh to SF[4]  
06-21 03:07:15.937  1924  2087 D DpcExtImpl[0]: original brightness:803 final brightness:630.0 scale:0.78550667 reason:4 darkLevel:2
06-21 03:07:15.937  1924  2087 D DisplayPowerController[0]: Brightness [630.0] reason changing to: 'automatic [ auto_adj ]', previous reason: 'automatic'. id=local:0
06-21 03:07:15.937  1924  2087 I DisplayPowerController[0]: BrightnessEvent: disp=0, brt=630.0, rcmdBrt=NaN, preBrt=NaN, lux=0.0, preLux=0.0, hbmMax=1.0, hbmMode=off, thrmMax=1.0, flags=, reason=automatic [ auto_adj ]
06-21 03:07:15.939  1084  1101 I mtkpower@impl: [setMode] type:6, enabled:1
06-21 03:07:15.939  1084  1101 E mtkpower@impl: [setMode] unknown type
06-21 03:07:15.944  1441  1552 D AALCust : aal_backlight_bits, specialConfig:12
06-21 03:07:15.944  1441  1552 D AAL     : onBacklightChanged: 668/1023 -> 667/1023(phy:667/4095)
06-21 03:07:15.965  1924  2374 I Osense-DecisionMaker: notifyScene: OSENSE_ACTION_TOUCH_BOOST, to hw policy!
06-21 03:07:15.966  2515  2515 D NoBackGesture: Start gesture: MotionEvent { action=ACTION_DOWN, actionButton=0, id[0]=0, x[0]=852.0, y[0]=2068.0, toolType[0]=TOOL_TYPE_FINGER, buttonState=0, classification=NONE, metaState=0, flags=0x0, edgeFlags=0x0, pointerCount=1, historySize=0, eventTime=274915191, downTime=274915191, deviceId=4, source=0x1002, displayId=0, eventId=310008440 }
06-21 03:07:15.967  2515  2515 D NoBackGesture: Not in side gesture area
06-21 03:07:15.967  1924  2391 D OGG_Detector: D:done mCurrStatus: 0
06-21 03:07:15.967  1924  2227 D PowerManagerService: userActivityNoUpdateLocked: groupId=0, eventTime=274915191, event=2, flags=0x0, uid=1000
06-21 03:07:15.968  1924  4969 E SystemServiceRegistry: Manager wrapper not available: linearmotor
06-21 03:07:15.969  1924  4969 D SystemVibratorExtImpl: convertToLinearVibration uid = 10437, opPkg = com.amharic.keyboard.for.android, effect = Composed{segments=[Prebaked{effect=CLICK, strength=MEDIUM, fallback=true}], repeat=-1}, attributes = VibrationAttributes: Usage=TOUCH Audio Usage= USAGE_UNKNOWN Flags=0
06-21 03:07:15.969  1924  4969 D SystemVibratorExtImpl: no vibrator_lmvibrator or CTS vibration, do not convert
06-21 03:07:15.969  1924  4969 I VibratorManagerServiceExtImpl: vibrate is uid=10437, pid=1924, opPkg=com.amharic.keyboard.for.android, effect=Mono{mEffect=Composed{segments=[Prebaked{effect=CLICK, strength=MEDIUM, fallback=true}], repeat=-1}}, attributes=VibrationAttributes: Usage=TOUCH Audio Usage= USAGE_UNKNOWN Flags=0, token=258399913
06-21 03:07:15.969  1924  4969 D VibratorManagerServiceExtImpl: adaptImeVibration 'com.amharic.keyboard.for.android': Composed{segments=[Prebaked{effect=CLICK, strength=MEDIUM, fallback=true}], repeat=-1}, reason = null
06-21 03:07:15.969  1084  1101 I mtkpower@impl: [setMode] type:6, enabled:0
06-21 03:07:15.969  1084  1101 E mtkpower@impl: [setMode] unknown type
06-21 03:07:15.969  1924  4969 D VibratorManagerServiceExtImpl: startCustomizeVibratorLocked id= 0,size=1
06-21 03:07:15.969  1924  4969 D VibratorManagerServiceExtImpl: startCustomizeVibratorLocked withCallback=false
06-21 03:07:15.971  1090  1090 D Vibrator: Vibrator perform 1, 0
06-21 03:07:15.971  1090  1090 I Vibrator: Vibrator on for timeoutMs: 30
06-21 03:07:15.971  1090  1090 D Vibrator: mHoldMinDuration:0, timeoutMs:30
06-21 03:07:15.971  1090  1090 D Vibrator: Vibrator using LED trigger
06-21 03:07:15.971  1924  2087 D DpcExtImpl[0]: original brightness:803 final brightness:630.0 scale:0.78550667 reason:4 darkLevel:2
06-21 03:07:15.971  1924  2087 D DisplayPowerController[0]: Brightness [630.0] reason changing to: 'automatic [ auto_adj ]', previous reason: 'automatic'. id=local:0
06-21 03:07:15.971  1924  2087 I DisplayPowerController[0]: BrightnessEvent: disp=0, brt=630.0(user_set), rcmdBrt=NaN, preBrt=NaN, lux=0.0, preLux=0.0, hbmMax=1.0, hbmMode=off, thrmMax=1.0, flags=user_set , reason=automatic [ auto_adj ]
06-21 03:07:15.976  1441  1552 D AALCust : aal_backlight_bits, specialConfig:12
06-21 03:07:15.976  1441  1552 D AAL     : onBacklightChanged: 667/1023 -> 666/1023(phy:666/4095)
06-21 03:07:15.983  1924  2087 D DpcExtImpl[0]: original brightness:803 final brightness:630.0 scale:0.78550667 reason:4 darkLevel:2
06-21 03:07:15.983  1924  2087 D DisplayPowerController[0]: Brightness [630.0] reason changing to: 'automatic [ auto_adj ]', previous reason: 'automatic'. id=local:0
06-21 03:07:15.983  1924  2087 I DisplayPowerController[0]: BrightnessEvent: disp=0, brt=630.0(user_set), rcmdBrt=NaN, preBrt=NaN, lux=0.0, preLux=0.0, hbmMax=1.0, hbmMode=off, thrmMax=1.0, flags=user_set , reason=automatic [ auto_adj ]
06-21 03:07:15.993  1441  1552 D AALCust : aal_backlight_bits, specialConfig:12
06-21 03:07:15.993  1441  1552 D AAL     : onBacklightChanged: 666/1023 -> 665/1023(phy:665/4095)
06-21 03:07:15.998  1924  2087 D DpcExtImpl[0]: original brightness:803 final brightness:630.0 scale:0.78550667 reason:4 darkLevel:2
06-21 03:07:15.998  1924  2087 D DisplayPowerController[0]: Brightness [630.0] reason changing to: 'automatic [ auto_adj ]', previous reason: 'automatic'. id=local:0
06-21 03:07:15.998  1924  2087 I DisplayPowerController[0]: BrightnessEvent: disp=0, brt=630.0(user_set), rcmdBrt=NaN, preBrt=NaN, lux=0.0, preLux=0.0, hbmMax=1.0, hbmMode=off, thrmMax=1.0, flags=user_set , reason=automatic [ auto_adj ]
06-21 03:07:16.002  1090  1090 D Vibrator: Vibrator off
06-21 03:07:16.002  1090  1090 D Vibrator: Vibrator using LED trigger
06-21 03:07:16.009  1441  1552 D AALCust : aal_backlight_bits, specialConfig:12
06-21 03:07:16.009  1441  1552 D AAL     : onBacklightChanged: 665/1023 -> 662/1023(phy:662/4095)
06-21 03:07:16.042  1441  1552 D AAL     : 06-21 03:07:15.961 BL= 668,ESS= 256, 06-21 03:07:15.993 BL= 667,ESS= 256, 06-21 03:07:16.009 BL= 664,ESS= 256, 06-21 03:07:16.025 BL= 662,ESS= 256, 
06-21 03:07:16.043  1084  1144 I libPowerHal: [perfLockRel] hdl:65467, idx:1
06-21 03:07:16.043  1084  1144 I libPowerHal: [PD] MTKPOWER_HINT_APP_TOUCH update cmd:3408600 param:0
06-21 03:07:16.111 14190 14190 D BoundBrokerSvc: onUnbind: Intent { act=com.google.android.gms.auth.aang.events.services.START dat=chimera-action:/... cmp=com.google.android.gms/.chimera.PersistentApiService }
06-21 03:07:16.153  1063  1353 I hwcomposer: [HWC] (0)fire a callback of refresh to SF[4]  
06-21 03:07:16.166  1084  1101 I mtkpower@impl: [setMode] type:6, enabled:1
06-21 03:07:16.167  1084  1101 E mtkpower@impl: [setMode] unknown type
06-21 03:07:16.205  1084  1101 I mtkpower@impl: [setMode] type:6, enabled:0
06-21 03:07:16.205  1084  1101 E mtkpower@impl: [setMode] unknown type
06-21 03:07:16.313 25679 25679 D BoundBrokerSvc: onUnbind: Intent { act=com.google.android.gms.checkin.START pkg=com.google.android.gms }
06-21 03:07:16.381 14190 14190 D BoundBrokerSvc: onUnbind: Intent { act=com.google.android.gms.libs.gmscorelogger.service.START dat=chimera-action:/... cmp=com.google.android.gms/.chimera.PersistentDirectBootAwareApiService }
06-21 03:07:16.391  1924  2374 I Osense-DecisionMaker: notifyScene: OSENSE_ACTION_TOUCH_BOOST, to hw policy!
06-21 03:07:16.392  4907  4907 D OplusSystemUINavigationGesture: [GESTURE_BUTTON] swipe from 0
06-21 03:07:16.393  1924  2391 D OGG_Detector: D:done mCurrStatus: 0
06-21 03:07:16.393  2515  2515 D NoBackGesture: Start gesture: MotionEvent { action=ACTION_DOWN, actionButton=0, id[0]=0, x[0]=44.0, y[0]=1787.0, toolType[0]=TOOL_TYPE_FINGER, buttonState=0, classification=NONE, metaState=0, flags=0x0, edgeFlags=0x0, pointerCount=1, historySize=0, eventTime=274915617, downTime=274915617, deviceId=4, source=0x1002, displayId=0, eventId=290748689 }
06-21 03:07:16.394  2515  2515 D NoBackGesture: AllowGesture false cuz: ||||touch region not valid
06-21 03:07:16.394  2515  2515 D NoBackGesture: current sysUiFlags: |||||||||||||||||allow_gesture|ime_visible||ime_switcher_showing|||||
06-21 03:07:16.394  1924  2227 D PowerManagerService: userActivityNoUpdateLocked: groupId=0, eventTime=274915617, event=2, flags=0x0, uid=1000
06-21 03:07:16.394  2515  2515 D NoBackGesture: mAllowGesture: false ,isStylusEvent = false
06-21 03:07:16.394  1924  2218 E SystemServiceRegistry: Manager wrapper not available: linearmotor
06-21 03:07:16.395  1924  2218 D SystemVibratorExtImpl: convertToLinearVibration uid = 10437, opPkg = com.amharic.keyboard.for.android, effect = Composed{segments=[Prebaked{effect=CLICK, strength=MEDIUM, fallback=true}], repeat=-1}, attributes = VibrationAttributes: Usage=TOUCH Audio Usage= USAGE_UNKNOWN Flags=0
06-21 03:07:16.395  1924  2218 D SystemVibratorExtImpl: no vibrator_lmvibrator or CTS vibration, do not convert
06-21 03:07:16.395  1924  2218 I VibratorManagerServiceExtImpl: vibrate is uid=10437, pid=1924, opPkg=com.amharic.keyboard.for.android, effect=Mono{mEffect=Composed{segments=[Prebaked{effect=CLICK, strength=MEDIUM, fallback=true}], repeat=-1}}, attributes=VibrationAttributes: Usage=TOUCH Audio Usage= USAGE_UNKNOWN Flags=0, token=258399913
06-21 03:07:16.395  1924  2218 D VibratorManagerServiceExtImpl: adaptImeVibration 'com.amharic.keyboard.for.android': Composed{segments=[Prebaked{effect=CLICK, strength=MEDIUM, fallback=true}], repeat=-1}, reason = null
06-21 03:07:16.395  1924  2218 D VibratorManagerServiceExtImpl: startCustomizeVibratorLocked id= 0,size=1
06-21 03:07:16.396  1924  2218 D VibratorManagerServiceExtImpl: startCustomizeVibratorLocked withCallback=false
06-21 03:07:16.398  1090  1090 D Vibrator: Vibrator perform 1, 0
06-21 03:07:16.398  1090  1090 I Vibrator: Vibrator on for timeoutMs: 30
06-21 03:07:16.398  1090  1090 D Vibrator: mHoldMinDuration:0, timeoutMs:30
06-21 03:07:16.398  1090  1090 D Vibrator: Vibrator using LED trigger
06-21 03:07:16.430  1090  1090 D Vibrator: Vibrator off
06-21 03:07:16.430  1090  1090 D Vibrator: Vibrator using LED trigger
06-21 03:07:16.447  1084  1144 I libPowerHal: [perfLockRel] hdl:65468, idx:1
06-21 03:07:16.448  1084  1144 I libPowerHal: [PD] MTKPOWER_HINT_APP_TOUCH update cmd:3408600 param:0
06-21 03:07:16.573  1063  1353 I hwcomposer: [HWC] (0)fire a callback of refresh to SF[4]  
06-21 03:07:16.589  1084  1101 I mtkpower@impl: [setMode] type:6, enabled:1
06-21 03:07:16.589  1084  1101 E mtkpower@impl: [setMode] unknown type
06-21 03:07:16.624  1084  1101 I mtkpower@impl: [setMode] type:6, enabled:0
06-21 03:07:16.625  1084  1101 E mtkpower@impl: [setMode] unknown type
06-21 03:07:16.663  6579 21576 I AudioEffect: command() 0xb400007646053400, cmdCode = 5
06-21 03:07:16.664  1056  1119 I EffectsFactory: Effect_Command(): self = 0xe3eb5280, cmdCode = 5
06-21 03:07:16.751  1924  2087 D DpcExtImpl[0]: original brightness:803 final brightness:630.0 scale:0.78550667 reason:4 darkLevel:2
06-21 03:07:16.751  1924  2087 D DisplayPowerController[0]: Brightness [630.0] reason changing to: 'automatic [ auto_adj ]', previous reason: 'automatic'. id=local:0
06-21 03:07:16.752  1924  2087 I DisplayPowerController[0]: BrightnessEvent: disp=0, brt=630.0(user_set), rcmdBrt=NaN, preBrt=NaN, lux=0.0, preLux=0.0, hbmMax=1.0, hbmMode=off, thrmMax=1.0, flags=user_set , reason=automatic [ auto_adj ]
06-21 03:07:16.762  1441  1552 D AALCust : aal_backlight_bits, specialConfig:12
06-21 03:07:16.762  1441  1552 D AAL     : onBacklightChanged: 662/1023 -> 661/1023(phy:661/4095)
06-21 03:07:16.772  1924  2087 D DpcExtImpl[0]: original brightness:803 final brightness:630.0 scale:0.78550667 reason:4 darkLevel:2
06-21 03:07:16.772  1924  2087 D DisplayPowerController[0]: Brightness [630.0] reason changing to: 'automatic [ auto_adj ]', previous reason: 'automatic'. id=local:0
06-21 03:07:16.772  1924  2087 I DisplayPowerController[0]: BrightnessEvent: disp=0, brt=630.0, rcmdBrt=NaN, preBrt=NaN, lux=0.0, preLux=0.0, hbmMax=1.0, hbmMode=off, thrmMax=1.0, flags=, reason=automatic [ auto_adj ]
06-21 03:07:16.775  1441  1552 D AALCust : aal_backlight_bits, specialConfig:12
06-21 03:07:16.775  1441  1552 D AAL     : onBacklightChanged: 661/1023 -> 660/1023(phy:660/4095)
06-21 03:07:16.791  1924  2087 D DpcExtImpl[0]: original brightness:803 final brightness:630.0 scale:0.78550667 reason:4 darkLevel:2
06-21 03:07:16.791  1924  2087 D DisplayPowerController[0]: Brightness [630.0] reason changing to: 'automatic [ auto_adj ]', previous reason: 'automatic'. id=local:0
06-21 03:07:16.792  1924  2087 I DisplayPowerController[0]: BrightnessEvent: disp=0, brt=630.0(user_set), rcmdBrt=NaN, preBrt=NaN, lux=0.0, preLux=0.0, hbmMax=1.0, hbmMode=off, thrmMax=1.0, flags=user_set , reason=automatic [ auto_adj ]
06-21 03:07:16.791  1441  1552 D AALCust : aal_backlight_bits, specialConfig:12
06-21 03:07:16.792  1441  1552 D AAL     : onBacklightChanged: 660/1023 -> 659/1023(phy:659/4095)
06-21 03:07:16.808  1441  1552 D AAL     : 06-21 03:07:16.775 BL= 661,ESS= 256, 06-21 03:07:16.792 BL= 659,ESS= 256, 
06-21 03:07:16.818  1924  2087 D DpcExtImpl[0]: original brightness:803 final brightness:630.0 scale:0.78550667 reason:4 darkLevel:2
06-21 03:07:16.818  1924  2087 D DisplayPowerController[0]: Brightness [630.0] reason changing to: 'automatic [ auto_adj ]', previous reason: 'automatic'. id=local:0
06-21 03:07:16.818  1924  2087 I DisplayPowerController[0]: BrightnessEvent: disp=0, brt=630.0(user_set), rcmdBrt=NaN, preBrt=NaN, lux=0.0, preLux=0.0, hbmMax=1.0, hbmMode=off, thrmMax=1.0, flags=user_set , reason=automatic [ auto_adj ]
06-21 03:07:16.829  1441  1552 D AALCust : aal_backlight_bits, specialConfig:12
06-21 03:07:16.829  1441  1552 D AAL     : onBacklightChanged: 659/1023 -> 658/1023(phy:658/4095)
06-21 03:07:16.851  1924  2087 D DpcExtImpl[0]: original brightness:803 final brightness:630.0 scale:0.78550667 reason:4 darkLevel:2
06-21 03:07:16.851  1924  2087 D DisplayPowerController[0]: Brightness [630.0] reason changing to: 'automatic [ auto_adj ]', previous reason: 'automatic'. id=local:0
06-21 03:07:16.851  1924  2087 I DisplayPowerController[0]: BrightnessEvent: disp=0, brt=630.0(user_set), rcmdBrt=NaN, preBrt=NaN, lux=0.0, preLux=0.0, hbmMax=1.0, hbmMode=off, thrmMax=1.0, flags=user_set , reason=automatic [ auto_adj ]
06-21 03:07:16.856  1441  1552 D AALCust : aal_backlight_bits, specialConfig:12
06-21 03:07:16.856  1441  1552 D AAL     : onBacklightChanged: 658/1023 -> 657/1023(phy:657/4095)
06-21 03:07:16.873  1441  1552 D AAL     : 06-21 03:07:16.840 BL= 658,ESS= 256, 06-21 03:07:16.857 BL= 657,ESS= 256, 
06-21 03:07:16.949  1063  1353 I hwcomposer: [HWC] (0)fire a callback of refresh to SF[4]  
06-21 03:07:16.964  1084  1101 I mtkpower@impl: [setMode] type:6, enabled:1
06-21 03:07:16.964  1084  1101 E mtkpower@impl: [setMode] unknown type
06-21 03:07:16.981  1084  1101 I mtkpower@impl: [setMode] type:6, enabled:0
06-21 03:07:16.981  1084  1101 E mtkpower@impl: [setMode] unknown type
06-21 03:07:17.148  1924  2087 D DpcExtImpl[0]: original brightness:803 final brightness:630.0 scale:0.78550667 reason:4 darkLevel:2
06-21 03:07:17.149  1924  2087 D DisplayPowerController[0]: Brightness [630.0] reason changing to: 'automatic [ auto_adj ]', previous reason: 'automatic'. id=local:0
06-21 03:07:17.149  1924  2087 I DisplayPowerController[0]: BrightnessEvent: disp=0, brt=630.0, rcmdBrt=NaN, preBrt=NaN, lux=0.0, preLux=0.0, hbmMax=1.0, hbmMode=off, thrmMax=1.0, flags=, reason=automatic [ auto_adj ]
06-21 03:07:17.154  1441  1552 D AALCust : aal_backlight_bits, specialConfig:12
06-21 03:07:17.154  1441  1552 D AAL     : onBacklightChanged: 657/1023 -> 656/1023(phy:656/4095)
06-21 03:07:17.195  1924  2087 D DpcExtImpl[0]: original brightness:803 final brightness:630.0 scale:0.78550667 reason:4 darkLevel:2
06-21 03:07:17.195  1924  2087 D DisplayPowerController[0]: Brightness [630.0] reason changing to: 'automatic [ auto_adj ]', previous reason: 'automatic'. id=local:0
06-21 03:07:17.195  1924  2087 I DisplayPowerController[0]: BrightnessEvent: disp=0, brt=630.0(user_set), rcmdBrt=NaN, preBrt=NaN, lux=0.0, preLux=0.0, hbmMax=1.0, hbmMode=off, thrmMax=1.0, flags=user_set , reason=automatic [ auto_adj ]
06-21 03:07:17.198  1441  1552 D AALCust : aal_backlight_bits, specialConfig:12
06-21 03:07:17.198  1441  1552 D AAL     : onBacklightChanged: 656/1023 -> 654/1023(phy:654/4095)
06-21 03:07:17.217  1924  2374 I Osense-DecisionMaker: notifyScene: OSENSE_ACTION_TOUCH_BOOST, to hw policy!
06-21 03:07:17.219  4907  4907 D OplusSystemUINavigationGesture: [GESTURE_BUTTON] swipe from 1
06-21 03:07:17.219  2515  2515 D NoBackGesture: Start gesture: MotionEvent { action=ACTION_DOWN, actionButton=0, id[0]=0, x[0]=1052.0, y[0]=1991.0, toolType[0]=TOOL_TYPE_FINGER, buttonState=0, classification=NONE, metaState=0, flags=0x0, edgeFlags=0x0, pointerCount=1, historySize=0, eventTime=274916443, downTime=274916443, deviceId=4, source=0x1002, displayId=0, eventId=549131511 }
06-21 03:07:17.219  2515  2515 D NoBackGesture: AllowGesture false cuz: ||||touch region not valid
06-21 03:07:17.219  2515  2515 D NoBackGesture: current sysUiFlags: |||||||||||||||||allow_gesture|ime_visible||ime_switcher_showing|||||
06-21 03:07:17.219  2515  2515 D NoBackGesture: mAllowGesture: false ,isStylusEvent = false
06-21 03:07:17.220  1924  2391 D OGG_Detector: D:done mCurrStatus: 0
06-21 03:07:17.220  1924  5020 E SystemServiceRegistry: Manager wrapper not available: linearmotor
06-21 03:07:17.220  1924  2227 D PowerManagerService: userActivityNoUpdateLocked: groupId=0, eventTime=274916443, event=2, flags=0x0, uid=1000
06-21 03:07:17.220  1924  5020 D SystemVibratorExtImpl: convertToLinearVibration uid = 10437, opPkg = com.amharic.keyboard.for.android, effect = Composed{segments=[Prebaked{effect=CLICK, strength=MEDIUM, fallback=true}], repeat=-1}, attributes = VibrationAttributes: Usage=TOUCH Audio Usage= USAGE_UNKNOWN Flags=0
06-21 03:07:17.220  1924  5020 D SystemVibratorExtImpl: no vibrator_lmvibrator or CTS vibration, do not convert
06-21 03:07:17.220  1924  5020 I VibratorManagerServiceExtImpl: vibrate is uid=10437, pid=1924, opPkg=com.amharic.keyboard.for.android, effect=Mono{mEffect=Composed{segments=[Prebaked{effect=CLICK, strength=MEDIUM, fallback=true}], repeat=-1}}, attributes=VibrationAttributes: Usage=TOUCH Audio Usage= USAGE_UNKNOWN Flags=0, token=258399913
06-21 03:07:17.220  1924  5020 D VibratorManagerServiceExtImpl: adaptImeVibration 'com.amharic.keyboard.for.android': Composed{segments=[Prebaked{effect=CLICK, strength=MEDIUM, fallback=true}], repeat=-1}, reason = null
06-21 03:07:17.220  1924  5020 D VibratorManagerServiceExtImpl: startCustomizeVibratorLocked id= 0,size=1
06-21 03:07:17.220  1924  5020 D VibratorManagerServiceExtImpl: startCustomizeVibratorLocked withCallback=false
06-21 03:07:17.222  1090  1090 D Vibrator: Vibrator perform 1, 0
06-21 03:07:17.222  1090  1090 I Vibrator: Vibrator on for timeoutMs: 30
06-21 03:07:17.222  1090  1090 D Vibrator: mHoldMinDuration:0, timeoutMs:30
06-21 03:07:17.222  1090  1090 D Vibrator: Vibrator using LED trigger
06-21 03:07:17.253  1090  1090 D Vibrator: Vibrator off
06-21 03:07:17.253  1090  1090 D Vibrator: Vibrator using LED trigger
06-21 03:07:17.263  1441  1552 D AAL     : 06-21 03:07:17.199 BL= 656,ESS= 256, 06-21 03:07:17.215 BL= 655,ESS= 256, 06-21 03:07:17.247 BL= 654,ESS= 256, 
06-21 03:07:17.269  1924  2087 D DpcExtImpl[0]: original brightness:803 final brightness:630.0 scale:0.78550667 reason:4 darkLevel:2
06-21 03:07:17.269  1924  2087 D DisplayPowerController[0]: Brightness [630.0] reason changing to: 'automatic [ auto_adj ]', previous reason: 'automatic'. id=local:0
06-21 03:07:17.269  1924  2087 I DisplayPowerController[0]: BrightnessEvent: disp=0, brt=630.0(user_set), rcmdBrt=NaN, preBrt=NaN, lux=0.0, preLux=0.0, hbmMax=1.0, hbmMode=off, thrmMax=1.0, flags=user_set , reason=automatic [ auto_adj ]
06-21 03:07:17.274  3430  3430 D HidDeviceService: handleMessage(): msg.what=8
06-21 03:07:17.274  3430  3430 D HidDeviceService: unregisterAppUid(): uid=10295
06-21 03:07:17.274  3430  3430 D HidDeviceService: unregisterAppUid(): caller UID doesn't match user UID
06-21 03:07:17.275  1924  2008 W libprocessgroup: Failed to open /dev/blkio/background/cgroup.procs: No such file or directory
06-21 03:07:17.279  1441  1552 D AALCust : aal_backlight_bits, specialConfig:12
06-21 03:07:17.279  1441  1552 D AAL     : onBacklightChanged: 654/1023 -> 652/1023(phy:652/4095)
06-21 03:07:17.287  1084  1144 I libPowerHal: [perfLockRel] hdl:65469, idx:1
06-21 03:07:17.288  1084  1144 I libPowerHal: [PD] MTKPOWER_HINT_APP_TOUCH update cmd:3408600 param:0
06-21 03:07:17.318  1924  2087 D DpcExtImpl[0]: original brightness:803 final brightness:630.0 scale:0.78550667 reason:4 darkLevel:2
06-21 03:07:17.318  1924  2087 D DisplayPowerController[0]: Brightness [630.0] reason changing to: 'automatic [ auto_adj ]', previous reason: 'automatic'. id=local:0
06-21 03:07:17.319  1924  2087 I DisplayPowerController[0]: BrightnessEvent: disp=0, brt=630.0(user_set), rcmdBrt=NaN, preBrt=NaN, lux=0.0, preLux=0.0, hbmMax=1.0, hbmMode=off, thrmMax=1.0, flags=user_set , reason=automatic [ auto_adj ]
06-21 03:07:17.328  1441  1552 D AALCust : aal_backlight_bits, specialConfig:12
06-21 03:07:17.328  1441  1552 D AAL     : onBacklightChanged: 652/1023 -> 651/1023(phy:651/4095)
06-21 03:07:17.387  1924  2087 D DpcExtImpl[0]: original brightness:803 final brightness:630.0 scale:0.78550667 reason:4 darkLevel:2
06-21 03:07:17.387  1924  2087 D DisplayPowerController[0]: Brightness [630.0] reason changing to: 'automatic [ auto_adj ]', previous reason: 'automatic'. id=local:0
06-21 03:07:17.387  1924  2087 I DisplayPowerController[0]: BrightnessEvent: disp=0, brt=630.0(user_set), rcmdBrt=NaN, preBrt=NaN, lux=0.0, preLux=0.0, hbmMax=1.0, hbmMode=off, thrmMax=1.0, flags=user_set , reason=automatic [ auto_adj ]
06-21 03:07:17.394  1441  1552 D AALCust : aal_backlight_bits, specialConfig:12
06-21 03:07:17.394  1441  1552 D AAL     : onBacklightChanged: 651/1023 -> 650/1023(phy:650/4095)
06-21 03:07:17.438  1924  2087 D DpcExtImpl[0]: original brightness:803 final brightness:630.0 scale:0.78550667 reason:4 darkLevel:2
06-21 03:07:17.438  1924  2087 D DisplayPowerController[0]: Brightness [630.0] reason changing to: 'automatic [ auto_adj ]', previous reason: 'automatic'. id=local:0
06-21 03:07:17.438  1924  2087 I DisplayPowerController[0]: BrightnessEvent: disp=0, brt=630.0, rcmdBrt=NaN, preBrt=NaN, lux=0.0, preLux=0.0, hbmMax=1.0, hbmMode=off, thrmMax=1.0, flags=, reason=automatic [ auto_adj ]
06-21 03:07:17.442  1441  1552 D AALCust : aal_backlight_bits, specialConfig:12
06-21 03:07:17.443  1441  1552 D AAL     : onBacklightChanged: 650/1023 -> 649/1023(phy:649/4095)
06-21 03:07:17.459  1441  1552 D AAL     : 06-21 03:07:17.296 BL= 653,ESS= 256, 06-21 03:07:17.329 BL= 652,ESS= 256, 06-21 03:07:17.378 BL= 651,ESS= 256, 06-21 03:07:17.427 BL= 650,ESS= 256, 06-21 03:07:17.459 BL= 649,ESS= 256, 
06-21 03:07:17.469  1924  2087 D DpcExtImpl[0]: original brightness:803 final brightness:630.0 scale:0.78550667 reason:4 darkLevel:2
06-21 03:07:17.470  1924  2087 D DisplayPowerController[0]: Brightness [630.0] reason changing to: 'automatic [ auto_adj ]', previous reason: 'automatic'. id=local:0
06-21 03:07:17.470  1924  2087 I DisplayPowerController[0]: BrightnessEvent: disp=0, brt=630.0(user_set), rcmdBrt=NaN, preBrt=NaN, lux=0.0, preLux=0.0, hbmMax=1.0, hbmMode=off, thrmMax=1.0, flags=user_set , reason=automatic [ auto_adj ]
06-21 03:07:17.475  1441  1552 D AALCust : aal_backlight_bits, specialConfig:12
06-21 03:07:17.475  1441  1552 D AAL     : onBacklightChanged: 649/1023 -> 648/1023(phy:648/4095)
06-21 03:07:17.508  1441  1552 D AAL     : 06-21 03:07:17.492 BL= 648,ESS= 256, 
06-21 03:07:17.536  1924  2087 D DpcExtImpl[0]: original brightness:803 final brightness:630.0 scale:0.78550667 reason:4 darkLevel:2
06-21 03:07:17.536  1924  2087 D DisplayPowerController[0]: Brightness [630.0] reason changing to: 'automatic [ auto_adj ]', previous reason: 'automatic'. id=local:0
06-21 03:07:17.536  1924  2087 I DisplayPowerController[0]: BrightnessEvent: disp=0, brt=630.0(user_set), rcmdBrt=NaN, preBrt=NaN, lux=0.0, preLux=0.0, hbmMax=1.0, hbmMode=off, thrmMax=1.0, flags=user_set , reason=automatic [ auto_adj ]
06-21 03:07:17.545  1441  1552 D AALCust : aal_backlight_bits, specialConfig:12
06-21 03:07:17.545  1441  1552 D AAL     : onBacklightChanged: 648/1023 -> 647/1023(phy:647/4095)
06-21 03:07:17.552  1924  2087 D DpcExtImpl[0]: original brightness:803 final brightness:630.0 scale:0.78550667 reason:4 darkLevel:2
06-21 03:07:17.552  1924  2087 D DisplayPowerController[0]: Brightness [630.0] reason changing to: 'automatic [ auto_adj ]', previous reason: 'automatic'. id=local:0
06-21 03:07:17.552  1924  2087 I DisplayPowerController[0]: BrightnessEvent: disp=0, brt=630.0(user_set), rcmdBrt=NaN, preBrt=NaN, lux=0.0, preLux=0.0, hbmMax=1.0, hbmMode=off, thrmMax=1.0, flags=user_set , reason=automatic [ auto_adj ]
06-21 03:07:17.556  1441  1552 D AALCust : aal_backlight_bits, specialConfig:12
06-21 03:07:17.557  1441  1552 D AAL     : onBacklightChanged: 647/1023 -> 646/1023(phy:646/4095)
06-21 03:07:17.575  1441  1552 D AAL     : 06-21 03:07:17.557 BL= 646,ESS= 256, 
06-21 03:07:17.582  1924  2087 D DpcExtImpl[0]: original brightness:803 final brightness:630.0 scale:0.78550667 reason:4 darkLevel:2
06-21 03:07:17.582  1924  2087 D DisplayPowerController[0]: Brightness [630.0] reason changing to: 'automatic [ auto_adj ]', previous reason: 'automatic'. id=local:0
06-21 03:07:17.583  1924  2087 I DisplayPowerController[0]: BrightnessEvent: disp=0, brt=630.0, rcmdBrt=NaN, preBrt=NaN, lux=0.0, preLux=0.0, hbmMax=1.0, hbmMode=off, thrmMax=1.0, flags=, reason=automatic [ auto_adj ]
06-21 03:07:17.594  1441  1552 D AALCust : aal_backlight_bits, specialConfig:12
06-21 03:07:17.594  1441  1552 D AAL     : onBacklightChanged: 646/1023 -> 645/1023(phy:645/4095)
06-21 03:07:17.599  2515  2731 I QuickAccessWalletTile: QAW service is unavailable, recreating the wallet client.
06-21 03:07:17.622  1441  1552 D AAL     : 06-21 03:07:17.606 BL= 645,ESS= 256, 
06-21 03:07:17.657  1072  1135 E VirtualSensors: pedo minute, step_count = 16458, report_count = 7219 move_statust = 0 ,time_gap = 0 , step_run_count = 39 , step_walk_count = 16419
06-21 03:07:17.657  1072  1135 E power   : ISystemSuspend::getService() failed.
06-21 03:07:17.657  1072  1135 E SensorsMultiHal: Decrementing wakelock ref count by 1 when count is 0
06-21 03:07:17.657  1072  1135 E VirtualSensors: post_events : call
06-21 03:07:17.661  1924  2183 E AppOps  : attributionTag  not declared in manifest of com.oplus.exsystemservice
06-21 03:07:17.664  1924  2183 E AppOps  : attributionTag  not declared in manifest of com.oplus.exsystemservice
06-21 03:07:17.665  2474  2474 I StepApp_StepDataPreHandler: (main)onSensorChanged raw data: step=16458.0 state=0.0 minuteDelta=0.0 timestamp=433537677764679 steprun=39.0 stepwalk=16419.0 formatted data: step=16458 state=0 timestamp=433537677764679 time=1782000437655 steprun=39 stepwalk=16419
06-21 03:07:17.666  2474  4966 I StepApp_StepDataSaver: (StepDataDispatcher)getNewFixedOffsetStep type is STEP
06-21 03:07:17.666  2474  4966 I StepApp_StepDataSaver: (StepDataDispatcher)isRebootCountStep:false	 lastRealTimeStamp = 1782000360000	 bootTimestamp = 1781566899978	 mLastModifiedMinuteTime = 2026-06-21-03-06
06-21 03:07:17.666  2474  4966 I StepApp_StepDataSaver: (StepDataDispatcher)calOffSet:sensorStep = 16458	 lastModifiedStep = 16458	 offSet = 0
06-21 03:07:17.666  2474  4966 I StepApp_StepDataSaver: (StepDataDispatcher)getNewFixedOffsetStep type is RUN
06-21 03:07:17.667  2474  4966 I StepApp_StepDataSaver: (StepDataDispatcher)isRebootCountStep:false	 lastRealTimeStamp = 1782000360000	 bootTimestamp = 1781566899978	 mLastModifiedMinuteTime = 2026-06-21-03-06
06-21 03:07:17.667  2474  4966 I StepApp_StepDataSaver: (StepDataDispatcher)calOffSet:sensorStep = 39	 lastModifiedStep = 39	 offSet = 0
06-21 03:07:17.667  2474  4966 I StepApp_StepDataSaver: (StepDataDispatcher)getNewFixedOffsetStep type is WALK
06-21 03:07:17.668  2474  4966 I StepApp_StepDataSaver: (StepDataDispatcher)isRebootCountStep:false	 lastRealTimeStamp = 1782000360000	 bootTimestamp = 1781566899978	 mLastModifiedMinuteTime = 2026-06-21-03-06
06-21 03:07:17.668  2474  4966 I StepApp_StepDataSaver: (StepDataDispatcher)calOffSet:sensorStep = 16419	 lastModifiedStep = 16419	 offSet = 0
06-21 03:07:17.814  1924  2087 I OplusSmartBrightnessController: deltaLux = 0.1414814, scale = 1.0539496
06-21 03:07:17.815  1924  2089 D OplusSmartBrightnessController: handleMessage MSG_LUX_CHANGED, mLux:6.753169 luxQueue=[6.887405, 6.787966, 6.7714157, 6.752105, 6.7295556, 6.7032304, 6.6725183, 6.736128, 6.727488, 6.720167, 6.7148438]
06-21 03:07:17.960  1924  2374 I Osense-DecisionMaker: notifyScene: OSENSE_ACTION_TOUCH_BOOST, to hw policy!
06-21 03:07:17.962  2515  2515 D NoBackGesture: Start gesture: MotionEvent { action=ACTION_DOWN, actionButton=0, id[0]=0, x[0]=110.0, y[0]=1906.0, toolType[0]=TOOL_TYPE_FINGER, buttonState=0, classification=NONE, metaState=0, flags=0x0, edgeFlags=0x0, pointerCount=1, historySize=0, eventTime=274917186, downTime=274917186, deviceId=4, source=0x1002, displayId=0, eventId=294953195 }
06-21 03:07:17.962  2515  2515 D NoBackGesture: Not in side gesture area
06-21 03:07:17.962  1924  2227 D PowerManagerService: userActivityNoUpdateLocked: groupId=0, eventTime=274917186, event=2, flags=0x0, uid=1000
06-21 03:07:17.962  1924  2391 D OGG_Detector: D:done mCurrStatus: 0
06-21 03:07:17.963  1924  2218 E SystemServiceRegistry: Manager wrapper not available: linearmotor
06-21 03:07:17.965  1924  2218 D SystemVibratorExtImpl: convertToLinearVibration uid = 10437, opPkg = com.amharic.keyboard.for.android, effect = Composed{segments=[Prebaked{effect=CLICK, strength=MEDIUM, fallback=true}], repeat=-1}, attributes = VibrationAttributes: Usage=TOUCH Audio Usage= USAGE_UNKNOWN Flags=0
06-21 03:07:17.965  1924  2218 D SystemVibratorExtImpl: no vibrator_lmvibrator or CTS vibration, do not convert
06-21 03:07:17.965  1924  2218 I VibratorManagerServiceExtImpl: vibrate is uid=10437, pid=1924, opPkg=com.amharic.keyboard.for.android, effect=Mono{mEffect=Composed{segments=[Prebaked{effect=CLICK, strength=MEDIUM, fallback=true}], repeat=-1}}, attributes=VibrationAttributes: Usage=TOUCH Audio Usage= USAGE_UNKNOWN Flags=0, token=258399913
06-21 03:07:17.965  1924  2218 D VibratorManagerServiceExtImpl: adaptImeVibration 'com.amharic.keyboard.for.android': Composed{segments=[Prebaked{effect=CLICK, strength=MEDIUM, fallback=true}], repeat=-1}, reason = null
06-21 03:07:17.965  1924  2218 D VibratorManagerServiceExtImpl: startCustomizeVibratorLocked id= 0,size=1
06-21 03:07:17.965  1924  2218 D VibratorManagerServiceExtImpl: startCustomizeVibratorLocked withCallback=false
06-21 03:07:17.966  1090  1090 D Vibrator: Vibrator perform 1, 0
06-21 03:07:17.966  1090  1090 I Vibrator: Vibrator on for timeoutMs: 30
06-21 03:07:17.967  1090  1090 D Vibrator: mHoldMinDuration:0, timeoutMs:30
06-21 03:07:17.967  1090  1090 D Vibrator: Vibrator using LED trigger
06-21 03:07:17.973  1417  1417 I thermal_repeater: [recvMdThermalInfo] ret=27, strLen=127,  3, 36, -50, 0, 32767, 9451
06-21 03:07:17.997  1090  1090 D Vibrator: Vibrator off
06-21 03:07:17.998  1090  1090 D Vibrator: Vibrator using LED trigger
06-21 03:07:18.023  1084  1144 I libPowerHal: [perfLockRel] hdl:65470, idx:1
06-21 03:07:18.023  1084  1144 I libPowerHal: [PD] MTKPOWER_HINT_APP_TOUCH update cmd:3408600 param:0
06-21 03:07:18.145  1063  1353 I hwcomposer: [HWC] (0)fire a callback of refresh to SF[4]  
06-21 03:07:18.154  1084  1101 I mtkpower@impl: [setMode] type:6, enabled:1
06-21 03:07:18.154  1084  1101 E mtkpower@impl: [setMode] unknown type
06-21 03:07:18.197  1084  1101 I mtkpower@impl: [setMode] type:6, enabled:0
06-21 03:07:18.197  1084  1101 E mtkpower@impl: [setMode] unknown type
06-21 03:07:18.285  1924  2087 D DpcExtImpl[0]: original brightness:803 final brightness:630.0 scale:0.78550667 reason:4 darkLevel:2
06-21 03:07:18.285  1924  2087 D DisplayPowerController[0]: Brightness [630.0] reason changing to: 'automatic [ auto_adj ]', previous reason: 'automatic'. id=local:0
06-21 03:07:18.285  1924  2087 I DisplayPowerController[0]: BrightnessEvent: disp=0, brt=630.0(user_set), rcmdBrt=NaN, preBrt=NaN, lux=0.0, preLux=0.0, hbmMax=1.0, hbmMode=off, thrmMax=1.0, flags=user_set , reason=automatic [ auto_adj ]
06-21 03:07:18.294  1441  1552 D AALCust : aal_backlight_bits, specialConfig:12
06-21 03:07:18.294  1441  1552 D AAL     : onBacklightChanged: 645/1023 -> 644/1023(phy:644/4095)
06-21 03:07:18.353  1063  1353 I hwcomposer: [HWC] (0)fire a callback of refresh to SF[4]  
06-21 03:07:18.366  1084  1101 I mtkpower@impl: [setMode] type:6, enabled:1
06-21 03:07:18.366  1084  1101 E mtkpower@impl: [setMode] unknown type
06-21 03:07:18.383  1084  1101 I mtkpower@impl: [setMode] type:6, enabled:0
06-21 03:07:18.383  1084  1101 E mtkpower@impl: [setMode] unknown type
06-21 03:07:18.453  1063  1353 I hwcomposer: [HWC] (0)fire a callback of refresh to SF[4]  
06-21 03:07:18.464  1084  1101 I mtkpower@impl: [setMode] type:6, enabled:1
06-21 03:07:18.464  1084  1101 E mtkpower@impl: [setMode] unknown type
06-21 03:07:18.504  1084  1101 I mtkpower@impl: [setMode] type:6, enabled:0
06-21 03:07:18.505  1084  1101 E mtkpower@impl: [setMode] unknown type
06-21 03:07:18.567  1441  1552 D AAL     : 06-21 03:07:18.551 BL= 644,ESS= 256, 
06-21 03:07:18.603  1924  2374 I Osense-DecisionMaker: notifyScene: OSENSE_ACTION_TOUCH_BOOST, to hw policy!
06-21 03:07:18.605  4907  4907 D OplusSystemUINavigationGesture: [GESTURE_BUTTON] swipe from 1
06-21 03:07:18.605  2515  2515 D NoBackGesture: Start gesture: MotionEvent { action=ACTION_DOWN, actionButton=0, id[0]=0, x[0]=1064.0, y[0]=2268.0, toolType[0]=TOOL_TYPE_FINGER, buttonState=0, classification=NONE, metaState=0, flags=0x0, edgeFlags=0x0, pointerCount=1, historySize=0, eventTime=274917829, downTime=274917829, deviceId=4, source=0x1002, displayId=0, eventId=411211621 }
06-21 03:07:18.605  1924  2391 D OGG_Detector: D:done mCurrStatus: 0
06-21 03:07:18.606  4907  4907 V DeadZone: consuming errant click: (1064.0,0.0)
