--------- beginning of main
06-21 03:06:49.067  1924  1955 D AES     : AEEIOCTL_GET/SET_SF_STATE IOCTL,cmd= 1074294797, lParam=0. 
06-21 03:06:49.068  1924  1955 D AES     : AEEIOCTL_RT_MON_Kick IOCTL,cmd= 2147774474, lParam=300. 
06-21 03:06:49.644  6579 21576 I AudioEffect: command() 0xb400007646053400, cmdCode = 5
06-21 03:06:49.648  1056  1119 I EffectsFactory: Effect_Command(): self = 0xe3eb5280, cmdCode = 5
06-21 03:06:50.215  1441  1441 D AALLightSensor: oldLux=18 [SA:19 LA:18] newLux=18 (oriLux: 20)
06-21 03:06:50.230  2882  2882 D OplusTelephonyController: onSignalStrengthChanged: SignalStrength=SignalStrength:{mCdma=CellSignalStrengthCdma: cdmaDbm=2147483647 cdmaEcio=2147483647 evdoDbm=2147483647 evdoEcio=2147483647 evdoSnr=2147483647 level=0,mGsm=CellSignalStrengthGsm: rssi=2147483647 ber=2147483647 mTa=2147483647 mLevel=0,mWcdma=CellSignalStrengthWcdma: ss=2147483647 ber=2147483647 rscp=2147483647 ecno=2147483647 level=0,mTdscdma=CellSignalStrengthTdscdma: rssi=2147483647 ber=2147483647 rscp=2147483647 level=0,mLte=CellSignalStrengthLte: rssi=2147483647 rsrp=-105 rsrq=2147483647 rssnr=2147483647 cqiTableIndex=2147483647 cqi=2147483647 ta=2147483647 level=2 parametersUseForLevel=0,mNr=CellSignalStrengthNr:{ csiRsrp = 2147483647 csiRsrq = 2147483647 csiCqiTableIndex = 2147483647 csiCqiReport = [] ssRsrp = 2147483647 ssRsrq = 2147483647 ssSinr = 2147483647 level = 0 parametersUseForLevel = 0 },primary=CellSignalStrengthLte}, phoneId=0, mMtkLevel=0, mMtkRsrpOnly=false, mMtkLteRsrpThreshold=null, mMtkLteRssnrThreshold=null
06-21 03:06:50.231  2882  2882 D OplusTelephonyController: onSignalStrengthChanged: SignalStrength=SignalStrength:{mCdma=CellSignalStrengthCdma: cdmaDbm=2147483647 cdmaEcio=2147483647 evdoDbm=2147483647 evdoEcio=2147483647 evdoSnr=2147483647 level=0,mGsm=CellSignalStrengthGsm: rssi=2147483647 ber=2147483647 mTa=2147483647 mLevel=0,mWcdma=CellSignalStrengthWcdma: ss=2147483647 ber=2147483647 rscp=2147483647 ecno=2147483647 level=0,mTdscdma=CellSignalStrengthTdscdma: rssi=2147483647 ber=2147483647 rscp=2147483647 level=0,mLte=CellSignalStrengthLte: rssi=2147483647 rsrp=-105 rsrq=-15 rssnr=2 cqiTableIndex=2147483647 cqi=0 ta=0 level=3 parametersUseForLevel=0,mNr=CellSignalStrengthNr:{ csiRsrp = 2147483647 csiRsrq = 2147483647 csiCqiTableIndex = 2147483647 csiCqiReport = [] ssRsrp = 2147483647 ssRsrq = 2147483647 ssSinr = 2147483647 level = 0 parametersUseForLevel = 0 },primary=CellSignalStrengthLte}, phoneId=0, mMtkLevel=0, mMtkRsrpOnly=false, mMtkLteRsrpThreshold=null, mMtkLteRssnrThreshold=null
06-21 03:06:50.569  3649  3649 I adbd    : adbd service requested 'shell,v2:export ANDROID_LOG_TAGS=''; exec logcat'
--------- beginning of system
06-21 03:06:51.013  1924  2087 I OplusSmartBrightnessController: deltaLux = 2.861023E-5, scale = 1.000008
06-21 03:06:51.014  1924  2089 D OplusSmartBrightnessController: handleMessage MSG_LUX_CHANGED, mLux:20.085758 luxQueue=[20.085772, 20.08577, 20.085768, 20.085764, 20.085762, 20.08576, 20.085756, 20.085754, 20.085752, 20.085749, 20.085747]
06-21 03:06:51.441  1924  2908 I OplusHansManager : uid=10239, pkg=com.ethiomed.ethiomed can transition from M to F
06-21 03:06:51.441  1924  2908 I OplusHansManager : uid=10239, pkg=com.ethiomed.ethiomed F enter(), M stay=10
06-21 03:06:51.447  1924  2908 I OplusHansManager : freeze uid: 10239 com.ethiomed.ethiomed pids: [1634] scene: LcdOn
06-21 03:06:51.450  5704 20427 D IHansComunication: HansComunication::addUid-- 10239, persistent--0
06-21 03:06:51.450  5704 20427 D IHansComunication: HANS sendMessageToKernel: threadId = 480903986352, netLinkSetup = 1, type = PKG, targetUid = 10239, pkgCmd = ADD_ONE_UID
06-21 03:06:52.379 25679 25679 D BoundBrokerSvc: onUnbind: Intent { act=com.google.android.gms.onboardingconsent.api.ConsentManagerApiService.START dat=chimera-action:/... cmp=com.google.android.gms/.chimera.GmsApiService }
06-21 03:06:52.392  1924  2008 W libprocessgroup: Failed to open /dev/blkio/background/cgroup.procs: No such file or directory
06-21 03:06:52.452  5704 20427 D IHansComunication: HANS sendMessageToKernel: threadId = 480903986352, netLinkSetup = 1, type = FROZEN_TRANS, targetUid = 10239, pkgCmd = PKG_CMD_MAX
06-21 03:06:52.649  6579 21576 I AudioEffect: command() 0xb400007646053400, cmdCode = 5
06-21 03:06:52.650  1056  1119 I EffectsFactory: Effect_Command(): self = 0xe3eb5280, cmdCode = 5
06-21 03:06:52.863 14190  5641 I CastDatabase: Saving the database
06-21 03:06:52.878 14190  5641 I SQLiteCastStore: [CastNetworkInfo] saved: 0, skipped: 0, [CastDeviceInfo]: saved 0, skipped 0, [ProbedNetworks]: saved 0, skipped: 0, [ProbedSocketAddress]: saved 0, skipped: 0, [Network-Device pairs]: saved: 0
06-21 03:06:53.038  2515  2515 D OplusPrivacyDotViewController: scheduleUpdate: 
06-21 03:06:53.038  2515  3196 D OplusPrivacyDotViewController: processNextViewState: 
06-21 03:06:53.039  2515  3196 D OplusPrivacyDotViewController: resolveState ViewState(systemPrivacyEventIsActive=false, shadeExpanded=false, qsExpanded=false, rtl=false, rotation=0, height=0, x=57, y=66, cornerIndex=1, designatedCorner=android.widget.FrameLayout{e1343e7 G.E...... ......ID 0,0-12,12 #7f0b0469 app:id/icons_container viewInfo = AutoLayoutViewInfo{mIsImageType=false, mIsFlatView=false, mWidthType=1, mHeightType=1, mScaleType=null, mFillBackgroundPattern=1, mNeedStretchItems=false, mMeasureChanged=false, mNewMeasuredHeight=0, mOldMeasuredHeight=0, mExtraInfo=}}, contentDescription=null, chipAnimationStart=false, preDraw=false) shouldShowDot false
06-21 03:06:53.039  2515  3196 D OplusPrivacyDotViewController: updatePosition:57:66
06-21 03:06:53.039  2515  3196 D OplusPrivacyDotViewController: updatePosition:57:66
06-21 03:06:53.048  1924 17326 V WindowManager: Relayout Window{2cf3b02 u0 OplusPrivacyIconTopLeft}: viewVisibility=8, oldvis=8, req=12x12
06-21 03:06:53.061  1924 17326 V WindowManager: Relayout Window{fb7bf1a u0 OplusPrivacyIconTopRight}: viewVisibility=8, oldvis=8, req=12x12
06-21 03:06:53.077 14190  5276 I NearbyMediums: No BLE Fast/GATT advertisements found in the latest cycle.
06-21 03:06:53.078 14190  5276 I NearbyMediums: Current Tracked Scanning Clients are : {NearbyConnections.EnvironmentMonitor, NearbySharing}
06-21 03:06:53.214  1924  2087 I OplusSmartBrightnessController: deltaLux = 2.670288E-5, scale = 1.0000081
06-21 03:06:53.214  1924  2089 D OplusSmartBrightnessController: handleMessage MSG_LUX_CHANGED, mLux:20.085732 luxQueue=[20.085745, 20.085741, 20.08574, 20.085737, 20.085733, 20.085732, 20.08573, 20.085726, 20.085724, 20.085722, 20.085718]
06-21 03:06:53.308 14190 14190 D BoundBrokerSvc: onUnbind: Intent { act=com.google.android.gms.libs.gmscorelogger.service.START dat=chimera-action:/... cmp=com.google.android.gms/.chimera.PersistentDirectBootAwareApiService }
06-21 03:06:54.219  1924  1948 D SensorService: onUidStateChanged uid = 10154, state = UID_STATE_IDLE
06-21 03:06:54.414  1441  1441 D AALLightSensor: oldLux=18 [SA:19 LA:18] newLux=18 (oriLux: 20)
06-21 03:06:55.215  1924  2087 I OplusSmartBrightnessController: deltaLux = 2.670288E-5, scale = 1.0000074
06-21 03:06:55.216  1924  2089 D OplusSmartBrightnessController: handleMessage MSG_LUX_CHANGED, mLux:20.085705 luxQueue=[20.085716, 20.085714, 20.08571, 20.085709, 20.085707, 20.085703, 20.085701, 20.0857, 20.085695, 20.085693]
06-21 03:06:55.651  6579 21576 I AudioEffect: command() 0xb400007646053400, cmdCode = 5
06-21 03:06:55.652  1056  1119 I EffectsFactory: Effect_Command(): self = 0xe3eb5280, cmdCode = 5
06-21 03:06:55.966  1924  2276 D OplusNetKit: in getLpByInterface name from LP: [wlan0]
06-21 03:06:55.966  1924  2276 D OplusNetKit: Route is ipv4 on wlan0 found, break
06-21 03:06:55.987  1924  2276 D OplusNetRttKit: getIcmpEchoRtt each addr:192.168.1.1 Rtt: 10
06-21 03:06:55.990  1924  2276 D OplusNetRttKit: getIcmpEchoRtt each addr:192.168.1.1 Rtt: 3
06-21 03:06:55.993  1924  2276 D OplusNetRttKit: getIcmpEchoRtt each addr:192.168.1.1 Rtt: 3
06-21 03:06:55.994  1924  2276 D OplusNetRttKit: getIcmpEchoRtt addr:192.168.1.1 avgRtt: 5
06-21 03:06:57.416  1924  2087 I OplusSmartBrightnessController: deltaLux = 0.18367958, scale = 1.6103723
06-21 03:06:57.417  1924  2089 D OplusSmartBrightnessController: handleMessage MSG_LUX_CHANGED, mLux:19.971645 luxQueue=[20.085691, 20.085688, 20.085686, 20.085684, 20.08568, 20.085678, 20.085676, 20.085672, 20.08567, 20.085669, 17.962496]
06-21 03:06:57.451  2882  2882 D OplusTelephonyController: onSignalStrengthChanged: SignalStrength=SignalStrength:{mCdma=CellSignalStrengthCdma: cdmaDbm=2147483647 cdmaEcio=2147483647 evdoDbm=2147483647 evdoEcio=2147483647 evdoSnr=2147483647 level=0,mGsm=CellSignalStrengthGsm: rssi=2147483647 ber=2147483647 mTa=2147483647 mLevel=0,mWcdma=CellSignalStrengthWcdma: ss=2147483647 ber=2147483647 rscp=2147483647 ecno=2147483647 level=0,mTdscdma=CellSignalStrengthTdscdma: rssi=2147483647 ber=2147483647 rscp=2147483647 level=0,mLte=CellSignalStrengthLte: rssi=2147483647 rsrp=-105 rsrq=-15 rssnr=0 cqiTableIndex=2147483647 cqi=0 ta=0 level=3 parametersUseForLevel=0,mNr=CellSignalStrengthNr:{ csiRsrp = 2147483647 csiRsrq = 2147483647 csiCqiTableIndex = 2147483647 csiCqiReport = [] ssRsrp = 2147483647 ssRsrq = 2147483647 ssSinr = 2147483647 level = 0 parametersUseForLevel = 0 },primary=CellSignalStrengthLte}, phoneId=0, mMtkLevel=0, mMtkRsrpOnly=false, mMtkLteRsrpThreshold=null, mMtkLteRssnrThreshold=null
06-21 03:06:57.948  1417  1417 I thermal_repeater: [recvMdThermalInfo] ret=27, strLen=127,  3, 36, -50, 0, 32767, 9451
06-21 03:06:58.415  1441  1441 D AALLightSensor: oldLux=18 [SA:13 LA:14] newLux=18 (oriLux: 13)
06-21 03:06:58.462  1924  2374 I Osense-DecisionMaker: notifyScene: OSENSE_ACTION_TOUCH_BOOST, to hw policy!
06-21 03:06:58.463  1924  2227 W InputDispatcherExtImpl: MotionEvent action_down is in invalid region, x: 561.000000, y: 2399.000000
06-21 03:06:58.463  1924  2227 W InputDispatcherExtImpl: MotionEvent action_down is in invalid region, x: 561.000000, y: 2399.000000
06-21 03:06:58.463  1158  1399 D VRR [OTI]: handleIdle from 1 to 0
06-21 03:06:58.463  1158  1399 D VRR [OTI-HW]: isStateReady 0
06-21 03:06:58.463  1158  1399 D VRR [OTI-HW]: rate range: min {id=0, hwcId=0, resolution=1080x2400, refreshRate=60.00 Hz, dpi=409.43x409.13, group=0} cur {id=0, hwcId=0, resolution=1080x2400, refreshRate=60.00 Hz, dpi=409.43x409.13, group=0} max {id=0, hwcId=0, resolution=1080x2400, refreshRate=60.00 Hz, dpi=409.43x409.13, group=0}
06-21 03:06:58.464  1158  1399 D VRR [OTI-HW]: keep rate.
06-21 03:06:58.464  1924  2227 D PowerManagerService: userActivityNoUpdateLocked: groupId=0, eventTime=274897688, event=2, flags=0x0, uid=1000
06-21 03:06:58.464  1924  2391 D OGG_Detector: D:done mCurrStatus: 0
06-21 03:06:58.464  1924  1948 D TheiaRestorer: reportPointerEvent: MotionEvent { action=ACTION_DOWN, actionButton=0, id[0]=0, x[0]=561.0, y[0]=2399.0, toolType[0]=TOOL_TYPE_FINGER, buttonState=0, classification=NONE, metaState=0, flags=0x0, edgeFlags=0x0, pointerCount=1, historySize=0, eventTime=274897688, downTime=274897688, deviceId=4, source=0x1002, displayId=0, eventId=792417363 }
06-21 03:06:58.467  2515  2515 D NoBackGesture: Start gesture: MotionEvent { action=ACTION_DOWN, actionButton=0, id[0]=0, x[0]=561.0, y[0]=2399.0, toolType[0]=TOOL_TYPE_FINGER, buttonState=0, classification=NONE, metaState=0, flags=0x0, edgeFlags=0x0, pointerCount=1, historySize=0, eventTime=274897688, downTime=274897688, deviceId=4, source=0x1002, displayId=0, eventId=792417363 }
06-21 03:06:58.467  2515  2515 D NoBackGesture: Not in side gesture area
06-21 03:06:58.467  2515  2515 D NoBackGesture: gestureBar animation: gestureBarNotHide = true, isCorrectHomeHandle = true
06-21 03:06:58.467  2515  2515 D NoBackGesture: send down event to NavigationBarHandle
06-21 03:06:58.484  1924 17326 D OplusZoomWindowRUSConfigManager: isSupportZoomModeWithPolicyLocked: target = com.maxmpz.audioplayer/.zap_plain_adaptive
06-21 03:06:58.484  1924 17326 D OplusZoomWindowRUSConfigManager: targetPkg = com.maxmpz.audioplayer
06-21 03:06:58.486  1924 17326 D OplusZoomWindowRUSConfigManager: isSupportZoomModeWithPolicyLocked: target = com.maxmpz.audioplayer/.MainActivity
06-21 03:06:58.486  1924 17326 D OplusZoomWindowRUSConfigManager: targetPkg = com.maxmpz.audioplayer
06-21 03:06:58.490  9718  9718 D MultiStateCallback: [142010014] Adding [STATE_LAUNCHER_PRESENT (1)] to [ (0)]
06-21 03:06:58.492  1924 17326 D OplusAppListInterceptManager: shouldFilterTask
06-21 03:06:58.492  1924 17326 D OplusAppListInterceptManager: shouldFilterTask::packageName = com.maxmpz.audioplayer
06-21 03:06:58.492  1924 17326 D OplusAppListInterceptManager: shouldFilterTask
06-21 03:06:58.493  1924 17326 D OplusAppListInterceptManager: shouldFilterTask::packageName = com.ethiomed.ethiomed
06-21 03:06:58.493  1924 17326 D OplusAppListInterceptManager: shouldFilterTask
06-21 03:06:58.493  1924 17326 D OplusAppListInterceptManager: shouldFilterTask::packageName = com.zhiliaoapp.musically.go
06-21 03:06:58.494  1924 17326 D OplusAppListInterceptManager: shouldFilterTask
06-21 03:06:58.494  1924 17326 D OplusAppListInterceptManager: shouldFilterTask::packageName = com.android.chrome
06-21 03:06:58.495  9718  9718 D MultiStateCallback: [142010014] Adding [STATE_LAUNCHER_BIND_TO_SERVICE (8)] to [STATE_LAUNCHER_PRESENT (1)]
06-21 03:06:58.495  1924 17326 D OplusAppListInterceptManager: shouldFilterTask
06-21 03:06:58.495  1924 17326 D OplusAppListInterceptManager: shouldFilterTask::packageName = com.google.android.apps.nbu.files
06-21 03:06:58.495  1924 17326 D OplusAppListInterceptManager: shouldFilterTask
06-21 03:06:58.496  1924 17326 D OplusAppListInterceptManager: shouldFilterTask::packageName = com.digipom.easyvoicerecorder.pro
06-21 03:06:58.496  9718  9718 D MultiStateCallback: [104463003] Adding [STATE_RECENTS_ANIMATION_INITIALIZED (4)] to [ (0)]
06-21 03:06:58.496  1924 17326 D OplusAppListInterceptManager: shouldFilterTask
06-21 03:06:58.496  1924 17326 D OplusAppListInterceptManager: shouldFilterTask::packageName = com.truecaller
06-21 03:06:58.496  9718  9718 D MultiStateCallback: [142010014] Adding [STATE_GESTURE_STARTED (256)] to [STATE_LAUNCHER_PRESENT, STATE_LAUNCHER_BIND_TO_SERVICE (9)]
06-21 03:06:58.497  1924 17326 D OplusAppListInterceptManager: shouldFilterTask
06-21 03:06:58.497  1924 17326 D OplusAppListInterceptManager: shouldFilterTask::packageName = com.oplus.wirelesssettings
06-21 03:06:58.498  1924 17326 D OplusAppListInterceptManager: shouldFilterTask
06-21 03:06:58.498  1924 17326 D OplusAppListInterceptManager: shouldFilterTask::packageName = cn.tydic.ethiopay
06-21 03:06:58.502  1924  1939 V SensorManager: call sensorServiceCommonInterface name: setScreenShotDisable
06-21 03:06:58.502  1924  1939 D SensorService: SensorService sensorServiceCommonInterface = setScreenShotDisable
06-21 03:06:58.503  1924  1939 D SensorServiceExtImpl: sensorServiceCommonInterface funcName = setScreenShotDisable, flag = 0, status = 0
06-21 03:06:58.507  1924 17326 D OplusZoomWindowManagerService: hideZoomWindow, caller: 9718
06-21 03:06:58.510  1084  1101 I mtkpower@impl: [setMode] type:5, enabled:1
06-21 03:06:58.512  1084  1144 I libPowerHal: LAUNCH: cpu_ctrl set cpu freq: 2000000 -1 2050000 -1
06-21 03:06:58.512  9718  9718 D MultiStateCallback: [142010014] Adding [STATE_GESTURE_COMPLETED (1024)] to [STATE_LAUNCHER_PRESENT, STATE_LAUNCHER_BIND_TO_SERVICE, STATE_GESTURE_STARTED (265)]
06-21 03:06:58.513  9718  9718 D MultiStateCallback: [104463003] Adding [STATE_END_TARGET_SET (1)] to [STATE_RECENTS_ANIMATION_INITIALIZED (4)]
06-21 03:06:58.513  1084  1144 I libPowerHal: [perfLockRel] hdl:65418, idx:3
06-21 03:06:58.513  1084  1144 I libPowerHal: [PD] MTKPOWER_HINT_APP_TOUCH update cmd:3408600 param:0
06-21 03:06:58.516  9718  9718 D DockIconView: updatePaintFilter: mBitmapShader = null,mul=204,alpha=1.0,mDimAlpha=0.0
06-21 03:06:58.516  9718  9718 D DockIconView: updatePaintFilter: mBitmapShader = null,mul=204,alpha=1.0,mDimAlpha=0.0
06-21 03:06:58.516  9718  9718 D DockIconView: updatePaintFilter: mBitmapShader = null,mul=204,alpha=1.0,mDimAlpha=0.0
06-21 03:06:58.516  9718  9718 D DockIconView: updatePaintFilter: mBitmapShader = null,mul=204,alpha=1.0,mDimAlpha=0.0
06-21 03:06:58.516  9718  9718 D DockIconView: updatePaintFilter: mBitmapShader = null,mul=255,alpha=1.0,mDimAlpha=0.0
06-21 03:06:58.516  9718  9718 D DockIconView: updatePaintFilter: mBitmapShader = null,mul=204,alpha=1.0,mDimAlpha=0.0
06-21 03:06:58.516  9718  9718 D DockIconView: updatePaintFilter: mBitmapShader = null,mul=204,alpha=1.0,mDimAlpha=0.0
06-21 03:06:58.516  9718  9718 D DockIconView: updatePaintFilter: mBitmapShader = null,mul=204,alpha=1.0,mDimAlpha=0.0
06-21 03:06:58.516  9718  9718 D DockIconView: updatePaintFilter: mBitmapShader = null,mul=255,alpha=1.0,mDimAlpha=0.0
06-21 03:06:58.516  9718  9718 D DockIconView: onIconListVisibilityChanged: mTask = [id=272 windowingMode=1 user=0 lastActiveTime=433484265, displayId=0] null,alpha=1.0,l=1680,t=0,r=1800,b=120
06-21 03:06:58.516  9718  9718 D DockIconView: onIconListVisibilityChanged: mTask = [id=320 windowingMode=1 user=0 lastActiveTime=433481536, displayId=0] null,alpha=1.0,l=1530,t=0,r=1650,b=120
06-21 03:06:58.516  9718  9718 D DockIconView: onIconListVisibilityChanged: mTask = [id=301 windowingMode=1 user=0 lastActiveTime=431482306, displayId=0] null,alpha=1.0,l=1380,t=0,r=1500,b=120
06-21 03:06:58.516  9718  9718 D DockIconView: onIconListVisibilityChanged: mTask = [id=241 windowingMode=1 user=0 lastActiveTime=416361977, displayId=0] null,alpha=1.0,l=1230,t=0,r=1350,b=120
06-21 03:06:58.516  9718  9718 D DockIconView: onIconListVisibilityChanged: mTask = [id=298 windowingMode=1 user=0 lastActiveTime=411774342, displayId=0] null,alpha=1.0,l=1080,t=0,r=1200,b=120
06-21 03:06:58.516  9718 17579 D VRI[PopupWindow:b385076]: dispatchAppVisibility visible:true
06-21 03:06:58.516  9718 12093 D VRI[RecentsActivity]: dispatchAppVisibility visible:true
06-21 03:06:58.516  9718  9718 D DockIconView: onIconListVisibilityChanged: mTask = [id=293 windowingMode=1 user=0 lastActiveTime=411632375, displayId=0] null,alpha=1.0,l=930,t=0,r=1050,b=120
06-21 03:06:58.516  9718  9718 D DockIconView: onIconListVisibilityChanged: mTask = [id=262 windowingMode=1 user=0 lastActiveTime=399560183, displayId=0] null,alpha=1.0,l=780,t=0,r=900,b=120
06-21 03:06:58.516  9718  9718 D DockIconView: onIconListVisibilityChanged: mTask = [id=255 windowingMode=1 user=0 lastActiveTime=374515568, displayId=-1] null,alpha=1.0,l=630,t=0,r=750,b=120
06-21 03:06:58.516  9718  9718 D DockIconView: onIconListVisibilityChanged: mTask = [id=242 windowingMode=1 user=0 lastActiveTime=333173014, displayId=0] null,alpha=1.0,l=480,t=0,r=600,b=120
06-21 03:06:58.518  2515  2515 D OplusWallpaperServiceHelper: isNightMode is true
06-21 03:06:58.518  2515  2515 I OplusWallpaperServiceHelper: getDarkModeWallpaperWindowAlpha. nightMode = true
06-21 03:06:58.519  9718 10350 D UxIconPackageManagerExt: UxIcon checkChooseIconsRootPath false
06-21 03:06:58.521  9718  9718 D MultiStateCallback: [104463003] Adding [STATE_RECENTS_SCROLLING_FINISHED (128)] to [STATE_END_TARGET_SET, STATE_RECENTS_ANIMATION_INITIALIZED (5)]
06-21 03:06:58.522  9718  9718 D VRI[RecentsActivity]: setWindowStopped stopped:false
06-21 03:06:58.522  9718  9718 D VRI[PopupWindow:b385076]: setWindowStopped stopped:false
06-21 03:06:58.522  9718  9718 D b/223498680: RecentsActivity onStart mFallbackRecentsView.setContentAlpha(1)
06-21 03:06:58.523  1924  1939 D OplusWindowAnimationManager: obtainLaunchViewInfoForRecents: not home activity:ActivityRecord{d25b u0 com.android.launcher/com.android.quickstep.RecentsActivity} t218}
06-21 03:06:58.523  9718  9718 D OplusRecentsView: setVisibility: oplusCleanStorageFrameLayout?.visibility = INVISIBLE
06-21 03:06:58.523  9718  9718 D MultiStateCallback: [142010014] Adding [STATE_LAUNCHER_STARTED (2)] to [STATE_LAUNCHER_PRESENT, STATE_LAUNCHER_BIND_TO_SERVICE, STATE_GESTURE_STARTED, STATE_GESTURE_COMPLETED (1289)]
06-21 03:06:58.526  9718 12093 D ActivityManagerWrapper: startRecentsActivity()--onAnimationStart()
06-21 03:06:58.526  1924 17326 E OplusZoomWindowManagerService: hideZoomWindow fail, zoomStack null
06-21 03:06:58.526  1924  2218 D UsageStatsService: User[0] type=0 b=1782000381328 e=1782000418524 cb=1781960784408 ce=1782000397340 disk=0 all=8
06-21 03:06:58.527  1924  4969 V WindowManager: Relayout Window{bb269fb u0 com.android.systemui.ImageWallpaper}: viewVisibility=0, oldvis=0, req=1082x2400
06-21 03:06:58.530  9718  9718 D MultiStateCallback: [142010014] Adding [STATE_APP_CONTROLLER_RECEIVED (16)] to [STATE_LAUNCHER_PRESENT, STATE_LAUNCHER_STARTED, STATE_LAUNCHER_BIND_TO_SERVICE, STATE_GESTURE_STARTED, STATE_GESTURE_COMPLETED (1291)]
06-21 03:06:58.530  9718  9718 D MultiStateCallback: [104463003] Adding [STATE_RECENTS_ANIMATION_STARTED (8)] to [STATE_END_TARGET_SET, STATE_RECENTS_ANIMATION_INITIALIZED, STATE_RECENTS_SCROLLING_FINISHED (133)]
06-21 03:06:58.532  1924  1951 D OplusUIFirst_FB: com.android.launcher toForeOps: []
06-21 03:06:58.532  1924  1951 D OplusUIFirst_FB: List of ThreadOp: size=0 []
06-21 03:06:58.533  1924  2008 W libprocessgroup: Failed to open /dev/blkio//cgroup.procs: No such file or directory
06-21 03:06:58.534  3471 32472 D OplusAtlas.OplusAtlasEventDispatch: setEvent:atlas_event_on_foreground_activities_changed info:pid:9718,uid:10107,hasForegroundActivities:1
06-21 03:06:58.537  1924 17326 D UsageStatsService: User[0] type=0 b=1782000381328 e=1782000418524 cb=1781960784408 ce=1782000418535 disk=0 all=116
06-21 03:06:58.537  5331  5390 V DeepThinker: ProcessManager: onForegroundActivitiesChanged pid:9718, uid:10107, foregroundActivities:true
06-21 03:06:58.537 31146 31146 W SmartSidebar.ViewDataHandlerImpl: forceClosePanelOrEditView  0.0  0.0
06-21 03:06:58.537  3471  5204 D OplusAtlas.OplusAudioScene: callback success event:atlas_event_on_foreground_activities_changed eventInfo:pid:9718,uid:10107,hasForegroundActivities:1
06-21 03:06:58.537  3471  5471 D OplusAtlas.OplusMessageHandler: handleMessage: Msg { when=0 what=2 obj=com.oplus.atlas.OplusAtlasEvent@bf9216e target=com.oplus.atlas.OplusMessageHandler$MyHandler }
06-21 03:06:58.538  2515  2515 I AutoHideController: suspendAutoHide: removeAutoHide
06-21 03:06:58.539  9718 10350 D UxIconPackageManagerExt: UxIcon checkChooseIconsRootPath false
06-21 03:06:58.539  2515  2515 V StatusBar: onReceive: Intent { act=android.intent.action.CLOSE_SYSTEM_DIALOGS flg=0x50000010 (has extras) }
06-21 03:06:58.540  2515  2515 V ShadeControllerImpl: NotificationShadeWindow: com.android.systemui.statusbar.phone.NotificationShadeWindowView{b609f95 I.E...... ......ID 0,0-1080,2400 viewInfo = AutoLayoutViewInfo{mIsImageType=false, mIsFlatView=false, mWidthType=1, mHeightType=1, mScaleType=null, mFillBackgroundPattern=1, mNeedStretchItems=false, mMeasureChanged=false, mNewMeasuredHeight=0, mOldMeasuredHeight=0, mExtraInfo=}} canPanelBeCollapsed(): false
06-21 03:06:58.540  9718 10350 D UxIconPackageManagerExt: UxIcon checkChooseIconsRootPath false
06-21 03:06:58.545  1924  5009 V WindowManager: Relayout Window{aedbb49 u0 com.android.launcher/com.android.quickstep.RecentsActivity}: viewVisibility=0, oldvis=8, req=1080x2400
06-21 03:06:58.545  1924  5009 I WindowManager: Window{aedbb49 u0 com.android.launcher/com.android.quickstep.RecentsActivity} state from NO_SURFACE to DRAW_PENDING; reason: resetDrawState
06-21 03:06:58.545  1158  1215 I BufferQueueDebug: [com.android.launcher/com.android.quickstep.RecentsActivity#29588](this:0xb400007d599929e8,id:-1,api:0,p:-1,c:-1) BufferQueue core=(1158:/system/bin/surfaceflinger)
06-21 03:06:58.552  1158  1215 D [OSIE]  : scltmLayer_name VRI[RecentsActivity][com.android.launcher/com.android.quickstep.RecentsActivity]
06-21 03:06:58.552  1158  1215 D [OSIE]  : IsSCLTMLayer=0 
06-21 03:06:58.552  9718  9718 D BufferQueueConsumer: [](id:25f600000093,api:0,p:-1,c:9718) connect: controlledByApp=false
06-21 03:06:58.552  9718  9718 E IPCThreadState: attemptIncStrongHandle(70): Not supported
06-21 03:06:58.552  9718  9718 E IPCThreadState: attemptIncStrongHandle(218): Not supported
06-21 03:06:58.554  9718  9718 D OplusRecentsView: getLastViewIndex() :8
06-21 03:06:58.554  9718  9718 D VRI[RecentsActivity]: registerCallbacksForSync syncBuffer=false
06-21 03:06:58.554  9718  9718 D MultiStateCallback: [142010014] Adding [STATE_LAUNCHER_DRAWN (4)] to [STATE_LAUNCHER_PRESENT, STATE_LAUNCHER_STARTED, STATE_LAUNCHER_BIND_TO_SERVICE, STATE_APP_CONTROLLER_RECEIVED, STATE_GESTURE_STARTED, STATE_GESTURE_COMPLETED (1307)]
06-21 03:06:58.555  1924 17326 I FocusResolver: updateFocusedWindow,  on display 0, reason: Waiting for window because NO_WINDOW, result:   FocusedWindows: <none>
06-21 03:06:58.555  9718  9718 I LatencyTracker: ACTION_TOGGLE_RECENTS latency=80
06-21 03:06:58.556  1924  5009 I FocusResolver: updateFocusedWindow, recents_animation_input_consumer on display 0, reason: Window became focusable. Previous reason: NO_WINDOW, result:   FocusedWindows:
06-21 03:06:58.556  1924  5009 I FocusResolver:     displayId=0, name='recents_animation_input_consumer'
06-21 03:06:58.556  6579  6579 D VRI[MainActivity]: onFocusEvent false
06-21 03:06:58.556  1924  1951 V WindowManager: Unknown focus tokens, dropping reportFocusChanged
06-21 03:06:58.560  3523  3547 E oiface  : sched_setaffinity failed
06-21 03:06:58.563  9718 10128 D BLASTBufferQueue: [VRI[RecentsActivity][com.android.launcher/com.android.quickstep.RecentsActivity]#139](f:0,a:1) acquireNextBufferLocked size=1080x2400 mFrameNumber=1 applyTransaction=true mTimestamp=274897790312000(auto) mPendingTransactions.size=0 graphicBufferId=41738492183610 transform=0
06-21 03:06:58.564  9718 10128 D VRI[RecentsActivity]: Received frameCommittedCallback lastAttemptedDrawFrameNum=1 didProduceBuffer=true syncBuffer=false
06-21 03:06:58.564  9718  9718 D VRI[RecentsActivity]: draw finished.
06-21 03:06:58.565  1924 17326 V WindowManager: Relayout Window{5ca6832 u0 PopupWindow:b385076}: viewVisibility=0, oldvis=8, req=0x0
06-21 03:06:58.565  1924 17326 I WindowManager: Window{5ca6832 u0 PopupWindow:b385076} state from NO_SURFACE to DRAW_PENDING; reason: resetDrawState
06-21 03:06:58.565  1158  1215 I BufferQueueDebug: [PopupWindow:b385076#29589](this:0xb400007d599dc9e8,id:-1,api:0,p:-1,c:-1) BufferQueue core=(1158:/system/bin/surfaceflinger)
06-21 03:06:58.571  1158  1158 D BufferStateLayer: com.android.launcher/com.android.quickstep.RecentsActivity#29588 setBuffer frameId=1, bufferId=41738492183610 fenceId=1165, w= 1080, h=2400
06-21 03:06:58.571  1158  1158 D OplusLayer: (29588,com.android.launcher/com.android.quickstep.RecentsActivity#29588,com.android.launcher) setBuffer
06-21 03:06:58.575  1158  1649 D [OSIE]  : scltmLayer_name VRI[PopupWindow:b385076][PopupWindow:b385076]
06-21 03:06:58.575  1158  1649 D [OSIE]  : IsSCLTMLayer=0 
06-21 03:06:58.575  9718  9718 D BufferQueueConsumer: [](id:25f600000094,api:0,p:-1,c:9718) connect: controlledByApp=false
06-21 03:06:58.576  9718  9718 D VRI[PopupWindow:b385076]: registerCallbacksForSync syncBuffer=false
06-21 03:06:58.577  9718  9718 D VRI[PopupWindow:b385076]: draw finished.
06-21 03:06:58.577  1924  5009 I WindowManager: Window{5ca6832 u0 PopupWindow:b385076} state from DRAW_PENDING to COMMIT_DRAW_PENDING; reason: finishDrawingLocked
06-21 03:06:58.578  9718  9718 D DockIconView: refresh: scale = 0.71428573,bm.width=168,icon.width=120,measureWidth=120
06-21 03:06:58.578  9718  9718 D DockIconView: updatePaintFilter: mBitmapShader = android.graphics.BitmapShader@9cf8f1,mul=255,alpha=1.0,mDimAlpha=0.0
06-21 03:06:58.578  9718  9718 D DockIconView: refresh: scale = 0.71428573,bm.width=168,icon.width=120,measureWidth=120
06-21 03:06:58.578  9718  9718 D DockIconView: updatePaintFilter: mBitmapShader = android.graphics.BitmapShader@2159cd6,mul=255,alpha=1.0,mDimAlpha=0.0
06-21 03:06:58.578  9718  9718 D DockIconView: refresh: scale = 0.71428573,bm.width=168,icon.width=120,measureWidth=120
06-21 03:06:58.578  9718  9718 D DockIconView: updatePaintFilter: mBitmapShader = android.graphics.BitmapShader@c812b57,mul=204,alpha=1.0,mDimAlpha=0.0
06-21 03:06:58.578  9718  9718 D DockIconView: refresh: scale = 0.71428573,bm.width=168,icon.width=120,measureWidth=120
06-21 03:06:58.578  9718  9718 D DockIconView: updatePaintFilter: mBitmapShader = android.graphics.BitmapShader@a7e2644,mul=204,alpha=1.0,mDimAlpha=0.0
06-21 03:06:58.578  9718  9718 D DockIconView: refresh: scale = 0.71428573,bm.width=168,icon.width=120,measureWidth=120
06-21 03:06:58.578  9718  9718 D DockIconView: updatePaintFilter: mBitmapShader = android.graphics.BitmapShader@3f7332d,mul=204,alpha=1.0,mDimAlpha=0.0
06-21 03:06:58.578  9718  9718 D DockIconView: refresh: scale = 0.71428573,bm.width=168,icon.width=120,measureWidth=120
06-21 03:06:58.578  9718  9718 D DockIconView: updatePaintFilter: mBitmapShader = android.graphics.BitmapShader@3a6b062,mul=204,alpha=1.0,mDimAlpha=0.0
06-21 03:06:58.578  9718  9718 D DockIconView: refresh: scale = 0.71428573,bm.width=168,icon.width=120,measureWidth=120
06-21 03:06:58.578  9718  9718 D DockIconView: updatePaintFilter: mBitmapShader = android.graphics.BitmapShader@58325f3,mul=204,alpha=1.0,mDimAlpha=0.0
06-21 03:06:58.578  9718  9718 D DockIconView: refresh: scale = 0.71428573,bm.width=168,icon.width=120,measureWidth=120
06-21 03:06:58.578  9718  9718 D DockIconView: updatePaintFilter: mBitmapShader = android.graphics.BitmapShader@b5962b0,mul=204,alpha=1.0,mDimAlpha=0.0
06-21 03:06:58.579  9718  9718 D DockIconView: refresh: scale = 0.71428573,bm.width=168,icon.width=120,measureWidth=120
06-21 03:06:58.579  9718  9718 D DockIconView: updatePaintFilter: mBitmapShader = android.graphics.BitmapShader@540d529,mul=204,alpha=1.0,mDimAlpha=0.0
06-21 03:06:58.580  1924  1952 I WindowManager: Window{5ca6832 u0 PopupWindow:b385076} state from COMMIT_DRAW_PENDING to READY_TO_SHOW; reason: commitFinishDrawingLocked
06-21 03:06:58.583  1924  5009 I WindowManager: Window{aedbb49 u0 com.android.launcher/com.android.quickstep.RecentsActivity} state from DRAW_PENDING to COMMIT_DRAW_PENDING; reason: finishDrawingLocked
06-21 03:06:58.585  1924  1952 I WindowManager: Window{aedbb49 u0 com.android.launcher/com.android.quickstep.RecentsActivity} state from COMMIT_DRAW_PENDING to READY_TO_SHOW; reason: commitFinishDrawingLocked
06-21 03:06:58.588  1924  1952 I WindowManager: Window{5ca6832 u0 PopupWindow:b385076} state from READY_TO_SHOW to HAS_DRAWN; reason: performShowLocked
06-21 03:06:58.588  1924  1952 I WindowManager: Window{aedbb49 u0 com.android.launcher/com.android.quickstep.RecentsActivity} state from READY_TO_SHOW to HAS_DRAWN; reason: performShowLocked
06-21 03:06:58.593  1924  2374 I Osense-DecisionMaker: notifyScene: OSENSE_ACTION_ACTIVITY_START, to hw policy!
06-21 03:06:58.594  1924 17326 I ActivityTaskManager: START u0 {act=android.intent.action.MAIN cat=[android.intent.category.HOME] flg=0x10000000 cmp=com.teslacoilsw.launcher/.NovaLauncher (has extras) mCallingUid=10107} from uid 10107
06-21 03:06:58.594  1924  2543 I mtkpower_client: perf_lock_rel, hdl:65413, tid:2543
06-21 03:06:58.594  1924  2543 I mtkpower_client: perf_lock_acq, hdl:65413, dur:0, num:10, tid:2543
06-21 03:06:58.595  1084  1144 I libPowerHal: [perfLockRel] hdl:65413, idx:0
06-21 03:06:58.595  1924  2543 I mtkpower_client: ret_hdl:65420
06-21 03:06:58.596  1084  1144 I libPowerHal: cmdSetting - unknown cmd:2004100, scmd:(null) ,param_1:0
06-21 03:06:58.597  1924 17326 D OplusZoomWindowManagerService: updateZoomStack : stack = Task{d2bb6c0 #1 type=home ?? U=0 visible=false visibleRequested=false mode=fullscreen translucent=true sz=1}
06-21 03:06:58.597  1084  1101 I mtkpower@impl: [setMode] type:5, enabled:1
06-21 03:06:58.598  1084  1144 I libPowerHal: [perfLockRel] hdl:65419, idx:4
06-21 03:06:58.599  1924  2374 I Osense-DecisionMaker: notifyScene: OSENSE_ACTION_LAUNCH, to hw policy!
06-21 03:06:58.599  1924 17326 D ActivityTaskManager: onWindowFocusChanged Task{734e144 #7 type=home I=com.teslacoilsw.launcher/.NovaLauncher U=0 rootTaskId=1 visible=true visibleRequested=false mode=fullscreen translucent=true sz=1} would transfer to compact
06-21 03:06:58.599  1924 17326 I InputDispatcher: setFocusedApplication displayId=0 ActivityRecord{cf94d75 u0 com.teslacoilsw.launcher/.NovaLauncher} t7}
06-21 03:06:58.599  1924  2543 I mtkpower_client: perf_lock_rel, hdl:65420, tid:2543
06-21 03:06:58.600  1924  2543 I mtkpower_client: perf_lock_acq, hdl:65420, dur:0, num:10, tid:2543
06-21 03:06:58.600  1084  1144 I libPowerHal: [perfLockRel] hdl:65420, idx:0
06-21 03:06:58.600  1924 17326 V WindowManager: Changing focus from Window{f0c1fda u0 com.maxmpz.audioplayer/com.maxmpz.audioplayer.MainActivity} to null,diplayid=0
06-21 03:06:58.600  1084  1144 I libPowerHal: [PD] system_server update cmd:1410000 param:0
06-21 03:06:58.600  1924  2543 I mtkpower_client: ret_hdl:65422
06-21 03:06:58.601  1084  1144 I libPowerHal: cmdSetting - unknown cmd:2004100, scmd:(null) ,param_1:0
06-21 03:06:58.604  1924  2374 I Osense-DecisionMaker: notifyScene: OSENSE_ACTION_LAUNCH, to hw policy!
06-21 03:06:58.604  1924 17326 D ActivityTaskManager: getStartingWindowType: newTask=false, taskSwitch=true, processRunning=true, allowTaskSnapshot=false, activityCreated=true, snapshot=null, record:ActivityRecord{cf94d75 u0 com.teslacoilsw.launcher/.NovaLauncher} t7}
06-21 03:06:58.604  1924 17326 D ActivityRecordExtImpl: handleStartingWindowForCompactWindow origin type:0, adjustType : 0
06-21 03:06:58.605  1924  2543 I mtkpower_client: perf_lock_rel, hdl:65422, tid:2543
06-21 03:06:58.605  1924  2543 I mtkpower_client: perf_lock_acq, hdl:65422, dur:0, num:10, tid:2543
06-21 03:06:58.605  1084  1144 I libPowerHal: [perfLockRel] hdl:65422, idx:0
06-21 03:06:58.606  1924 17326 I PowerHalWrapper: <amsBoostResume> last:com.maxmpz.audioplayer, next:com.teslacoilsw.launcher 
06-21 03:06:58.606  1924 17326 I OplusAccessController: enter isIgnoreAppSwitchActivity
06-21 03:06:58.606  1924 17326 I OplusAccessController: enter isIgnoreAppSwitchActivity and intent != null
06-21 03:06:58.606  1924 17326 I OplusAccessController: enter isIgnoreAppSwitchActivity and componentName != null
06-21 03:06:58.606  1924 17326 I OplusAccessController: enter isIgnoreAppSwitchActivity and packageName&activity is not Empty
06-21 03:06:58.606  1924 17326 I OplusHansManager : front pkg: com.teslacoilsw.launcher, uid: 10358, prev pkg: com.maxmpz.audioplayer, prev uid: 10134
06-21 03:06:58.606  1084  1144 I libPowerHal: [PD] system_server update cmd:1410000 param:0
06-21 03:06:58.606  1924  2985 I OplusHansManager : notifyAppGoForeground, uid=10358
06-21 03:06:58.606  1924  2517 I Osense-DecisionMaker: notifyScene: SCENE_LAUNCHER, to sw policy!
06-21 03:06:58.606  1924  2985 I OplusHansManager : notifyAppGoBackground, uid=10134
06-21 03:06:58.606  1924  2374 I Osense-DecisionMaker: notifySceneToAthenaPolicy: SCENE_LAUNCHER, bundle: Bundle[{prevPkgName=com.maxmpz.audioplayer, curUid=10358, curPkgName=com.teslacoilsw.launcher, prevUid=10134}]
06-21 03:06:58.606  1924  2908 I OplusHansManager : uid=10358, pkg=com.teslacoilsw.launcher R exit SM
06-21 03:06:58.606  1924  2374 I Osense-DecisionMaker: notifySceneToAthenaPolicy...SCENE_LAUNCHER
06-21 03:06:58.606  1924  2908 I OplusHansManager : uid=10358, pkg=com.teslacoilsw.launcher R exit(), R stay=35
06-21 03:06:58.607  1924  2374 D Osense-DecisionMaker: getCurrentSysStats, availmemMb: 1794
06-21 03:06:58.607  7202 16680 D VRI[NovaLauncher]: dispatchAppVisibility visible:true
06-21 03:06:58.607  1924  2374 D Osense-DecisionMaker: getCurrentSysStats, availmemMb: 1794
06-21 03:06:58.607  1924  2374 D Osense-DecisionMaker: getCurrentSysStats, availmemMb: 1794
06-21 03:06:58.607  1924  2374 D Osense-DecisionMaker: getCurrentSysStats, availmemMb: 1794
06-21 03:06:58.607  1924  2918 I OplusResourcePreloadManager: resume pkg: com.teslacoilsw.launcher, uid:10358, prev pkg: com.maxmpz.audioplayer, prev uid: 10134
06-21 03:06:58.608  1924  2543 I mtkpower_client: ret_hdl:65423
06-21 03:06:58.608  1084  1144 I libPowerHal: cmdSetting - unknown cmd:2004100, scmd:(null) ,param_1:0
06-21 03:06:58.614  1924 17326 D TaskFragmentExtImpl: addColorModeOnResume resume=true pkg = com.teslacoilsw.launcher
06-21 03:06:58.614  7202  7202 D VRI[NovaLauncher]: setWindowStopped stopped:false
06-21 03:06:58.619  1924 17326 I TaskOrganizerController: onTaskInfoChanged taskid 272 config { mBounds=Rect(0, 0 - 1080, 2400) mAppBounds=Rect(0, 110 - 1080, 2352) mMaxBounds=Rect(0, 0 - 1080, 2400) mDisplayRotation=ROTATION_0 mWindowingMode=fullscreen mDisplayWindowingMode=fullscreen mActivityType=standard mAlwaysOnTop=undefined mRotation=ROTATION_0}
06-21 03:06:58.620  1924 17326 D OplusUIFirst_FB: com.teslacoilsw.launcher activity event: []
06-21 03:06:58.620  1924 17326 D OplusUIFirst_FB: List of ThreadOp: size=0 []
06-21 03:06:58.621  1924  5009 I OplusJoystickManager: handleApplicationSwitch deprecated!
06-21 03:06:58.621  1924  5009 D OplusUIFirst_FB: com.teslacoilsw.launcher activity event: []
06-21 03:06:58.621  1924  5009 D OplusUIFirst_FB: List of ThreadOp: size=0 []
06-21 03:06:58.621  1924  5009 D OplusUIFirst_FB: handleParaSwitch com.teslacoilsw.launcher null null 1
06-21 03:06:58.621  1924  5009 I PowerHalWrapper: amsBoostNotify pid:7202,activity:com.teslacoilsw.launcher.NovaLauncher, package:com.teslacoilsw.launcher, mProcessCreatePackcom.ethiomed.ethiomed 
06-21 03:06:58.621  1924  5009 I PowerHalWrapper: state: 1 
06-21 03:06:58.622  1924  5009 I mtkpower_client: [Legacy][PowerHal_Wrap_notifyAppState] com.teslacoilsw.launcher/com.teslacoilsw.launcher.NovaLauncher pid=7202 state:1
06-21 03:06:58.622  1924  5009 I game_scn: collectForegroundAppList packName=com.teslacoilsw.launcher, actName=com.teslacoilsw.launcher.NovaLauncher, pid=7202, uid=10358, state:RESUMED
06-21 03:06:58.622  1924  5009 I PowerHalWrapper: amsBoostNotify AMS_BOOST_PROCESS_CREATE_BOOST:false 
06-21 03:06:58.622  1084  1144 I libPowerHal: [perfNotifyAppState] foreground:com.teslacoilsw.launcher, pid:7202, uid:10358
06-21 03:06:58.622  1084  1144 E UxUtility: notifyAppState error = NULL
06-21 03:06:58.622  1084  1144 I TouchUtility: notifyAppState error = NULL
06-21 03:06:58.623  1084  1100 I mtkpower@impl: [notifyAppState] pc:0, com.maxmpz.audioplayer => com.teslacoilsw.launcher
06-21 03:06:58.624  1924  3042 D OplusAppSwitchListener: Detect com.maxmpz.audioplayer switch to background
06-21 03:06:58.624  1924  3042 D OplusEapManager: mTargetExitName :com.maxmpz.audioplayer
06-21 03:06:58.624  1924  3042 V DCSEX-AppSwitchManager: OnAppSwitchObserver: onAppExit, resuming = com.teslacoilsw.launcher, target = com.maxmpz.audioplayer, is ResumingFirstStart =  false, is ResumingMultiApp =  false, extensionInfo =  Bundle[{taskId=7, uid=10358}]
06-21 03:06:58.624  1924  3042 D VRR [OPlusFrontAppManager]: OnAppSwitchObserver: onAppExit , info.targetName = com.maxmpz.audioplayer
06-21 03:06:58.624  1924  3042 D VRR [OPlusFrontAppManager]: packageName: null
06-21 03:06:58.624  1924  8414 D DCSEX-AppLaunchEventRecorder: onAppSwitch from = com.maxmpz.audioplayer to = com.teslacoilsw.launcher
06-21 03:06:58.624  1924  8414 D DCSEX-AppLaunchEventRecorder: recordExitApp = com.maxmpz.audioplayer
06-21 03:06:58.624  1924  3042 D OplusAppSwitchListener: Detect com.teslacoilsw.launcher switch to foreground
06-21 03:06:58.624  1924  2092 D VRR [OPlusRefreshRateService]: handleFrontAppChange pkgName: null
06-21 03:06:58.624  1924  2092 D VRR [OPlusExternalRefreshRateManager]: setFrontPackageName pkgName: null CurPkgName: com.maxmpz.audioplayer
06-21 03:06:58.624  9718  9718 D IconConfigParser: parseConfig::icon config =: IconConfig = [ isForeign : true,theme : 1,iconSize : 4624,iconShape : 0,foregroundSize : 4800,artPlusOn : 1,iconRadius ：36,darkModeIcon:1,localSpecial:false,iconThemeEnable:false ]
06-21 03:06:58.624  1924  1951 D OplusKeepAliveManager: TOP_APP is ProcessRecord{2e0fb3f 7202:com.teslacoilsw.launcher/u0a358} uid is 10358
06-21 03:06:58.624  1924  3042 D OplusEapManager: mTargetEnterName :com.teslacoilsw.launcher
06-21 03:06:58.624  1924  3042 D OplusLatencyOptimizerManager: enter pkg: com.teslacoilsw.launcher isPrevBlackAppTop: false mIsBlackAppTop: false
06-21 03:06:58.624  1924  3042 V DCSEX-AppSwitchManager: OnAppSwitchObserver: onAppEnter, launchedFrom =  null, target =  com.teslacoilsw.launcher, is firstStart =  false, is multiApp =  false, extensionInfo =  Bundle[{taskId=7, pid=7202, uid=10358, versionCode=999999999}]
06-21 03:06:58.624  1924  3042 D VRR [OPlusFrontAppManager]: OnAppSwitchObserver: onAppEnter , info.targetName = com.teslacoilsw.launcher
06-21 03:06:58.624  1924  3042 D VRR [OPlusFrontAppManager]: packageName: com.teslacoilsw.launcher
06-21 03:06:58.624  1924  8414 E OplusTrack-ApkInfoUtil: java.lang.NullPointerException: Attempt to invoke virtual method 'java.lang.Object android.os.Bundle.get(java.lang.String)' on a null object reference
06-21 03:06:58.624  1924  8414 W System.err: java.lang.NullPointerException: Attempt to invoke virtual method 'java.lang.Object android.os.Bundle.get(java.lang.String)' on a null object reference
06-21 03:06:58.625  1924  2092 D VRR [OPlusRefreshRateService]: handleFrontAppChange pkgName: com.teslacoilsw.launcher
06-21 03:06:58.625  1924  2092 D VRR [OPlusExternalRefreshRateManager]: setFrontPackageName pkgName: com.teslacoilsw.launcher CurPkgName: null
06-21 03:06:58.625  1924  8414 W System.err: 	at x6.a.a(ApkInfoUtil.java:6)
06-21 03:06:58.625  1924  8414 W System.err: 	at q6.b.<init>(TrackEvent.java:10)
06-21 03:06:58.625  1924  8414 W System.err: 	at q6.a.<init>(CommonBean.java:1)
06-21 03:06:58.625  1924  8414 W System.err: 	at o6.f.b(OplusTrack.java:1)
06-21 03:06:58.625  1924  8414 W System.err: 	at u6.b$c.d(AppLaunchEventRecorder.java:9)
06-21 03:06:58.625  1924  8414 W System.err: 	at u6.b$c.a(AppLaunchEventRecorder.java:7)
06-21 03:06:58.625  1924  8414 W System.err: 	at u6.a.b(dex-id-311820c3ea07e1e5cbaaf3116802a1ffc9888f23:2)
06-21 03:06:58.625  1924  8414 W System.err: 	at r6.c.accept(dex-id-311820c3ea07e1e5cbaaf3116802a1ffc9888f23:1)
06-21 03:06:58.625  1924  8414 W System.err: 	at java.util.concurrent.CopyOnWriteArrayList.forEach(CopyOnWriteArrayList.java:909)
06-21 03:06:58.625  1924  8414 W System.err: 	at r6.b.run(dex-id-311820c3ea07e1e5cbaaf3116802a1ffc9888f23:1)
06-21 03:06:58.625  1924  8414 W System.err: 	at java.util.concurrent.ThreadPoolExecutor.runWorker(ThreadPoolExecutor.java:1100)
06-21 03:06:58.625  1924  8414 W System.err: 	at java.util.concurrent.ThreadPoolExecutor$Worker.run(ThreadPoolExecutor.java:624)
06-21 03:06:58.625  1924  8414 W System.err: 	at java.lang.Thread.run(Thread.java:1572)
06-21 03:06:58.625  1924  8414 W OplusTrack-TrackEvent: appId is empty
06-21 03:06:58.625  9718  9718 I HM_APP_GAP: launcher.activity_exit_gesture begin
06-21 03:06:58.625  9718  9718 D RemoteAnimationUtils: setRemoteAnimationViewInfo: info non-null false, withoutRelease = false
06-21 03:06:58.625  9718  9718 D RemoteAnimationUtils: releaseSurface: surfaceControl valid=null
06-21 03:06:58.626  5112  2500 W Battery : ThermalControlUtils: mForegroundPkg=com.teslacoilsw.launcher
06-21 03:06:58.626  1924  2199 E Athena  : MemoryGuardAction: handleAppChange
06-21 03:06:58.626  5112  2500 W Battery : ThermalControllHandler: tempLevel=3,userMode=2,gameUserMode=-1,appType=26,envTempType=0,appStates=[],appSwitchSafetyMode=true
06-21 03:06:58.627  5112  2500 W Battery : ThermalControllerCenter: mSafetyState=10001
06-21 03:06:58.628  2905  3154 I Athena  : AthenaDynamicReceiver: pre_app:com.maxmpz.audioplayer, next_app:com.teslacoilsw.launcher(10358|7202)
06-21 03:06:58.629  1924  2008 W libprocessgroup: Failed to open /dev/blkio//cgroup.procs: No such file or directory
06-21 03:06:58.630  1924  2173 W AlarmManager: Unrecognized alarm listener com.android.server.usage.AppTimeLimitController$SessionUsageGroup@fc44361
06-21 03:06:58.631  9718  9718 D OplusRecentsView: getLastViewIndex() :8
06-21 03:06:58.634  1924  1951 D OplusUIFirst_FB: com.teslacoilsw.launcher moveToTop:[]
06-21 03:06:58.634  1924  1951 D OplusUIFirst_FB: List of ThreadOp: size=0 []
06-21 03:06:58.634  1924  1951 D OplusUIFirst_FB: com.teslacoilsw.launcher boost hint: 7202
06-21 03:06:58.634  1924  1951 D OplusUIFirst_FB: handleParaSwitch com.teslacoilsw.launcher null null 0
06-21 03:06:58.634  1158  1158 D Layer   : reparent to null sequence=29577, seq[1], name=Surface(name=a52ab6b StatusBar)/@0x2207298 - animation-leash of insets_animation#29577
06-21 03:06:58.634  1158  1158 D Layer   : reparent to null sequence=29578, seq[2], name=Surface(name=14acf45 NavigationBar0)/@0x938a52d - animation-leash of insets_animation#29578
06-21 03:06:58.634 27147 27147 W TraceableOnGlobalLayout: TraceableOnGlobalLayoutListener.onGlobalLayout[nei] is called 8967
06-21 03:06:58.635  5112  2500 W Battery : ThermalControllHandler: tempGear=3,configItemName=category_26
06-21 03:06:58.636  1924 17326 I FocusResolver: updateFocusedWindow,  on display 0, reason: NOT_VISIBLE, result:   FocusedWindows: <none>
06-21 03:06:58.636  5112  6065 W Battery : ThermalControllHandler: MSG_THERMAL_CONTROL_CATEGORY_CHANGED
06-21 03:06:58.637  1924  1951 D OplusUIFirst_FB: com.teslacoilsw.launcher toForeOps: []
06-21 03:06:58.637  1924  1951 D OplusUIFirst_FB: List of ThreadOp: size=0 []
06-21 03:06:58.638  7202  7202 I SurfaceView: 84541623 onAttachedToWindow
06-21 03:06:58.639  5331 30044 V DeepThinker: ProcessManager: onForegroundActivitiesChanged pid:7202, uid:10358, foregroundActivities:true
06-21 03:06:58.641  3471 32472 D OplusAtlas.OplusAtlasEventDispatch: setEvent:atlas_event_on_foreground_activities_changed info:pid:7202,uid:10358,hasForegroundActivities:1
06-21 03:06:58.641  1924  5009 D VRR [OPlusRefreshRateService]:  setAppFrameRate [ 1 , com.maxmpz.audioplayer , false , lchr ]
06-21 03:06:58.641  3471  5204 D OplusAtlas.OplusAudioScene: callback success event:atlas_event_on_foreground_activities_changed eventInfo:pid:7202,uid:10358,hasForegroundActivities:1
06-21 03:06:58.641  3471  5471 D OplusAtlas.OplusMessageHandler: handleMessage: Msg { when=0 what=2 obj=com.oplus.atlas.OplusAtlasEvent@a56f00f target=com.oplus.atlas.OplusMessageHandler$MyHandler }
06-21 03:06:58.641  1924  5009 D VRR [OPlusExternalRefreshRateManager]:  [FRTC] FrameRate : 1 com.maxmpz.audioplayer false version-2-lchr-specific-can-reset 0 10134
06-21 03:06:58.641  1924  2092 D VRR [OPlusSurfaceFlingerController]:  add frtc FrameRate : 1 com.maxmpz.audioplayer false version-2-lchr-specific-can-reset
06-21 03:06:58.641  7202  7202 I Quality : Skipped: false 0 cost 2.769 refreshRate 16287773 bit true processName com.teslacoilsw.launcher
06-21 03:06:58.641  1158  1215 I VRR [FRTC]: setFrameRateTarget with [1, com.maxmpz.audioplayer, 0, version-2-lchr-specific-can-reset, 2, 0, 10134]
06-21 03:06:58.641  1158  1399 I VRR [FRTC]: setRate true { fps 1, proc_name com.maxmpz.audioplayer, strict_mode 0, description version-2-lchr-specific-can-reset, proc_id 6579, rate_status 1, backend Override, version 2, pid 0, uid 10134, enable at 2026-06-21 03:06:58, disable waiting }
06-21 03:06:58.641  1158  1399 D VRR [OTI-HW]: isStateReady 0
06-21 03:06:58.641  1158  1399 D VRR [OTI-HW]: rate range: min {id=0, hwcId=0, resolution=1080x2400, refreshRate=60.00 Hz, dpi=409.43x409.13, group=0} cur {id=0, hwcId=0, resolution=1080x2400, refreshRate=60.00 Hz, dpi=409.43x409.13, group=0} max {id=0, hwcId=0, resolution=1080x2400, refreshRate=60.00 Hz, dpi=409.43x409.13, group=0}
06-21 03:06:58.641  1158  1399 D VRR [OTI-HW]: keep rate.
06-21 03:06:58.642  1924  2233 E HandwritingModeController: Cannot get requestId: Handwriting was not initialized.
06-21 03:06:58.645  3430  3430 D HidDeviceService: handleMessage(): msg.what=8
06-21 03:06:58.646  1924  1951 V WindowManager: Unknown focus tokens, dropping reportFocusChanged
06-21 03:06:58.647  1924 13880 W Binder  : Outgoing transactions from this process must be FLAG_ONEWAY
06-21 03:06:58.647  1924 13880 W Binder  : java.lang.Throwable
06-21 03:06:58.647  1924 13880 W Binder  : 	at android.os.BinderProxy.transact(BinderProxy.java:605)
06-21 03:06:58.647  1924 13880 W Binder  : 	at android.content.ContentProviderProxy.insert(ContentProviderNative.java:555)
06-21 03:06:58.647  1924 13880 W Binder  : 	at android.content.ContentProviderClient.insert(ContentProviderClient.java:347)
06-21 03:06:58.647  1924 13880 W Binder  : 	at android.content.ContentProviderClient.insert(ContentProviderClient.java:336)
06-21 03:06:58.647  1924 13880 W Binder  : 	at s6.c.b(ContentProviderRecorder.java:7)
06-21 03:06:58.647  1924 13880 W Binder  : 	at s6.c.a(ContentProviderRecorder.java:14)
06-21 03:06:58.647  1924 13880 W Binder  : 	at s6.e.a(ProxyRecorder.java:6)
06-21 03:06:58.647  1924 13880 W Binder  : 	at o6.c.run(dex-id-311820c3ea07e1e5cbaaf3116802a1ffc9888f23:2)
06-21 03:06:58.647  1924 13880 W Binder  : 	at android.os.Handler.handleCallback(Handler.java:942)
06-21 03:06:58.647  1924 13880 W Binder  : 	at android.os.Handler.dispatchMessage(Handler.java:99)
06-21 03:06:58.647  1924 13880 W Binder  : 	at android.os.Looper.loopOnce(Looper.java:240)
06-21 03:06:58.647  1924 13880 W Binder  : 	at android.os.Looper.loop(Looper.java:351)
06-21 03:06:58.647  1924 13880 W Binder  : 	at android.os.HandlerThread.run(HandlerThread.java:67)
06-21 03:06:58.648 29088 29110 I [0]DCS-StrategyManager: isNeedUpload: true, type: 1, appID: 0, logTag: , eventID: 
06-21 03:06:58.652  1158  1158 I DispPerfService: updateLayerMask 8
06-21 03:06:58.653  6579 21576 I AudioEffect: command() 0xb400007646053400, cmdCode = 5
06-21 03:06:58.653  1056  1119 I EffectsFactory: Effect_Command(): self = 0xe3eb5280, cmdCode = 5
06-21 03:06:58.658  5331  5390 I DeepThinker: IntentManager: onIntentProduced 1
