06-21 03:06:58.658  5331  5390 I DeepThinker: IntentManager: dispatchIntents 1
06-21 03:06:58.658  5331 24569 I DeepThinker: EventFountainDispatcher: dispatchSpecificIntents 1
06-21 03:06:58.658  5331 24569 I DeepThinker: EventFountainDispatcher: dispatchSpecificIntents com.pantanal.action.APPS_LIST
06-21 03:06:58.675  3090  3095 W lus.appplatform: Reducing the number of considered missed Gc histogram windows from 158 to 100
06-21 03:06:58.678  1924  5020 D OplusFullScreenDisplayManager: adjustWindowParamsLw com.teslacoilsw.launcher, no change cutoutMode: 3
06-21 03:06:58.678  1924  5020 V WindowManager: Relayout Window{b859da5 u0 com.teslacoilsw.launcher/com.teslacoilsw.launcher.NovaLauncher}: viewVisibility=0, oldvis=8, req=1080x2400
06-21 03:06:58.678  1924  5020 I WindowManager: Window{b859da5 u0 com.teslacoilsw.launcher/com.teslacoilsw.launcher.NovaLauncher} state from NO_SURFACE to DRAW_PENDING; reason: resetDrawState
06-21 03:06:58.679  1158  1215 I BufferQueueDebug: [com.teslacoilsw.launcher/com.teslacoilsw.launcher.NovaLauncher#29592](this:0xb400007d2c2269e8,id:-1,api:0,p:-1,c:-1) BufferQueue core=(1158:/system/bin/surfaceflinger)
06-21 03:06:58.683  1924  5020 V WindowManager: Changing focus from null to Window{b859da5 u0 com.teslacoilsw.launcher/com.teslacoilsw.launcher.NovaLauncher},diplayid=0
06-21 03:06:58.687  1924  5020 D Theia.NoFocusWindow: FocusWindowErrorScene cancelCheckFreezeScreen
06-21 03:06:58.689  1158  1215 D [OSIE]  : scltmLayer_name VRI[NovaLauncher][com.teslacoilsw.launcher/com.teslacoilsw.launcher.NovaLauncher]
06-21 03:06:58.689  1158  1215 D [OSIE]  : IsSCLTMLayer=0 
06-21 03:06:58.689  7202  7202 D BufferQueueConsumer: [](id:1c22000001c0,api:0,p:-1,c:7202) connect: controlledByApp=false
06-21 03:06:58.689  7202  7202 E IPCThreadState: attemptIncStrongHandle(117): Not supported
06-21 03:06:58.689  7202  7202 E IPCThreadState: attemptIncStrongHandle(112): Not supported
06-21 03:06:58.706  1158  1215 I BufferQueueDebug: [SurfaceView[com.teslacoilsw.launcher/com.teslacoilsw.launcher.NovaLauncher](BLAST)#29597](this:0xb400007d2c2749e8,id:-1,api:0,p:-1,c:-1) BufferQueue core=(1158:/system/bin/surfaceflinger)
06-21 03:06:58.707  1158  1215 D [OSIE]  : scltmLayer_name SurfaceView[com.teslacoilsw.launcher/com.teslacoilsw.launcher.NovaLauncher]
06-21 03:06:58.707  1158  1215 D [OSIE]  : IsSCLTMLayer=0 
06-21 03:06:58.707  7202  7202 D BufferQueueConsumer: [](id:1c22000001c1,api:0,p:-1,c:7202) connect: controlledByApp=false
06-21 03:06:58.708  7202  7202 I SurfaceView: 84541623 visibleChanged -- surfaceCreated 
06-21 03:06:58.708  7202  7202 I SurfaceView: 84541623 surfaceChanged -- format=-3 w=1080 h=2400
06-21 03:06:58.709  1924  5009 D OplusAppListInterceptManager: shouldFilterTask
06-21 03:06:58.709  1924  5009 D OplusAppListInterceptManager: shouldFilterTask::packageName = com.maxmpz.audioplayer
06-21 03:06:58.709  1924  5009 D OplusAppListInterceptManager: shouldFilterTask
06-21 03:06:58.709  1924  5009 D OplusAppListInterceptManager: shouldFilterTask::packageName = com.ethiomed.ethiomed
06-21 03:06:58.709  3523  3547 E oiface  : sched_setaffinity failed
06-21 03:06:58.714  7202  7232 D BLASTBufferQueue: [SurfaceView[com.teslacoilsw.launcher/com.teslacoilsw.launcher.NovaLauncher]#426](f:0,a:1) acquireNextBufferLocked size=1080x2400 mFrameNumber=1 applyTransaction=true mTimestamp=274897941436308(auto) mPendingTransactions.size=0 graphicBufferId=30932354467163 transform=0
06-21 03:06:58.716 27147 27147 W TraceableOnGlobalLayout: TraceableOnGlobalLayoutListener.onGlobalLayout[nei] is called 8968
06-21 03:06:58.716  1158  1158 D Layer   : reparent to null sequence=29591, seq[2], name=Surface(name=14acf45 NavigationBar0)/@0x938a52d - animation-leash of insets_animation#29591
06-21 03:06:58.716  1158  1158 D Layer   : reparent to null sequence=29590, seq[1], name=Surface(name=a52ab6b StatusBar)/@0x2207298 - animation-leash of insets_animation#29590
06-21 03:06:58.716  1158  1158 D BufferStateLayer: SurfaceView[com.teslacoilsw.launcher/com.teslacoilsw.launcher.NovaLauncher](BLAST)#29597 setBuffer frameId=1, bufferId=30932354467163 fenceId=1217, w= 1080, h=2400
06-21 03:06:58.716  1158  1158 D OplusLayer: (29597,SurfaceView[com.teslacoilsw.launcher/com.teslacoilsw.launcher.NovaLauncher](BLAST)#29597,com.teslacoilsw.launcher) setBuffer
06-21 03:06:58.717  7202  7232 W Parcel  : Expecting binder but got null!
06-21 03:06:58.718  7202  7202 E SurfaceSyncer: Failed to find sync for id=0
06-21 03:06:58.718  7202  7202 E SurfaceSyncer: Failed to find sync for id=1
06-21 03:06:58.718  7202  7202 E SurfaceSyncer: Failed to find sync for id=2
06-21 03:06:58.718  7202  7202 E SurfaceSyncer: Failed to find sync for id=3
06-21 03:06:58.718  7202  7202 E SurfaceSyncer: Failed to find sync for id=4
06-21 03:06:58.718  7202  7202 E SurfaceSyncer: Failed to find sync for id=5
06-21 03:06:58.718  7202  7202 E SurfaceSyncer: Failed to find sync for id=6
06-21 03:06:58.718  7202  7202 E SurfaceSyncer: Failed to find sync for id=7
06-21 03:06:58.718  7202  7202 E SurfaceSyncer: Failed to find sync for id=8
06-21 03:06:58.718  7202  7202 E SurfaceSyncer: Failed to find sync for id=9
06-21 03:06:58.718  7202  7202 E SurfaceSyncer: Failed to find sync for id=10
06-21 03:06:58.718  7202  7202 E SurfaceSyncer: Failed to find sync for id=11
06-21 03:06:58.718  7202  7202 E SurfaceSyncer: Failed to find sync for id=12
06-21 03:06:58.718  7202  7202 E SurfaceSyncer: Failed to find sync for id=13
06-21 03:06:58.718  7202  7202 E SurfaceSyncer: Failed to find sync for id=14
06-21 03:06:58.718  7202  7202 E SurfaceSyncer: Failed to find sync for id=15
06-21 03:06:58.718  7202  7202 E SurfaceSyncer: Failed to find sync for id=16
06-21 03:06:58.718  7202  7202 E SurfaceSyncer: Failed to find sync for id=17
06-21 03:06:58.718  7202  7202 E SurfaceSyncer: Failed to find sync for id=18
06-21 03:06:58.718  7202  7202 E SurfaceSyncer: Failed to find sync for id=19
06-21 03:06:58.718  7202  7202 E SurfaceSyncer: Failed to find sync for id=20
06-21 03:06:58.718  7202  7202 E SurfaceSyncer: Failed to find sync for id=21
06-21 03:06:58.718  7202  7202 E SurfaceSyncer: Failed to find sync for id=22
06-21 03:06:58.718  7202  7202 E SurfaceSyncer: Failed to find sync for id=23
06-21 03:06:58.718  7202  7202 E SurfaceSyncer: Failed to find sync for id=24
06-21 03:06:58.718  7202  7202 E SurfaceSyncer: Failed to find sync for id=25
06-21 03:06:58.718  7202  7202 E SurfaceSyncer: Failed to find sync for id=26
06-21 03:06:58.718  7202  7202 E SurfaceSyncer: Failed to find sync for id=27
06-21 03:06:58.718  7202  7202 E SurfaceSyncer: Failed to find sync for id=28
06-21 03:06:58.718  7202  7202 E SurfaceSyncer: Failed to find sync for id=29
06-21 03:06:58.718  7202  7202 E SurfaceSyncer: Failed to find sync for id=30
06-21 03:06:58.718  7202  7202 E SurfaceSyncer: Failed to find sync for id=31
06-21 03:06:58.718  7202  7202 E SurfaceSyncer: Failed to find sync for id=32
06-21 03:06:58.718  7202  7202 E SurfaceSyncer: Failed to find sync for id=33
06-21 03:06:58.718  7202  7202 E SurfaceSyncer: Failed to find sync for id=34
06-21 03:06:58.718  7202  7202 E SurfaceSyncer: Failed to find sync for id=35
06-21 03:06:58.718  7202  7202 E SurfaceSyncer: Failed to find sync for id=36
06-21 03:06:58.718  7202  7202 E SurfaceSyncer: Failed to find sync for id=37
06-21 03:06:58.718  7202  7202 E SurfaceSyncer: Failed to find sync for id=38
06-21 03:06:58.718  7202  7202 E SurfaceSyncer: Failed to find sync for id=39
06-21 03:06:58.718  7202  7202 E SurfaceSyncer: Failed to find sync for id=40
06-21 03:06:58.718  7202  7202 E SurfaceSyncer: Failed to find sync for id=41
06-21 03:06:58.718  7202  7202 E SurfaceSyncer: Failed to find sync for id=42
06-21 03:06:58.718  7202  7202 E SurfaceSyncer: Failed to find sync for id=43
06-21 03:06:58.718  7202  7202 E SurfaceSyncer: Failed to find sync for id=44
06-21 03:06:58.718  7202  7202 E SurfaceSyncer: Failed to find sync for id=45
06-21 03:06:58.718  7202  7202 E SurfaceSyncer: Failed to find sync for id=46
06-21 03:06:58.718  7202  7202 E SurfaceSyncer: Failed to find sync for id=47
06-21 03:06:58.718  7202  7202 E SurfaceSyncer: Failed to find sync for id=48
06-21 03:06:58.719  7202  7202 E SurfaceSyncer: Failed to find sync for id=49
06-21 03:06:58.719  7202  7202 E SurfaceSyncer: Failed to find sync for id=50
06-21 03:06:58.719  7202  7202 E SurfaceSyncer: Failed to find sync for id=51
06-21 03:06:58.719  7202  7202 E SurfaceSyncer: Failed to find sync for id=52
06-21 03:06:58.719  7202  7202 E SurfaceSyncer: Failed to find sync for id=53
06-21 03:06:58.719  7202  7202 E SurfaceSyncer: Failed to find sync for id=54
06-21 03:06:58.719  7202  7202 E SurfaceSyncer: Failed to find sync for id=55
06-21 03:06:58.719  7202  7202 E SurfaceSyncer: Failed to find sync for id=56
06-21 03:06:58.719  7202  7202 E SurfaceSyncer: Failed to find sync for id=57
06-21 03:06:58.719  7202  7202 E SurfaceSyncer: Failed to find sync for id=58
06-21 03:06:58.719  7202  7202 E SurfaceSyncer: Failed to find sync for id=59
06-21 03:06:58.719  7202  7202 E SurfaceSyncer: Failed to find sync for id=60
06-21 03:06:58.719  7202  7202 E SurfaceSyncer: Failed to find sync for id=61
06-21 03:06:58.719  7202  7202 E SurfaceSyncer: Failed to find sync for id=62
06-21 03:06:58.719  7202  7202 E SurfaceSyncer: Failed to find sync for id=63
06-21 03:06:58.719  7202  7202 E SurfaceSyncer: Failed to find sync for id=64
06-21 03:06:58.719  7202  7202 E SurfaceSyncer: Failed to find sync for id=65
06-21 03:06:58.719  7202  7202 E SurfaceSyncer: Failed to find sync for id=66
06-21 03:06:58.719  7202  7202 E SurfaceSyncer: Failed to find sync for id=67
06-21 03:06:58.719  7202  7202 E SurfaceSyncer: Failed to find sync for id=68
06-21 03:06:58.719  7202  7202 E SurfaceSyncer: Failed to find sync for id=69
06-21 03:06:58.719  7202  7202 E SurfaceSyncer: Failed to find sync for id=70
06-21 03:06:58.719  7202  7202 E SurfaceSyncer: Failed to find sync for id=71
06-21 03:06:58.719  7202  7202 E SurfaceSyncer: Failed to find sync for id=72
06-21 03:06:58.719  7202  7202 E SurfaceSyncer: Failed to find sync for id=73
06-21 03:06:58.719  7202  7202 E SurfaceSyncer: Failed to find sync for id=74
06-21 03:06:58.719  7202  7202 E SurfaceSyncer: Failed to find sync for id=75
06-21 03:06:58.719  7202  7202 E SurfaceSyncer: Failed to find sync for id=76
06-21 03:06:58.719  7202  7202 E SurfaceSyncer: Failed to find sync for id=77
06-21 03:06:58.719  7202  7202 E SurfaceSyncer: Failed to find sync for id=78
06-21 03:06:58.719  7202  7202 E SurfaceSyncer: Failed to find sync for id=79
06-21 03:06:58.719  7202  7202 E SurfaceSyncer: Failed to find sync for id=80
06-21 03:06:58.719  7202  7202 E SurfaceSyncer: Failed to find sync for id=81
06-21 03:06:58.719  7202  7202 E SurfaceSyncer: Failed to find sync for id=82
06-21 03:06:58.719  7202  7202 E SurfaceSyncer: Failed to find sync for id=83
06-21 03:06:58.719  7202  7202 E SurfaceSyncer: Failed to find sync for id=84
06-21 03:06:58.719  7202  7202 E SurfaceSyncer: Failed to find sync for id=85
06-21 03:06:58.719  7202  7202 E SurfaceSyncer: Failed to find sync for id=86
06-21 03:06:58.719  7202  7202 E SurfaceSyncer: Failed to find sync for id=87
06-21 03:06:58.719  7202  7202 E SurfaceSyncer: Failed to find sync for id=88
06-21 03:06:58.719  7202  7202 E SurfaceSyncer: Failed to find sync for id=89
06-21 03:06:58.719  7202  7202 E SurfaceSyncer: Failed to find sync for id=90
06-21 03:06:58.719  7202  7202 E SurfaceSyncer: Failed to find sync for id=91
06-21 03:06:58.719  7202  7202 E SurfaceSyncer: Failed to find sync for id=92
06-21 03:06:58.719  7202  7202 E SurfaceSyncer: Failed to find sync for id=93
06-21 03:06:58.719  7202  7202 E SurfaceSyncer: Failed to find sync for id=94
06-21 03:06:58.719  7202  7202 E SurfaceSyncer: Failed to find sync for id=95
06-21 03:06:58.719  7202  7202 E SurfaceSyncer: Failed to find sync for id=96
06-21 03:06:58.719  7202  7202 E SurfaceSyncer: Failed to find sync for id=97
06-21 03:06:58.719  7202  7202 E SurfaceSyncer: Failed to find sync for id=98
06-21 03:06:58.719  7202  7202 E SurfaceSyncer: Failed to find sync for id=99
06-21 03:06:58.719  7202  7202 E SurfaceSyncer: Failed to find sync for id=100
06-21 03:06:58.719  7202  7202 E SurfaceSyncer: Failed to find sync for id=101
06-21 03:06:58.719  7202  7202 E SurfaceSyncer: Failed to find sync for id=102
06-21 03:06:58.719  7202  7202 E SurfaceSyncer: Failed to find sync for id=103
06-21 03:06:58.719  7202  7202 E SurfaceSyncer: Failed to find sync for id=104
06-21 03:06:58.719  7202  7202 E SurfaceSyncer: Failed to find sync for id=105
06-21 03:06:58.719  7202  7202 E SurfaceSyncer: Failed to find sync for id=106
06-21 03:06:58.719  7202  7202 E SurfaceSyncer: Failed to find sync for id=107
06-21 03:06:58.719  7202  7202 E SurfaceSyncer: Failed to find sync for id=108
06-21 03:06:58.719  7202  7202 E SurfaceSyncer: Failed to find sync for id=109
06-21 03:06:58.719  7202  7202 E SurfaceSyncer: Failed to find sync for id=110
06-21 03:06:58.719  7202  7202 E SurfaceSyncer: Failed to find sync for id=111
06-21 03:06:58.719  7202  7202 E SurfaceSyncer: Failed to find sync for id=112
06-21 03:06:58.719  7202  7202 E SurfaceSyncer: Failed to find sync for id=113
06-21 03:06:58.719  7202  7202 E SurfaceSyncer: Failed to find sync for id=114
06-21 03:06:58.719  7202  7202 E SurfaceSyncer: Failed to find sync for id=115
06-21 03:06:58.719  7202  7202 E SurfaceSyncer: Failed to find sync for id=116
06-21 03:06:58.719  7202  7202 E SurfaceSyncer: Failed to find sync for id=117
06-21 03:06:58.719  7202  7202 E SurfaceSyncer: Failed to find sync for id=118
06-21 03:06:58.719  7202  7202 E SurfaceSyncer: Failed to find sync for id=119
06-21 03:06:58.720  7202  7202 E SurfaceSyncer: Failed to find sync for id=120
06-21 03:06:58.720  7202  7202 E SurfaceSyncer: Failed to find sync for id=121
06-21 03:06:58.720  7202  7202 E SurfaceSyncer: Failed to find sync for id=122
06-21 03:06:58.720  7202  7202 E SurfaceSyncer: Failed to find sync for id=123
06-21 03:06:58.720  7202  7202 D VRI[NovaLauncher]: registerCallbacksForSync syncBuffer=false
06-21 03:06:58.722  3523  3547 E oiface  : sched_setaffinity failed
06-21 03:06:58.726  7202  7232 D BLASTBufferQueue: [VRI[NovaLauncher][com.teslacoilsw.launcher/com.teslacoilsw.launcher.NovaLauncher]#425](f:0,a:1) acquireNextBufferLocked size=1080x2400 mFrameNumber=1 applyTransaction=true mTimestamp=274897952710769(auto) mPendingTransactions.size=0 graphicBufferId=30932354467164 transform=0
06-21 03:06:58.726  7202  7232 D VRI[NovaLauncher]: Received frameCommittedCallback lastAttemptedDrawFrameNum=1 didProduceBuffer=true syncBuffer=false
06-21 03:06:58.727  7202  7202 D VRI[NovaLauncher]: draw finished.
06-21 03:06:58.728  1924  5009 I WindowManager: Window{b859da5 u0 com.teslacoilsw.launcher/com.teslacoilsw.launcher.NovaLauncher} state from DRAW_PENDING to COMMIT_DRAW_PENDING; reason: finishDrawingLocked
06-21 03:06:58.731  7202  7232 D OpenGLRenderer: SkiaOpenGLPipeline::setSurface: this=0xb40000763ffdc400, surface=NULL
06-21 03:06:58.732  7202  7202 I Quality : Skipped: false 5 cost 84.99584 refreshRate 16287773 bit true processName com.teslacoilsw.launcher
06-21 03:06:58.732  1924  1952 I WindowManager: Window{b859da5 u0 com.teslacoilsw.launcher/com.teslacoilsw.launcher.NovaLauncher} state from COMMIT_DRAW_PENDING to READY_TO_SHOW; reason: commitFinishDrawingLocked
06-21 03:06:58.732  1158  1158 D BufferStateLayer: com.teslacoilsw.launcher/com.teslacoilsw.launcher.NovaLauncher#29592 setBuffer frameId=1, bufferId=30932354467164 fenceId=1219, w= 1080, h=2400
06-21 03:06:58.733  1158  1158 D OplusLayer: (29592,com.teslacoilsw.launcher/com.teslacoilsw.launcher.NovaLauncher#29592,com.teslacoilsw.launcher) setBuffer
06-21 03:06:58.736  1924  1952 V OplusZoomWindowManagerService: onAnimationFinished:  r = ActivityRecord{cf94d75 u0 com.teslacoilsw.launcher/.NovaLauncher} t7}
06-21 03:06:58.736  1924  1952 I OplusAppSwitchManagerService:  handleAppVisible , r = ActivityRecord{cf94d75 u0 com.teslacoilsw.launcher/.NovaLauncher} t7}
06-21 03:06:58.736  1924  1952 I OplusAppSwitchManagerService:  handleAppVisible , r = ActivityRecord{cf94d75 u0 com.teslacoilsw.launcher/.NovaLauncher} t7}
06-21 03:06:58.736  1924  1952 I WindowManager: Window{b859da5 u0 com.teslacoilsw.launcher/com.teslacoilsw.launcher.NovaLauncher} state from READY_TO_SHOW to HAS_DRAWN; reason: performShowLocked
06-21 03:06:58.741  1924  1952 I TaskOrganizerController: onTaskInfoChanged taskid 272 config { mBounds=Rect(0, 0 - 1080, 2400) mAppBounds=Rect(0, 110 - 1080, 2352) mMaxBounds=Rect(0, 0 - 1080, 2400) mDisplayRotation=ROTATION_0 mWindowingMode=fullscreen mDisplayWindowingMode=fullscreen mActivityType=standard mAlwaysOnTop=undefined mRotation=ROTATION_0}
06-21 03:06:58.741  1924  1952 I TaskOrganizerController: onTaskInfoChanged taskid 217 config { mBounds=Rect(0, 0 - 1080, 2400) mAppBounds=Rect(0, 110 - 1080, 2352) mMaxBounds=Rect(0, 0 - 1080, 2400) mDisplayRotation=ROTATION_0 mWindowingMode=fullscreen mDisplayWindowingMode=fullscreen mActivityType=recents mAlwaysOnTop=undefined mRotation=ROTATION_0}
06-21 03:06:58.742  1924  1952 I TaskOrganizerController: onTaskInfoChanged taskid 1 config { mBounds=Rect(0, 0 - 1080, 2400) mAppBounds=Rect(0, 110 - 1080, 2352) mMaxBounds=Rect(0, 0 - 1080, 2400) mDisplayRotation=ROTATION_0 mWindowingMode=fullscreen mDisplayWindowingMode=fullscreen mActivityType=home mAlwaysOnTop=undefined mRotation=ROTATION_0}
06-21 03:06:58.750  1924 17326 I FocusResolver: updateFocusedWindow, b859da5 com.teslacoilsw.launcher/com.teslacoilsw.launcher.NovaLauncher on display 0, reason: Window became focusable. Previous reason: NOT_VISIBLE, result:   FocusedWindows:
06-21 03:06:58.750  1924 17326 I FocusResolver:     displayId=0, name='b859da5 com.teslacoilsw.launcher/com.teslacoilsw.launcher.NovaLauncher'
06-21 03:06:58.752  1063  1063 I hwcomposer: [HWCLayer] setHwlayerType(), id:9760, release queue sp, type 3 -> 0  
06-21 03:06:58.752  1063  1063 I hwcomposer: [DBQ] (q2:0xb400007bb3e1d000) Buffer queue is destroyed, m_id(9760)  
06-21 03:06:58.752  1063  1063 I hwcomposer: [DBQ] (q2:0xb400007bb3e1d000) ~DisplayBufferQueue(), m_id(9760), release buf  
06-21 03:06:58.752  1063  1063 I hwcomposer: [DBQ] (q2:0xb400007bb3e1d000) Free Slot(0), handle=0xb400007bb3ea7900, 5184000 -> 0  
06-21 03:06:58.752  7202  7202 D VRI[NovaLauncher]: onFocusEvent true
06-21 03:06:58.752  1158  1351 I SurfaceFlinger: NotifyHwcComposition(), id 0, mode 0
06-21 03:06:58.753  1084  1101 I mtkpower@impl: [setMode] type:6, enabled:1
06-21 03:06:58.753  1084  1101 E mtkpower@impl: [setMode] unknown type
06-21 03:06:58.753  1158  1223 D MDP     : DpAsyncBlit: in: job (610421 278) (256, 192, 8192, 4096, C12b, P1), sec0, flush 0 Buffer 371: plane=2 bufVA={0x231,0x231,0x0} bufMVA={0x0,0x0,0x0} bufSize={0xc000,0x6000,0x0} proxy={0xb400007d37445980,0x0,0x0}fence=-1
06-21 03:06:58.753  1158  1223 D MDP     : DpAsyncBlit: out0: (222, 144, 224, 112, C8s, P1), misc: (X:0, Y:0, R:0, F:0, S:0, A:0, D:0), sec0, flush 0 Buffer 371: plane=3 bufVA={0x4bf,0x4bf,0x4bf} bufMVA={0x0,0x0,0x0} bufSize={0x7e00,0x1f80,0x1f80} proxy={0xb400007d37445b80,0x0,0x0}fence=-1
06-21 03:06:58.753  1158  1223 D MDP     : DpAsyncBlit: crop0: (0, 0, 222, 144, 0, 0, 0, 0)
06-21 03:06:58.758  1924 17326 D InputMethodManagerService: isSecurity: attribute.packageName=com.teslacoilsw.launcher mCurMethodId=com.amharic.keyboard.for.android/com.example.android.softkeyboard.SoftKeyboard
06-21 03:06:58.758  1924 17326 D InputMethodManagerService: isSecurity= false (  enable=false needShow=false inBlackList=false isExist=true )
06-21 03:06:58.765  1158  1158 D Layer   : reparent to null sequence=29583, seq[3], name=Surface(name=3564be0 InputMethod)/@0x604460c - animation-leash of insets_animation#29583
06-21 03:06:58.767  1924  5020 D OplusFullScreenDisplayManager: adjustWindowParamsLw com.teslacoilsw.launcher, no change cutoutMode: 3
06-21 03:06:58.767  1924  5020 V WindowManager: Relayout Window{b859da5 u0 com.teslacoilsw.launcher/com.teslacoilsw.launcher.NovaLauncher}: viewVisibility=0, oldvis=0, req=1080x2400
06-21 03:06:58.775  1084  1101 I mtkpower@impl: [setMode] type:5, enabled:0
06-21 03:06:58.775  1924  2986 I PowerHalWrapper: amsBoostStop AMS_BOOST_PACK_SWITCH:true, AMS_BOOST_ACT_SWITCH:false, AMS_BOOST_PROCESS_CREATE:false 
06-21 03:06:58.775  1084  1144 I libPowerHal: [perfLockRel] hdl:65421, idx:3
06-21 03:06:58.776  1084  1144 I libPowerHal: [perfLockRel] hdl:65424, idx:4
06-21 03:06:58.776  1084  1144 I libPowerHal: [PD] MTKPOWER_HINT_PACK_SWITCH update cmd:1000000, param:-1
06-21 03:06:58.776  1084  1144 I libPowerHal: [PD] MTKPOWER_HINT_PACK_SWITCH update cmd:1408300 param:0
06-21 03:06:58.777  1084  1144 I libPowerHal: [PD] MTKPOWER_HINT_PACK_SWITCH update cmd:1000000 param:-1
06-21 03:06:58.888  1924  1959 I LatencyTracker: ACTION_START_RECENTS_ANIMATION latency=83
06-21 03:06:59.054  1084  1136 I libPowerHal: [updateFPS] pid(7202) : 60 => -1
06-21 03:06:59.054  1084  1144 E UxUtility: notifyAppState error = NULL
06-21 03:06:59.054  1084  1144 I TouchUtility: notifyAppState error = NULL
06-21 03:06:59.208  1924  2543 I mtkpower_client: perf_lock_rel, hdl:65423, tid:2543
06-21 03:06:59.208  1924  2543 I mtkpower_client: perf_lock_acq, hdl:65423, dur:0, num:4, tid:2543
06-21 03:06:59.209  1084  1144 I libPowerHal: [perfLockRel] hdl:65423, idx:0
06-21 03:06:59.209  1084  1144 I libPowerHal: system_server: cpu_ctrl set cpu freq: -1 -1 -1 -1
06-21 03:06:59.209  1084  1144 I libPowerHal: [PD] system_server update cmd:1410000 param:0
06-21 03:06:59.209  1924  2543 I mtkpower_client: ret_hdl:65425
06-21 03:06:59.209  1084  1144 I libPowerHal: cmdSetting - unknown cmd:2004100, scmd:(null) ,param_1:2
06-21 03:06:59.212  1924  2374 I Osense-DecisionMaker: notifyScene: OSENSE_ACTION_TOUCH_BOOST, to hw policy!
06-21 03:06:59.213  1924  2391 D OGG_Detector: D:done mCurrStatus: 0
06-21 03:06:59.213  1924  1948 D TheiaRestorer: reportPointerEvent: MotionEvent { action=ACTION_DOWN, actionButton=0, id[0]=0, x[0]=809.0, y[0]=818.0, toolType[0]=TOOL_TYPE_FINGER, buttonState=0, classification=NONE, metaState=0, flags=0x0, edgeFlags=0x0, pointerCount=1, historySize=0, eventTime=274898438, downTime=274898438, deviceId=4, source=0x1002, displayId=0, eventId=1043438051 }
06-21 03:06:59.214  2515  2515 D NoBackGesture: Start gesture: MotionEvent { action=ACTION_DOWN, actionButton=0, id[0]=0, x[0]=809.0, y[0]=818.0, toolType[0]=TOOL_TYPE_FINGER, buttonState=0, classification=NONE, metaState=0, flags=0x0, edgeFlags=0x0, pointerCount=1, historySize=0, eventTime=274898438, downTime=274898438, deviceId=4, source=0x1002, displayId=0, eventId=1043438051 }
06-21 03:06:59.214  2515  2515 D NoBackGesture: Not in side gesture area
06-21 03:06:59.214  1924  2227 D PowerManagerService: userActivityNoUpdateLocked: groupId=0, eventTime=274898438, event=2, flags=0x0, uid=1000
06-21 03:06:59.252  9718  9718 D MultiStateCallback: [104463003] Adding [STATE_END_TARGET_ANIMATION_FINISHED (2)] to [STATE_END_TARGET_SET, STATE_RECENTS_ANIMATION_INITIALIZED, STATE_RECENTS_ANIMATION_STARTED, STATE_RECENTS_SCROLLING_FINISHED (141)]
06-21 03:06:59.253  1924  5020 D VRR [OPlusRefreshRateService]:  setAppFrameRate [ 0 , com.maxmpz.audioplayer , false , lchr ]
06-21 03:06:59.253  1924  5020 D VRR [OPlusExternalRefreshRateManager]:  [FRTC] FrameRate : 0 com.maxmpz.audioplayer false version-2-lchr-specific-reset 0 0
06-21 03:06:59.253  1924  2092 D VRR [OPlusSurfaceFlingerController]:  add frtc FrameRate : 0 com.maxmpz.audioplayer false version-2-lchr-specific-reset
06-21 03:06:59.253  9718  9718 D MultiStateCallback: [142010014] Adding [STATE_SCALED_CONTROLLER_HOME, STATE_CAPTURE_SCREENSHOT (2080)] to [STATE_LAUNCHER_PRESENT, STATE_LAUNCHER_STARTED, STATE_LAUNCHER_DRAWN, STATE_LAUNCHER_BIND_TO_SERVICE, STATE_APP_CONTROLLER_RECEIVED, STATE_GESTURE_STARTED, STATE_GESTURE_COMPLETED (1311)]
06-21 03:06:59.253  1158  1216 D VRR [FRTC]: FRTC specific reset!
06-21 03:06:59.253  1158  1216 I VRR [FRTC]: setFrameRateTarget with [0, com.maxmpz.audioplayer, 0, version-2-lchr-specific-can-reset, 2, 0, 10134]
06-21 03:06:59.253  1158  1216 I VRR [FRTC]: setRate false { fps 1, proc_name com.maxmpz.audioplayer, strict_mode 0, description version-2-lchr-specific-can-reset, proc_id 6579, rate_status 0, backend Override, version 2, pid 0, uid 10134, enable at 2026-06-21 03:06:58, disable waiting }
06-21 03:06:59.253  1158  1399 D VRR [OTI-HW]: isStateReady 0
06-21 03:06:59.253  1158  1399 D VRR [OTI-HW]: rate range: min {id=0, hwcId=0, resolution=1080x2400, refreshRate=60.00 Hz, dpi=409.43x409.13, group=0} cur {id=0, hwcId=0, resolution=1080x2400, refreshRate=60.00 Hz, dpi=409.43x409.13, group=0} max {id=0, hwcId=0, resolution=1080x2400, refreshRate=60.00 Hz, dpi=409.43x409.13, group=0}
06-21 03:06:59.253  1158  1399 D VRR [OTI-HW]: keep rate.
06-21 03:06:59.257  9718  9718 I HM_APP_GAP: launcher.activity_exit_gesture end
06-21 03:06:59.262  1084  1144 I libPowerHal: [perfLockRel] hdl:65426, idx:3
06-21 03:06:59.262  2515  2654 D PipDismissTargetHandler: hide pip-dismiss-overlay, caller = com.android.wm.shell.pip.phone.PipTouchHandler$DefaultPipTouchGesture.onUp:873 com.android.wm.shell.pip.phone.PipTouchHandler.handleTouchEvent:600 com.android.wm.shell.pip.phone.PipController$$ExternalSyntheticLambda2.onInputEvent:2 com.android.wm.shell.pip.phone.PipInputConsumer$InputEventReceiver.onInputEvent:76 android.view.InputEventReceiver.dispatchInputEvent:281 
06-21 03:06:59.263  1084  1144 I libPowerHal: [PD] MTKPOWER_HINT_APP_TOUCH update cmd:3408600 param:0
06-21 03:06:59.277  1924  1951 D TaskChangeNotificationControllerExtImpl: Skip pass Snapshot to listener:android.app.ITaskStackListener$Stub$Proxy@3d97bf3
06-21 03:06:59.278  9718  9718 D MultiStateCallback: [142010014] Adding [STATE_SCREENSHOT_CAPTURED (4096)] to [STATE_LAUNCHER_PRESENT, STATE_LAUNCHER_STARTED, STATE_LAUNCHER_DRAWN, STATE_LAUNCHER_BIND_TO_SERVICE, STATE_APP_CONTROLLER_RECEIVED, STATE_SCALED_CONTROLLER_HOME, STATE_GESTURE_STARTED, STATE_GESTURE_COMPLETED, STATE_CAPTURE_SCREENSHOT (3391)]
06-21 03:06:59.279  9718  9718 D MultiStateCallback: [104463003] Adding [STATE_RECENTS_ANIMATION_FINISHED (32)] to [STATE_END_TARGET_SET, STATE_END_TARGET_ANIMATION_FINISHED, STATE_RECENTS_ANIMATION_INITIALIZED, STATE_RECENTS_ANIMATION_STARTED, STATE_RECENTS_SCROLLING_FINISHED (143)]
06-21 03:06:59.279  9718  9718 D MultiStateCallback: [104463003] Adding [STATE_RECENTS_ANIMATION_ENDED (64)] to [STATE_END_TARGET_SET, STATE_END_TARGET_ANIMATION_FINISHED, STATE_RECENTS_ANIMATION_INITIALIZED, STATE_RECENTS_ANIMATION_STARTED, STATE_RECENTS_ANIMATION_FINISHED, STATE_RECENTS_SCROLLING_FINISHED (175)]
06-21 03:06:59.279  1158  1223 D MDP     : DpAsyncBlit: in: job (610485 166) (256, 192, 8192, 4096, C12b, P1), sec0, flush 0 Buffer 403: plane=2 bufVA={0x231,0x231,0x0} bufMVA={0x0,0x0,0x0} bufSize={0xc000,0x6000,0x0} proxy={0xb400007d37445a00,0x0,0x0}fence=-1
06-21 03:06:59.279  1158  1223 D MDP     : DpAsyncBlit: out0: (222, 144, 224, 112, C8s, P1), misc: (X:0, Y:0, R:0, F:0, S:0, A:0, D:0), sec0, flush 0 Buffer 403: plane=3 bufVA={0x4bf,0x4bf,0x4bf} bufMVA={0x0,0x0,0x0} bufSize={0x7e00,0x1f80,0x1f80} proxy={0xb400007d379750c0,0x0,0x0}fence=-1
06-21 03:06:59.279  1158  1223 D MDP     : DpAsyncBlit: crop0: (0, 0, 222, 144, 0, 0, 0, 0)
06-21 03:06:59.287  1924  2986 I TaskOrganizerController: onTaskInfoChanged taskid 217 config { mBounds=Rect(0, 0 - 1080, 2400) mAppBounds=Rect(0, 110 - 1080, 2352) mMaxBounds=Rect(0, 0 - 1080, 2400) mDisplayRotation=ROTATION_0 mWindowingMode=fullscreen mDisplayWindowingMode=fullscreen mActivityType=recents mAlwaysOnTop=undefined mRotation=ROTATION_0}
06-21 03:06:59.294  9718 12093 D VRI[PopupWindow:b385076]: dispatchAppVisibility visible:false
06-21 03:06:59.294  1924  2986 V OplusZoomWindowManagerService: onAnimationFinished:  r = ActivityRecord{d25b u0 com.android.launcher/com.android.quickstep.RecentsActivity} t218}
06-21 03:06:59.294  9718 17579 D VRI[RecentsActivity]: dispatchAppVisibility visible:false
06-21 03:06:59.300  9718  9718 D OpenGLRenderer: RenderProxy::destroy: this=0xb40000758ef4d800, mContext=0xb400007586046740
06-21 03:06:59.300  9718 10128 D OpenGLRenderer: SkiaOpenGLPipeline::setSurface: this=0xb40000758b321700, surface=NULL
06-21 03:06:59.302  1924  2986 I TaskOrganizerController: onTaskInfoChanged taskid 217 config { mBounds=Rect(0, 0 - 1080, 2400) mAppBounds=Rect(0, 110 - 1080, 2352) mMaxBounds=Rect(0, 0 - 1080, 2400) mDisplayRotation=ROTATION_0 mWindowingMode=fullscreen mDisplayWindowingMode=fullscreen mActivityType=recents mAlwaysOnTop=undefined mRotation=ROTATION_0}
06-21 03:06:59.306  1924  1951 I PowerHalWrapper: amsBoostNotify pid:6579,activity:com.maxmpz.audioplayer.MainActivity, package:com.maxmpz.audioplayer, mProcessCreatePackcom.ethiomed.ethiomed 
06-21 03:06:59.306  1924  1951 I PowerHalWrapper: state: 0 
06-21 03:06:59.307  1924  1951 I mtkpower_client: [Legacy][PowerHal_Wrap_notifyAppState] com.maxmpz.audioplayer/com.maxmpz.audioplayer.MainActivity pid=6579 state:0
06-21 03:06:59.307  1924  1951 I game_scn: collectForegroundAppList packName=com.maxmpz.audioplayer, actName=com.maxmpz.audioplayer.MainActivity, pid=6579, uid=10134, state:PAUSED
06-21 03:06:59.307  1924  1951 I PowerHalWrapper: amsBoostNotify AMS_BOOST_PROCESS_CREATE_BOOST:false 
06-21 03:06:59.308  6579  6579 D VRI[MainActivity]: setWindowStopped stopped:true
06-21 03:06:59.308  1924  5020 V WindowManager: Relayout Window{5ca6832 u0 PopupWindow:b385076}: viewVisibility=8, oldvis=0, req=0x0
06-21 03:06:59.312  9718  9718 D BLASTBufferQueue: [VRI[PopupWindow:b385076][PopupWindow:b385076]#140](f:0,a:0) destructor()
06-21 03:06:59.312  9718  9718 D BufferQueueConsumer: [VRI[PopupWindow:b385076][PopupWindow:b385076]#140(BLAST Consumer)140](id:25f600000094,api:0,p:-1,c:9718) disconnect
06-21 03:06:59.312  9718  9718 D VRI[RecentsActivity]: setWindowStopped stopped:true
06-21 03:06:59.313  9718  9718 D VRI[PopupWindow:b385076]: setWindowStopped stopped:true
06-21 03:06:59.314  9718  9718 D MultiStateCallback: [142010014] Adding [STATE_CURRENT_TASK_FINISHED (65536)] to [STATE_LAUNCHER_PRESENT, STATE_LAUNCHER_STARTED, STATE_LAUNCHER_DRAWN, STATE_LAUNCHER_BIND_TO_SERVICE, STATE_APP_CONTROLLER_RECEIVED, STATE_SCALED_CONTROLLER_HOME, STATE_GESTURE_STARTED, STATE_GESTURE_COMPLETED, STATE_CAPTURE_SCREENSHOT, STATE_SCREENSHOT_CAPTURED (7487)]
06-21 03:06:59.314  9718  9718 D MultiStateCallback: [142010014] Adding [STATE_HANDLER_INVALIDATED (128)] to [STATE_LAUNCHER_PRESENT, STATE_LAUNCHER_STARTED, STATE_LAUNCHER_DRAWN, STATE_LAUNCHER_BIND_TO_SERVICE, STATE_APP_CONTROLLER_RECEIVED, STATE_SCALED_CONTROLLER_HOME, STATE_GESTURE_STARTED, STATE_GESTURE_COMPLETED, STATE_CAPTURE_SCREENSHOT, STATE_SCREENSHOT_CAPTURED, STATE_CURRENT_TASK_FINISHED (73023)]
06-21 03:06:59.316  9718  9718 D OpenGLRenderer: RenderProxy::destroy: this=0xb4000075c7b5d800, mContext=0xb4000075cb91b080
06-21 03:06:59.316  9718 10128 D OpenGLRenderer: SkiaOpenGLPipeline::setSurface: this=0xb4000075cb828300, surface=NULL
06-21 03:06:59.317  1924  1951 D OplusUIFirst_FB: com.android.launcher moveToBack 9718
06-21 03:06:59.318  6579  6579 I SurfaceView: 2917045 surfaceDestroyed
06-21 03:06:59.319  9718 10128 D BLASTBufferQueue: [VRI[RecentsActivity][com.android.launcher/com.android.quickstep.RecentsActivity]#139](f:0,a:1) destructor()
06-21 03:06:59.319  9718 10128 D BufferQueueConsumer: [VRI[RecentsActivity][com.android.launcher/com.android.quickstep.RecentsActivity]#139(BLAST Consumer)139](id:25f600000093,api:0,p:-1,c:9718) disconnect
06-21 03:06:59.319  1158  1158 D Layer   : reparent to null sequence=29586, seq[114], name=Surface(name=Task=272)/@0x67eb048 - animation-leash of recents_animation#29586
06-21 03:06:59.319  1158  1158 D Layer   : reparent to null sequence=29585, seq[40], name=Surface(name=Task=218)/@0xe73feaf - animation-leash of recents_animation#29585
06-21 03:06:59.319  1158  1158 D Layer   : reparent to null sequence=29587, seq[2], name=Surface(name=WallpaperWindowToken{4037581 token=android.os.Binder@bc03102})/@0xa2b923e - animation-leash of window_animation#29587
06-21 03:06:59.322  6579  6579 D BLASTBufferQueue: [SurfaceView[com.maxmpz.audioplayer/com.maxmpz.audioplayer.MainActivity]#137](f:0,a:1) destructor()
06-21 03:06:59.322  6579  6579 D BufferQueueConsumer: [SurfaceView[com.maxmpz.audioplayer/com.maxmpz.audioplayer.MainActivity]#137(BLAST Consumer)137](id:19b300000089,api:0,p:-1,c:6579) disconnect
06-21 03:06:59.325  1924  1951 D OplusUIFirst_FB: com.maxmpz.audioplayer moveToBack 6579
06-21 03:06:59.326  1924 17326 V WindowManager: Relayout Window{aedbb49 u0 com.android.launcher/com.android.quickstep.RecentsActivity}: viewVisibility=8, oldvis=0, req=1080x2400
06-21 03:06:59.331  1924 14112 I GED     : ged_boost_gpu_freq, level 100, eOrigin 2, final_idx 42, oppidx_max 42, oppidx_min 0
06-21 03:06:59.341  1924 17326 I WindowManager: Window{5ca6832 u0 PopupWindow:b385076} state from HAS_DRAWN to NO_SURFACE; reason: destroySurface
06-21 03:06:59.342  1924 17326 I WindowManager: Window{aedbb49 u0 com.android.launcher/com.android.quickstep.RecentsActivity} state from HAS_DRAWN to NO_SURFACE; reason: destroySurface
06-21 03:06:59.343  1924  2173 W UsageStatsService: Unexpected activity event reported! (com.android.launcher/com.android.quickstep.RecentsActivity event : 23 instanceId : 27042829)
06-21 03:06:59.343  6579  6579 I AppVisibilityProxy: onAppEnteredBackground
06-21 03:06:59.343  3471 32472 D OplusAtlas.OplusAtlasEventDispatch: setEvent:atlas_event_on_foreground_activities_changed info:pid:9718,uid:10107,hasForegroundActivities:0
06-21 03:06:59.344  5331  5390 V DeepThinker: ProcessManager: onForegroundActivitiesChanged pid:9718, uid:10107, foregroundActivities:false
06-21 03:06:59.344  3471  5204 D OplusAtlas.OplusAudioScene: callback success event:atlas_event_on_foreground_activities_changed eventInfo:pid:9718,uid:10107,hasForegroundActivities:0
06-21 03:06:59.344  3471  5471 D OplusAtlas.OplusMessageHandler: handleMessage: Msg { when=0 what=2 obj=com.oplus.atlas.OplusAtlasEvent@56b92a5 target=com.oplus.atlas.OplusMessageHandler$MyHandler }
06-21 03:06:59.349  6579  6579 D OpenGLRenderer: RenderProxy::destroy: this=0xb4000075e70f5400, mContext=0xb400007550889500
06-21 03:06:59.350  6579  7301 D OpenGLRenderer: SkiaOpenGLPipeline::setSurface: this=0xb400007597750a00, surface=NULL
06-21 03:06:59.352  1158  1158 D Layer   : reparent to null sequence=29589, seq[3], name=PopupWindow:b385076#29589
06-21 03:06:59.352  1158  1158 D Layer   : reparent to null sequence=29588, seq[6], name=com.android.launcher/com.android.quickstep.RecentsActivity#29588
06-21 03:06:59.353  6579  7301 D BLASTBufferQueue: [VRI[MainActivity][com.maxmpz.audioplayer/com.maxmpz.audioplayer.MainActivity]#136](f:0,a:1) destructor()
06-21 03:06:59.353  6579  7301 D BufferQueueConsumer: [VRI[MainActivity][com.maxmpz.audioplayer/com.maxmpz.audioplayer.MainActivity]#136(BLAST Consumer)136](id:19b300000088,api:0,p:-1,c:6579) disconnect
06-21 03:06:59.353  1158  1158 I BufferQueueDebug: [PopupWindow:b385076#29589](this:0xb400007d599dc9e8,id:-1,api:0,p:-1,c:1158) onDestructor()
06-21 03:06:59.353  1158  1158 I BufferQueueDebug: [com.android.launcher/com.android.quickstep.RecentsActivity#29588](this:0xb400007d599929e8,id:-1,api:0,p:-1,c:1158) onDestructor()
06-21 03:06:59.355  1924 17326 V WindowManager: Relayout Window{f0c1fda u0 com.maxmpz.audioplayer/com.maxmpz.audioplayer.MainActivity}: viewVisibility=4, oldvis=0, req=1080x2400
06-21 03:06:59.369 14190 14190 W DiscoveryManager: BroadcastReceiver is already registered
06-21 03:06:59.369 14190  5640 I DiscoveryManager: Discovery state (DiscoveryState{filterCriteria=[233637DE], categoryToCriteria={com.google.android.gms.cast.CATEGORY_CAST/233637DE///ALLOW_IPV6=[233637DE]}, activeScan=false, activeScanWithScreenOff=false, discoveryRequestSupportsDynamicSession=false})
06-21 03:06:59.370 14190  5640 W DatabaseProcessor: processLocalDevices: failed to get the network info with non-null networkId.
06-21 03:06:59.370 14190 14190 I CastMediaRouteProvider: Published 0 routes
06-21 03:06:59.371 14190 14190 I CastMediaRouteProvider: Published 0 routes
06-21 03:06:59.372  1924  2416 V ListServiceUtils: checkInListByUid start module:custom-icc uid:1000  time 274898599895us
06-21 03:06:59.373  1924  2416 V ListServiceUtils: checkInListByUid end module:custom-icc uid:1000  time 274898600916us
06-21 03:06:59.373  1924  2416 D ListServiceUtils: checkInListByUid module:custom-icc uid:1000 cost 1020us return 0
06-21 03:06:59.373  1924  2416 E ListServiceUtils: checkInListByUid module:custom-icc uid:1000 cost 1020us return 0
06-21 03:06:59.374  1389 20432 D MMListService: getListValueByUid module:image-processing, uid:1000
06-21 03:06:59.374  1084  1101 I mtkpower@impl: [setMode] type:6, enabled:0
06-21 03:06:59.374  1084  1101 E mtkpower@impl: [setMode] unknown type
06-21 03:06:59.374  1924  2416 V ListServiceUtils: checkInListByUid module:image-processing uid:1000 cost 542us return 0
06-21 03:06:59.374  1924  2416 V JpegEncoderExtImpl: Resolution: 1080 x 2400,support: 0;
06-21 03:06:59.377 14190 14190 W DiscoveryManager: BroadcastReceiver is already registered
06-21 03:06:59.380  6579  6579 W GlobalMediaRouter: Ignoring invalid provider descriptor: null
06-21 03:06:59.380  6579  6579 W GlobalMediaRouter: Ignoring invalid provider descriptor: null
06-21 03:06:59.381 14190  5640 I DiscoveryManager: Discovery state (DiscoveryState{filterCriteria=[233637DE], categoryToCriteria={com.google.android.gms.cast.CATEGORY_CAST/233637DE///ALLOW_IPV6=[233637DE]}, activeScan=false, activeScanWithScreenOff=false, discoveryRequestSupportsDynamicSession=false})
06-21 03:06:59.381  6579 17860 D VRI[MainActivity]: dispatchAppVisibility visible:false
06-21 03:06:59.382  1924 17326 I WindowManager: Window{f0c1fda u0 com.maxmpz.audioplayer/com.maxmpz.audioplayer.MainActivity} state from HAS_DRAWN to NO_SURFACE; reason: destroySurface
06-21 03:06:59.382  1924  2300 I serviceDiscovery: [MdnsDiscoveryManager] Unregistering listener for serviceType:_googlecast._tcp.local
06-21 03:06:59.382 14190  5640 W DatabaseProcessor: processLocalDevices: failed to get the network info with non-null networkId.
06-21 03:06:59.384  1924  2300 I serviceDiscovery: [MdnsDiscoveryManager] Unregistering listener for serviceType:_googlecast._tcp.local
06-21 03:06:59.385  1158  1158 D Layer   : reparent to null sequence=29576, seq[8], name=com.maxmpz.audioplayer/com.maxmpz.audioplayer.MainActivity#29576
06-21 03:06:59.385  5331  5390 V DeepThinker: ProcessManager: onForegroundActivitiesChanged pid:6579, uid:10134, foregroundActivities:false
06-21 03:06:59.385  1924  2300 I serviceDiscovery: [MdnsDiscoveryManager] Unregistering listener for serviceType:_googlecast._tcp.local
06-21 03:06:59.386  3471 32472 D OplusAtlas.OplusAtlasEventDispatch: setEvent:atlas_event_on_foreground_activities_changed info:pid:6579,uid:10134,hasForegroundActivities:0
06-21 03:06:59.387  1924  2300 I WifiService: releaseMulticastLock uid=1000
06-21 03:06:59.387  1924  2300 I serviceDiscovery: [MdnsSocketProvider] Stop monitoring sockets.
06-21 03:06:59.387  1924  2300 I TetheringManager: unregisterTetheringEventCallback caller:android
06-21 03:06:59.388  3471  5204 D OplusAtlas.OplusAudioScene: callback success event:atlas_event_on_foreground_activities_changed eventInfo:pid:6579,uid:10134,hasForegroundActivities:0
06-21 03:06:59.388  3471  5471 D OplusAtlas.OplusMessageHandler: handleMessage: Msg { when=0 what=2 obj=com.oplus.atlas.OplusAtlasEvent@619e67a target=com.oplus.atlas.OplusMessageHandler$MyHandler }
06-21 03:06:59.389  1924  5020 I WifiService: releaseMulticastLock uid=10131
06-21 03:06:59.390  2659 13648 D IpClient.wlan0: set max DTIM multiplier to 9
06-21 03:06:59.391 13641 13641 I wpa_supplicant: wpa_driver_nl80211_driver_cmd: wlan0 recv cmd RXFILTER-STOP
06-21 03:06:59.391 13641 13641 D wpa_supplicant: nl80211 test mode: ifindex=34
06-21 03:06:59.392 13641 13641 I wpa_supplicant: wpa_driver_nl80211_driver_cmd: wlan0 recv cmd RXFILTER-REMOVE 2
06-21 03:06:59.392 13641 13641 D wpa_supplicant: nl80211 test mode: ifindex=34
06-21 03:06:59.392  1924  5020 I WifiService: acquireMulticastLock uid=10131
06-21 03:06:59.393 13641 13641 I wpa_supplicant: wpa_driver_nl80211_driver_cmd: wlan0 recv cmd RXFILTER-START
06-21 03:06:59.393 13641 13641 D wpa_supplicant: nl80211 test mode: ifindex=34
06-21 03:06:59.393  2659 13648 D IpClient.wlan0: set max DTIM multiplier to 1
06-21 03:06:59.393 14190 14209 I MdnsServiceBrowser: (REDACTED) registering %s
06-21 03:06:59.394 13641 13641 I wpa_supplicant: wpa_driver_nl80211_driver_cmd: wlan0 recv cmd RXFILTER-STOP
06-21 03:06:59.394  1924  2300 I serviceDiscovery: [MdnsSocketProvider] Start monitoring sockets.
06-21 03:06:59.394 13641 13641 D wpa_supplicant: nl80211 test mode: ifindex=34
06-21 03:06:59.395 13641 13641 I wpa_supplicant: wpa_driver_nl80211_driver_cmd: wlan0 recv cmd RXFILTER-ADD 2
06-21 03:06:59.395 13641 13641 D wpa_supplicant: nl80211 test mode: ifindex=34
06-21 03:06:59.396 13641 13641 I wpa_supplicant: wpa_driver_nl80211_driver_cmd: wlan0 recv cmd RXFILTER-START
06-21 03:06:59.396 13641 13641 D wpa_supplicant: nl80211 test mode: ifindex=34
06-21 03:06:59.396  1924  5020 I WifiService: releaseMulticastLock uid=10131
06-21 03:06:59.397  2659 13648 D IpClient.wlan0: set max DTIM multiplier to 9
06-21 03:06:59.398 13641 13641 I wpa_supplicant: wpa_driver_nl80211_driver_cmd: wlan0 recv cmd RXFILTER-STOP
06-21 03:06:59.398 13641 13641 D wpa_supplicant: nl80211 test mode: ifindex=34
06-21 03:06:59.398  1924  2300 I TetheringManager: registerTetheringEventCallback caller:android
06-21 03:06:59.399  1924  5020 I WifiService: acquireMulticastLock uid=10131
06-21 03:06:59.399  1924  2300 I serviceDiscovery: [MdnsDiscoveryManager] Registering listener for serviceType: _googlecast._tcp.local
06-21 03:06:59.400  2659 13648 D IpClient.wlan0: set max DTIM multiplier to 1
06-21 03:06:59.400 14190 14209 I MdnsServiceBrowser: (REDACTED) registering %s
06-21 03:06:59.400  1924  2300 I serviceDiscovery: [MdnsDiscoveryManager] Registering listener for serviceType: _googlecast._tcp.local
06-21 03:06:59.400 13641 13641 I wpa_supplicant: wpa_driver_nl80211_driver_cmd: wlan0 recv cmd RXFILTER-REMOVE 2
06-21 03:06:59.400 13641 13641 D wpa_supplicant: nl80211 test mode: ifindex=34
06-21 03:06:59.401  1924  2300 I serviceDiscovery: [MdnsDiscoveryManager] Unregistering listener for serviceType:_googlecast._tcp.local
06-21 03:06:59.401  1158  1158 I BufferQueueDebug: [com.maxmpz.audioplayer/com.maxmpz.audioplayer.MainActivity#29576](this:0xb400007d2c3349e8,id:-1,api:0,p:-1,c:1158) onDestructor()
06-21 03:06:59.401  1924  2300 I serviceDiscovery: [MdnsDiscoveryManager] Unregistering listener for serviceType:_googlecast._tcp.local
06-21 03:06:59.401  1924  2300 I serviceDiscovery: [MdnsSocketProvider] Stop monitoring sockets.
06-21 03:06:59.402  1924  2300 I TetheringManager: unregisterTetheringEventCallback caller:android
06-21 03:06:59.402  1924  2300 W ConnectivityManager.CallbackHandler: callback not found for CALLBACK_AVAILABLE message
06-21 03:06:59.403  1924  2300 I serviceDiscovery: [MdnsSocketProvider] Start monitoring sockets.
06-21 03:06:59.403 13641 13641 I wpa_supplicant: wpa_driver_nl80211_driver_cmd: wlan0 recv cmd RXFILTER-START
06-21 03:06:59.403 13641 13641 D wpa_supplicant: nl80211 test mode: ifindex=34
06-21 03:06:59.403  1924  2300 I TetheringManager: registerTetheringEventCallback caller:android
06-21 03:06:59.403  1924  2300 I serviceDiscovery: [MdnsDiscoveryManager] Registering listener for serviceType: _googlecast._tcp.local
06-21 03:06:59.404  1924  2300 I serviceDiscovery: [MdnsDiscoveryManager] Registering listener for serviceType: _googlecast._tcp.local
06-21 03:06:59.404 13641 13641 I wpa_supplicant: wpa_driver_nl80211_driver_cmd: wlan0 recv cmd RXFILTER-STOP
06-21 03:06:59.404 13641 13641 D wpa_supplicant: nl80211 test mode: ifindex=34
06-21 03:06:59.406 13641 13641 I wpa_supplicant: wpa_driver_nl80211_driver_cmd: wlan0 recv cmd RXFILTER-ADD 2
06-21 03:06:59.406 13641 13641 D wpa_supplicant: nl80211 test mode: ifindex=34
06-21 03:06:59.407 13641 13641 I wpa_supplicant: wpa_driver_nl80211_driver_cmd: wlan0 recv cmd RXFILTER-START
06-21 03:06:59.407 13641 13641 D wpa_supplicant: nl80211 test mode: ifindex=34
06-21 03:06:59.408  1924  2296 D ConnectivityService: NetReassign [no changes] [c 1] [a 0] [i 9]
06-21 03:06:59.415  2515  2654 D PipTouchHandler: willResizeMenu, currentBounds = Rect(532, 689 - 1032, 1013), estimatedMinMenuSize = 432x318
06-21 03:06:59.415  1924  2296 D ConnectivityService: NetReassign [no changes] [c 1] [a 1] [i 5]
06-21 03:06:59.418  1924  5020 D WindowManager: grantEmbeddedWindowFocus embeddedWindow=Embedded{PipMenuView},grantFocus=true,inputToken=android.os.BinderProxy@8e23842
06-21 03:06:59.419  1924  2300 I WifiService: acquireMulticastLock uid=1000
06-21 03:06:59.420 13641 13641 I wpa_supplicant: wpa_driver_nl80211_driver_cmd: wlan0 recv cmd RXFILTER-STOP
06-21 03:06:59.420 13641 13641 D wpa_supplicant: nl80211 test mode: ifindex=34
06-21 03:06:59.420 13641 13641 I wpa_supplicant: wpa_driver_nl80211_driver_cmd: wlan0 recv cmd RXFILTER-ADD 2
06-21 03:06:59.420 13641 13641 D wpa_supplicant: nl80211 test mode: ifindex=34
06-21 03:06:59.422 13641 13641 I wpa_supplicant: wpa_driver_nl80211_driver_cmd: wlan0 recv cmd RXFILTER-START
06-21 03:06:59.422 13641 13641 D wpa_supplicant: nl80211 test mode: ifindex=34
06-21 03:06:59.429  2515  2654 D VRI[PipMenuView]: registerCallbacksForSync syncBuffer=true
06-21 03:06:59.433  2515  2704 D VRI[PipMenuView]: Received frameCommittedCallback lastAttemptedDrawFrameNum=21 didProduceBuffer=true syncBuffer=true
06-21 03:06:59.434  1924  5020 I FocusResolver: updateFocusedWindow, Embedded{PipMenuView} on display 0, reason: setFocusedWindow, result:   FocusedWindows:
06-21 03:06:59.434  1924  5020 I FocusResolver:     displayId=0, name='Embedded{PipMenuView}'
06-21 03:06:59.434  2515  2654 D VRI[PipMenuView]: draw finished.
06-21 03:06:59.434  7202  7202 D VRI[NovaLauncher]: onFocusEvent false
06-21 03:06:59.435  2515  2654 D VRI[PipMenuView]: onFocusEvent true
06-21 03:06:59.438  1924  5020 D InputMethodManagerService: isSecurity: attribute.packageName=com.android.systemui mCurMethodId=com.amharic.keyboard.for.android/com.example.android.softkeyboard.SoftKeyboard
06-21 03:06:59.438  1924  5020 D InputMethodManagerService: isSecurity= false (  enable=false needShow=false inBlackList=false isExist=true )
06-21 03:06:59.450  1158  1158 D Layer   : reparent to null sequence=29599, seq[3], name=Surface(name=3564be0 InputMethod)/@0x604460c - animation-leash of insets_animation#29599
06-21 03:06:59.454  1924  2416 W Bitmap  : Called getWidth() on a recycle()'d bitmap! This is undefined behavior!
06-21 03:06:59.454  1924  2416 W Bitmap  : Called getHeight() on a recycle()'d bitmap! This is undefined behavior!
06-21 03:06:59.466  1924  2416 V ListServiceUtils: checkInListByUid start module:custom-icc uid:1000  time 274898693707us
06-21 03:06:59.466  1924  2416 V ListServiceUtils: checkInListByUid end module:custom-icc uid:1000  time 274898693976us
06-21 03:06:59.466  1924  2416 D ListServiceUtils: checkInListByUid module:custom-icc uid:1000 cost 269us return 0
06-21 03:06:59.467  1389 20432 D MMListService: getListValueByUid module:image-processing, uid:1000
06-21 03:06:59.467  1924  2416 V ListServiceUtils: checkInListByUid module:image-processing uid:1000 cost 240us return 0
06-21 03:06:59.467  1924  2416 V JpegEncoderExtImpl: Resolution: 540 x 1200,support: 0;
06-21 03:06:59.471 14190 14190 I CastMediaRouteProvider: Published 0 routes
06-21 03:06:59.471 14190 14190 I CastMediaRouteProvider: Published 0 routes
06-21 03:06:59.514  9718  9718 D OplusBaseInputConsumerController: recreateInputConsumerIfNeed: input consumer maybe abnormal, so we recreate the input consumer [274898438, 274861325]
06-21 03:06:59.514  1924  5020 W InputManager-JNI: Input channel object 'recents_animation_input_consumer (client)' was disposed without first being removed with the input manager!
06-21 03:06:59.519  9718  9718 D OplusBaseInputConsumerController: createInputConsumer(), name=recents_animation_input_consumer, failed=false, retryCount=0
06-21 03:06:59.521  9718  9718 D InputEventReceiver: Input log is disabled
06-21 03:06:59.547  1158  1158 D Layer   : reparent to null sequence=29569, seq[4], name=Input Consumer recents_animation_input_consumer#29569
06-21 03:06:59.559  6579  6579 D OplusScrollToTopManager: com.maxmpz.audioplayer/com.maxmpz.audioplayer.MainActivity,This DecorView@99896c0[MainActivity] change focus to false
06-21 03:06:59.560  2515  2654 D PipTouchHandler: willResizeMenu, currentBounds = Rect(532, 689 - 1032, 1013), estimatedMinMenuSize = 432x318
06-21 03:06:59.561  2515  2654 D OplusScrollToTopManager: pip-dismiss-overlay,window dying
06-21 03:06:59.562  2515  2654 D OplusScrollToTopManager: pip-dismiss-overlay,unregisterGuidePopupDismissReceiverInSystemUI
06-21 03:06:59.562  2515  2654 D OplusScrollToTopManager: pip-dismiss-overlay,Receiver not registered: android.view.OplusScrollToTopManager$1@4fde2ed
06-21 03:06:59.562  2515  2654 V ZoomWindowDecorView: removeZoomView
06-21 03:06:59.562  1924  2986 D CoreBackPreview: Window{47fdd69 u0 pip-dismiss-overlay}: Setting back callback null
06-21 03:06:59.563  2515  2654 D OpenGLRenderer: RenderProxy::destroy: this=0xb4000075d9e80800, mContext=0xb40000753e4db180
06-21 03:06:59.563  2515  2704 D OpenGLRenderer: SkiaOpenGLPipeline::setSurface: this=0xb4000075b6c4db00, surface=NULL
